activity.c:48:7:blinker_blink_trigger_job	32	static
activity.c:111:7:gui_poll_job	32	static
activity.c:177:6:gui_send_tm_aoi_deliver	8	static
activity.c:210:7:gui_send_tm_aoi_job	48	static
activity.c:300:6:gui_send_tm_mcp_deliver	8	static
activity.c:333:7:gui_send_tm_mcp_job	48	static
activity.c:420:6:hal_toggle_led_deliver	8	static
activity.c:452:7:hal_toggle_led_job	48	static
activity.c:533:7:state_handler_entrypoint_poll_aoi_job	32	static
activity.c:598:7:state_handler_entrypoint_poll_mcp_job	32	static
activity.c:663:7:state_handler_entrypoint_toggle_pwr_job	32	static
activity.c:725:6:state_handler_entrypoint_trig_aoi_deliver	8	static
activity.c:757:7:state_handler_entrypoint_trig_aoi_job	48	static
activity.c:843:6:state_handler_entrypoint_trig_mcp_deliver	8	static
activity.c:875:7:state_handler_entrypoint_trig_mcp_job	48	static
activity.c:961:6:state_handler_entrypoint_trig_pwr_deliver	8	static
activity.c:993:7:state_handler_entrypoint_trig_pwr_job	48	static
activity.c:1064:6:__po_hi_main_deliver	16	static
activity.c:1115:6:__po_hi_main_initialize	80	dynamic,bounded
