State_Handler_Entrypoint.c:152:6:runTransitionState_Handler_Entrypoint.part.0	16	static
State_Handler_Entrypoint.c:19:6:CInitState_Handler_Entrypoint	8	static
State_Handler_Entrypoint.c:23:6:state_handler_entrypoint_PI_poll_aoi	8	static
State_Handler_Entrypoint.c:43:6:state_handler_entrypoint_PI_poll_mcp	8	static
State_Handler_Entrypoint.c:63:6:state_handler_entrypoint_PI_toggle_pwr	8	static
State_Handler_Entrypoint.c:84:6:state_handler_entrypoint_PI_trig_aoi	8	static
State_Handler_Entrypoint.c:104:6:state_handler_entrypoint_PI_trig_mcp	8	static
State_Handler_Entrypoint.c:124:6:state_handler_entrypoint_PI_trig_pwr	8	static
State_Handler_Entrypoint.c:152:6:runTransitionState_Handler_Entrypoint	8	static
State_Handler_Entrypoint.c:349:7:state_handler_entrypoint_state	8	static
