Archive member included to satisfy reference by file (symbol)

libmsp430_obc.a(hal_vm_if.o)  main.o (init_hal)
libmsp430_obc.a(loc_provider_vm_if.o)
                              main.o (init_loc_provider)
libmsp430_obc.a(msp430_eusci_a_serial_minimal.o)
                              main.o (msp430_eusci_a_serial_minimal_init)
libmsp430_obc.a(port.o)       libmsp430_obc.a(msp430_eusci_a_serial_minimal.o) (usCriticalNesting)
libmsp430_obc.a(queue.o)      main.o (xQueueGenericCreateStatic)
libmsp430_obc.a(state_handler_entrypoint_vm_if.o)
                              main.o (init_state_handler_entrypoint)
libmsp430_obc.a(tasks.o)      libmsp430_obc.a(port.o) (pxCurrentTCB)
libmsp430_obc.a(tc_provider_vm_if.o)
                              main.o (init_tc_provider)
libmsp430_obc.a(thread_hal_blink_led.o)
                              main.o (prv_hal_blink_led_Task)
libmsp430_obc.a(thread_state_handler_entrypoint_poll_aoi.o)
                              main.o (prv_state_handler_entrypoint_poll_aoi_Task)
libmsp430_obc.a(thread_state_handler_entrypoint_poll_mcp.o)
                              main.o (prv_state_handler_entrypoint_poll_mcp_Task)
libmsp430_obc.a(thread_state_handler_entrypoint_toggle_pwr.o)
                              main.o (prv_state_handler_entrypoint_toggle_pwr_Task)
libmsp430_obc.a(thread_state_handler_entrypoint_trig_aoi.o)
                              main.o (prv_state_handler_entrypoint_trig_aoi_Task)
libmsp430_obc.a(thread_state_handler_entrypoint_trig_mcp.o)
                              main.o (prv_state_handler_entrypoint_trig_mcp_Task)
libmsp430_obc.a(thread_state_handler_entrypoint_trig_pwr.o)
                              main.o (prv_state_handler_entrypoint_trig_pwr_Task)
libmsp430_obc.a(timers.o)     libmsp430_obc.a(tasks.o) (xTimerCreateTimerTask)
libmsp430_obc.a(tm_collection_vm_if.o)
                              main.o (init_tm_collection)
libmsp430_obc.a(transport.o)  libmsp430_obc.a(msp430_eusci_a_serial_minimal.o) (register_remote_transport_func)
libmsp430_obc.a(State_Handler_Entrypoint.o)
                              libmsp430_obc.a(state_handler_entrypoint_vm_if.o) (CInitState_Handler_Entrypoint)
libmsp430_obc.a(drivers_config.o)
                              libmsp430_obc.a(msp430_eusci_a_serial_minimal.o) (pohidrv_node_2_msp430_eusci_a_serial_minimal)
libmsp430_obc.a(hal.o)        libmsp430_obc.a(hal_vm_if.o) (hal_startup)
libmsp430_obc.a(list.o)       libmsp430_obc.a(queue.o) (vListInitialise)
libmsp430_obc.a(loc_provider.o)
                              libmsp430_obc.a(loc_provider_vm_if.o) (loc_provider_startup)
libmsp430_obc.a(msp430_obc_interface.o)
                              libmsp430_obc.a(thread_hal_blink_led.o) (call_hal_blink_led)
libmsp430_obc.a(state_handler_entrypoint_invoke_ri.o)
                              libmsp430_obc.a(State_Handler_Entrypoint.o) (state_handler_entrypoint_RI_request_loc)
libmsp430_obc.a(tc_provider.o)
                              libmsp430_obc.a(tc_provider_vm_if.o) (tc_provider_startup)
libmsp430_obc.a(tm_collection.o)
                              libmsp430_obc.a(tm_collection_vm_if.o) (tm_collection_startup)
/opt/msp430-gcc/bin/../lib/gcc/msp430-elf/8.3.1/large/full-memory-range/libgcc.a(lib2divSI.o)
                              libmsp430_obc.a(State_Handler_Entrypoint.o) (__mspabi_remul)
/opt/msp430-gcc/bin/../lib/gcc/msp430-elf/8.3.1/large/full-memory-range/libgcc.a(slli.o)
                              libmsp430_obc.a(tasks.o) (__mspabi_slll)
/opt/msp430-gcc/bin/../lib/gcc/msp430-elf/8.3.1/large/full-memory-range/libgcc.a(_udivdi3.o)
                              /opt/msp430-gcc/bin/../lib/gcc/msp430-elf/8.3.1/large/full-memory-range/libgcc.a(lib2divSI.o) (__mspabi_divull)
/opt/msp430-gcc/bin/../lib/gcc/msp430-elf/8.3.1/large/full-memory-range/libgcc.a(srli.o)
                              /opt/msp430-gcc/bin/../lib/gcc/msp430-elf/8.3.1/large/full-memory-range/libgcc.a(_udivdi3.o) (__mspabi_srlll)
/opt/msp430-gcc/bin/../lib/gcc/msp430-elf/8.3.1/large/full-memory-range/libgcc.a(_clzdi2.o)
                              /opt/msp430-gcc/bin/../lib/gcc/msp430-elf/8.3.1/large/full-memory-range/libgcc.a(_udivdi3.o) (__clzdi2)
/opt/msp430-gcc/bin/../lib/gcc/msp430-elf/8.3.1/large/full-memory-range/libgcc.a(_clz.o)
                              /opt/msp430-gcc/bin/../lib/gcc/msp430-elf/8.3.1/large/full-memory-range/libgcc.a(_clzdi2.o) (__clz_tab)
/opt/msp430-gcc/bin/../lib/gcc/msp430-elf/8.3.1/large/full-memory-range/libmul_f5.a(lib2hw_mul_f5.o)
                              libmsp430_obc.a(queue.o) (__mspabi_mpyul_f5hw)
/opt/msp430-gcc/bin/../lib/gcc/msp430-elf/8.3.1/../../../../msp430-elf/lib/large/full-memory-range/libc.a(lib_a-memcpy.o)
                              libmsp430_obc.a(msp430_eusci_a_serial_minimal.o) (memcpy)
/opt/msp430-gcc/bin/../lib/gcc/msp430-elf/8.3.1/../../../../msp430-elf/lib/large/full-memory-range/libc.a(lib_a-memset.o)
                              libmsp430_obc.a(tasks.o) (memset)
[...]
Memory Configuration

Name             Origin             Length             Attributes
SFR              0x0000000000000000 0x0000000000000010
BSL              0x0000000000001000 0x0000000000000800
RAM              0x0000000000001c00 0x0000000000000800
INFOMEM          0x0000000000001800 0x0000000000000200
INFOA            0x0000000000001980 0x0000000000000080
INFOB            0x0000000000001900 0x0000000000000080
INFOC            0x0000000000001880 0x0000000000000080
INFOD            0x0000000000001800 0x0000000000000080
ROM              0x0000000000004400 0x000000000000bb80 xr
HIFRAM           0x0000000000010000 0x0000000000003fff xrw
JTAGSIGNATURE    0x000000000000ff80 0x0000000000000004
BSLSIGNATURE     0x000000000000ff84 0x0000000000000004
IPESIGNATURE     0x000000000000ff88 0x0000000000000008
VECT1            0x000000000000ff90 0x0000000000000002
VECT2            0x000000000000ff92 0x0000000000000002
VECT3            0x000000000000ff94 0x0000000000000002
VECT4            0x000000000000ff96 0x0000000000000002
VECT5            0x000000000000ff98 0x0000000000000002
VECT6            0x000000000000ff9a 0x0000000000000002
VECT7            0x000000000000ff9c 0x0000000000000002
VECT8            0x000000000000ff9e 0x0000000000000002
VECT9            0x000000000000ffa0 0x0000000000000002
VECT10           0x000000000000ffa2 0x0000000000000002
VECT11           0x000000000000ffa4 0x0000000000000002
VECT12           0x000000000000ffa6 0x0000000000000002
VECT13           0x000000000000ffa8 0x0000000000000002
VECT14           0x000000000000ffaa 0x0000000000000002
VECT15           0x000000000000ffac 0x0000000000000002
VECT16           0x000000000000ffae 0x0000000000000002
VECT17           0x000000000000ffb0 0x0000000000000002
VECT18           0x000000000000ffb2 0x0000000000000002
VECT19           0x000000000000ffb4 0x0000000000000002
VECT20           0x000000000000ffb6 0x0000000000000002
VECT21           0x000000000000ffb8 0x0000000000000002
VECT22           0x000000000000ffba 0x0000000000000002
VECT23           0x000000000000ffbc 0x0000000000000002
VECT24           0x000000000000ffbe 0x0000000000000002
VECT25           0x000000000000ffc0 0x0000000000000002
VECT26           0x000000000000ffc2 0x0000000000000002
VECT27           0x000000000000ffc4 0x0000000000000002
VECT28           0x000000000000ffc6 0x0000000000000002
VECT29           0x000000000000ffc8 0x0000000000000002
VECT30           0x000000000000ffca 0x0000000000000002
VECT31           0x000000000000ffcc 0x0000000000000002
VECT32           0x000000000000ffce 0x0000000000000002
VECT33           0x000000000000ffd0 0x0000000000000002
VECT34           0x000000000000ffd2 0x0000000000000002
VECT35           0x000000000000ffd4 0x0000000000000002
VECT36           0x000000000000ffd6 0x0000000000000002
VECT37           0x000000000000ffd8 0x0000000000000002
VECT38           0x000000000000ffda 0x0000000000000002
VECT39           0x000000000000ffdc 0x0000000000000002
VECT40           0x000000000000ffde 0x0000000000000002
VECT41           0x000000000000ffe0 0x0000000000000002
VECT42           0x000000000000ffe2 0x0000000000000002
VECT43           0x000000000000ffe4 0x0000000000000002
VECT44           0x000000000000ffe6 0x0000000000000002
VECT45           0x000000000000ffe8 0x0000000000000002
VECT46           0x000000000000ffea 0x0000000000000002
VECT47           0x000000000000ffec 0x0000000000000002
VECT48           0x000000000000ffee 0x0000000000000002
VECT49           0x000000000000fff0 0x0000000000000002
VECT50           0x000000000000fff2 0x0000000000000002
VECT51           0x000000000000fff4 0x0000000000000002
VECT52           0x000000000000fff6 0x0000000000000002
VECT53           0x000000000000fff8 0x0000000000000002
VECT54           0x000000000000fffa 0x0000000000000002
VECT55           0x000000000000fffc 0x0000000000000002
RESETVEC         0x000000000000fffe 0x0000000000000002
*default*        0x0000000000000000 0xffffffffffffffff

Linker script and memory map

LOAD /opt/msp430-gcc/bin/../lib/gcc/msp430-elf/8.3.1/../../../../msp430-elf/lib/large/full-memory-range/crt0.o
LOAD /opt/msp430-gcc/bin/../lib/gcc/msp430-elf/8.3.1/large/full-memory-range/crtbegin_no_eh.o
LOAD main.o
LOAD libmsp430_obc.a
LOAD /opt/msp430-gcc/bin/../lib/gcc/msp430-elf/8.3.1/large/full-memory-range/libgcc.a
START GROUP
LOAD /opt/msp430-gcc/bin/../lib/gcc/msp430-elf/8.3.1/large/full-memory-range/libmul_f5.a
LOAD /opt/msp430-gcc/bin/../lib/gcc/msp430-elf/8.3.1/../../../../msp430-elf/lib/large/full-memory-range/libc.a
LOAD /opt/msp430-gcc/bin/../lib/gcc/msp430-elf/8.3.1/large/full-memory-range/libgcc.a
LOAD /opt/msp430-gcc/bin/../lib/gcc/msp430-elf/8.3.1/../../../../msp430-elf/lib/large/full-memory-range/libcrt.a
LOAD /opt/msp430-gcc/bin/../lib/gcc/msp430-elf/8.3.1/../../../../msp430-elf/lib/large/full-memory-range/libnosys.a
END GROUP
LOAD /opt/msp430-gcc/bin/../lib/gcc/msp430-elf/8.3.1/large/full-memory-range/libgcc.a
LOAD /opt/msp430-gcc/bin/../lib/gcc/msp430-elf/8.3.1/large/full-memory-range/crtend_no_eh.o
LOAD /opt/msp430-gcc/bin/../lib/gcc/msp430-elf/8.3.1/large/full-memory-range/libgcc.a

.jtagsignature

.bslsignature

.ipe
 *(.ipesignature)
 *(.jtagpassword)

__interrupt_vector_1
 *(__interrupt_vector_1)

__interrupt_vector_2
 *(__interrupt_vector_2)

__interrupt_vector_3
 *(__interrupt_vector_3)

__interrupt_vector_4
 *(__interrupt_vector_4)

__interrupt_vector_5
 *(__interrupt_vector_5)

__interrupt_vector_6
 *(__interrupt_vector_6)

__interrupt_vector_7
 *(__interrupt_vector_7)

__interrupt_vector_8
 *(__interrupt_vector_8)

__interrupt_vector_9
 *(__interrupt_vector_9)

__interrupt_vector_10
 *(__interrupt_vector_10)

__interrupt_vector_11
 *(__interrupt_vector_11)

__interrupt_vector_12
 *(__interrupt_vector_12)

__interrupt_vector_13
 *(__interrupt_vector_13)

__interrupt_vector_14
 *(__interrupt_vector_14)

__interrupt_vector_15
 *(__interrupt_vector_15)

__interrupt_vector_16
 *(__interrupt_vector_16)

__interrupt_vector_17
 *(__interrupt_vector_17)

__interrupt_vector_18
 *(__interrupt_vector_18)

__interrupt_vector_19
 *(__interrupt_vector_19)

__interrupt_vector_20
 *(__interrupt_vector_20)

__interrupt_vector_21
 *(__interrupt_vector_21)

__interrupt_vector_22
 *(__interrupt_vector_22)

__interrupt_vector_23
 *(__interrupt_vector_23)

__interrupt_vector_24
 *(__interrupt_vector_24)

__interrupt_vector_25
 *(__interrupt_vector_25)

__interrupt_vector_26
 *(__interrupt_vector_26)

__interrupt_vector_27
 *(__interrupt_vector_27)

__interrupt_vector_28
 *(__interrupt_vector_28)

__interrupt_vector_29
 *(__interrupt_vector_29)

__interrupt_vector_30
 *(__interrupt_vector_30)

__interrupt_vector_31
 *(__interrupt_vector_31)
 *(__interrupt_vector_aes256)

__interrupt_vector_32
 *(__interrupt_vector_32)
 *(__interrupt_vector_rtc)

__interrupt_vector_33
 *(__interrupt_vector_33)
 *(__interrupt_vector_port4)

__interrupt_vector_34
 *(__interrupt_vector_34)
 *(__interrupt_vector_port3)

__interrupt_vector_35
 *(__interrupt_vector_35)
 *(__interrupt_vector_timer3_a1)

__interrupt_vector_36
 *(__interrupt_vector_36)
 *(__interrupt_vector_timer3_a0)

__interrupt_vector_37
 *(__interrupt_vector_37)
 *(__interrupt_vector_port2)

__interrupt_vector_38
 *(__interrupt_vector_38)
 *(__interrupt_vector_timer2_a1)

__interrupt_vector_39
 *(__interrupt_vector_39)
 *(__interrupt_vector_timer2_a0)

__interrupt_vector_40
 *(__interrupt_vector_40)
 *(__interrupt_vector_port1)

__interrupt_vector_41
 *(__interrupt_vector_41)
 *(__interrupt_vector_timer1_a1)

__interrupt_vector_42
 *(__interrupt_vector_42)
 *(__interrupt_vector_timer1_a0)

__interrupt_vector_43
 *(__interrupt_vector_43)
 *(__interrupt_vector_dma)

__interrupt_vector_44
 *(__interrupt_vector_44)
 *(__interrupt_vector_usci_a1)

__interrupt_vector_45
 *(__interrupt_vector_45)
 *(__interrupt_vector_timer0_a1)

__interrupt_vector_46
                0x000000000000ffea        0x2
 *(__interrupt_vector_46)
 __interrupt_vector_46
                0x000000000000ffea        0x2 libmsp430_obc.a(port.o)
 *(__interrupt_vector_timer0_a0)

__interrupt_vector_47
 *(__interrupt_vector_47)
 *(__interrupt_vector_adc12)

__interrupt_vector_48
 *(__interrupt_vector_48)
 *(__interrupt_vector_usci_b0)

__interrupt_vector_49
                0x000000000000fff0        0x2
 *(__interrupt_vector_49)
 __interrupt_vector_49
                0x000000000000fff0        0x2 libmsp430_obc.a(msp430_eusci_a_serial_minimal.o)
 *(__interrupt_vector_usci_a0)

__interrupt_vector_50
 *(__interrupt_vector_50)
 *(__interrupt_vector_wdt)

__interrupt_vector_51
 *(__interrupt_vector_51)
 *(__interrupt_vector_timer0_b1)

__interrupt_vector_52
 *(__interrupt_vector_52)
 *(__interrupt_vector_timer0_b0)

__interrupt_vector_53
 *(__interrupt_vector_53)
 *(__interrupt_vector_comp_e)

__interrupt_vector_54
 *(__interrupt_vector_54)
 *(__interrupt_vector_unmi)

__interrupt_vector_55
 *(__interrupt_vector_55)
 *(__interrupt_vector_sysnmi)

__reset_vector  0x000000000000fffe        0x2
 *(__interrupt_vector_56)
 *(__interrupt_vector_reset)
 *(.resetvec)
 .resetvec      0x000000000000fffe        0x2 /opt/msp430-gcc/bin/../lib/gcc/msp430-elf/8.3.1/../../../../msp430-elf/lib/large/full-memory-range/crt0.o

.lower.rodata   0x0000000000004400        0x0
                0x0000000000004400                . = ALIGN (0x2)
 *(.lower.rodata.* .lower.rodata)

.rodata         0x0000000000004400        0x0
                0x0000000000004400                . = ALIGN (0x2)
 *(.plt)
 *(.rodata .rodata.* .gnu.linkonce.r.* .const .const:*)
 *(.rodata1)
 *(.gcc_except_table)
 *(.gcc_except_table.*)

.rodata2        0x0000000000004400       0x4c
                0x0000000000004400                . = ALIGN (0x2)
                [!provide]                        PROVIDE (__preinit_array_start, .)
 *(.preinit_array)
                [!provide]                        PROVIDE (__preinit_array_end, .)
                0x0000000000004400                . = ALIGN (0x2)
                [!provide]                        PROVIDE (__init_array_start, .)
 *(SORT(.init_array.*))
 *(.init_array)
                [!provide]                        PROVIDE (__init_array_end, .)
                0x0000000000004400                . = ALIGN (0x2)
                [!provide]                        PROVIDE (__fini_array_start, .)
 *(.fini_array)
 *(SORT(.fini_array.*))
                [!provide]                        PROVIDE (__fini_array_end, .)
                0x0000000000004400                . = ALIGN (0x2)
 *(.eh_frame_hdr)
 *(.eh_frame)
 .eh_frame      0x0000000000004400       0x48 /opt/msp430-gcc/bin/../lib/gcc/msp430-elf/8.3.1/large/full-memory-range/libgcc.a(_udivdi3.o)
 .eh_frame      0x0000000000004448        0x4 /opt/msp430-gcc/bin/../lib/gcc/msp430-elf/8.3.1/large/full-memory-range/crtend_no_eh.o
 *crtbegin*.o(.ctors)
 *(EXCLUDE_FILE(*crtend*.o) .ctors)
 *(SORT(.ctors.*))
 *(.ctors)
 *crtbegin*.o(.dtors)
 *(EXCLUDE_FILE(*crtend*.o) .dtors)
 *(SORT(.dtors.*))
 *(.dtors)

.upper.rodata   0x0000000000010000      0x40d
 *(.upper.rodata.* .upper.rodata)
 .upper.rodata  0x0000000000010000       0xdc main.o
 .upper.rodata  0x00000000000100dc        0xe libmsp430_obc.a(msp430_eusci_a_serial_minimal.o)
 .upper.rodata  0x00000000000100ea        0x5 libmsp430_obc.a(tasks.o)
 .upper.rodata  0x00000000000100ef       0x14 libmsp430_obc.a(thread_hal_blink_led.o)
 .upper.rodata  0x0000000000010103       0x28 libmsp430_obc.a(thread_state_handler_entrypoint_poll_aoi.o)
 .upper.rodata  0x000000000001012b       0x28 libmsp430_obc.a(thread_state_handler_entrypoint_poll_mcp.o)
 .upper.rodata  0x0000000000010153       0x2a libmsp430_obc.a(thread_state_handler_entrypoint_toggle_pwr.o)
 .upper.rodata  0x000000000001017d        0x8 libmsp430_obc.a(timers.o)
 .upper.rodata  0x0000000000010185      0x16e libmsp430_obc.a(State_Handler_Entrypoint.o)
 *fill*         0x00000000000102f3        0x1 
 .upper.rodata  0x00000000000102f4       0x4c libmsp430_obc.a(drivers_config.o)
                0x00000000000102f4                pohidrv_node_2_msp430_eusci_a_serial_minimal
                0x000000000001031a                pohidrv_node_1_serial
 .upper.rodata  0x0000000000010340       0x2f libmsp430_obc.a(loc_provider.o)
 .upper.rodata  0x000000000001036f        0x2 /opt/msp430-gcc/bin/../lib/gcc/msp430-elf/8.3.1/../../../../msp430-elf/lib/large/full-memory-range/libc.a(lib_a-puts.o)
 *fill*         0x0000000000010371        0x1 
 .upper.rodata.__sf_fake_stderr
                0x0000000000010372       0x18 /opt/msp430-gcc/bin/../lib/gcc/msp430-elf/8.3.1/../../../../msp430-elf/lib/large/full-memory-range/libc.a(lib_a-findfp.o)
                0x0000000000010372                __sf_fake_stderr
 .upper.rodata.__sf_fake_stdout
                0x000000000001038a       0x18 /opt/msp430-gcc/bin/../lib/gcc/msp430-elf/8.3.1/../../../../msp430-elf/lib/large/full-memory-range/libc.a(lib_a-findfp.o)
                0x000000000001038a                __sf_fake_stdout
 .upper.rodata.__sf_fake_stdin
                0x00000000000103a2       0x18 /opt/msp430-gcc/bin/../lib/gcc/msp430-elf/8.3.1/../../../../msp430-elf/lib/large/full-memory-range/libc.a(lib_a-findfp.o)
                0x00000000000103a2                __sf_fake_stdin
 .upper.rodata._global_impure_ptr
                0x00000000000103ba        0x4 /opt/msp430-gcc/bin/../lib/gcc/msp430-elf/8.3.1/../../../../msp430-elf/lib/large/full-memory-range/libc.a(lib_a-impure.o)
                0x00000000000103ba                _global_impure_ptr
 .upper.rodata  0x00000000000103be        0x2 /opt/msp430-gcc/bin/../lib/gcc/msp430-elf/8.3.1/../../../../msp430-elf/lib/large/full-memory-range/libc.a(lib_a-impure.o)
 .upper.rodata  0x00000000000103c0       0x11 /opt/msp430-gcc/bin/../lib/gcc/msp430-elf/8.3.1/../../../../msp430-elf/lib/large/full-memory-range/libc.a(lib_a-nano-vfprintf.o)
 .upper.rodata  0x00000000000103d1       0x22 /opt/msp430-gcc/bin/../lib/gcc/msp430-elf/8.3.1/../../../../msp430-elf/lib/large/full-memory-range/libc.a(lib_a-nano-vfprintf_i.o)
 .upper.rodata  0x00000000000103f3       0x1a /opt/msp430-gcc/bin/../lib/gcc/msp430-elf/8.3.1/../../../../msp430-elf/lib/large/full-memory-range/libnosys.a(sbrk.o)

.persistent     0x000000000000444c     0x2942
                0x000000000000444c                . = ALIGN (0x2)
                [!provide]                        PROVIDE (__persistent_start, .)
 *(.persistent)
 .persistent    0x000000000000444c     0x26d0 main.o
                0x00000000000049b0                state_handler_entrypoint_trig_pwr_Global_Queue
                0x0000000000004f18                state_handler_entrypoint_trig_mcp_Global_Queue
                0x0000000000005480                state_handler_entrypoint_trig_aoi_Global_Queue
                0x0000000000005910                state_handler_entrypoint_toggle_pwr_Global_Queue
                0x0000000000005da0                state_handler_entrypoint_poll_mcp_Global_Queue
                0x0000000000006230                state_handler_entrypoint_poll_aoi_Global_Queue
                0x00000000000066c0                hal_blink_led_Global_Queue
                0x00000000000066c4                prv_tc_provider_Semaphore_Buffer
                0x0000000000006700                tc_provider_Semaphore
                0x0000000000006704                prv_tm_collection_Semaphore_Buffer
                0x0000000000006740                tm_collection_Semaphore
                0x0000000000006744                prv_loc_provider_Semaphore_Buffer
                0x0000000000006780                loc_provider_Semaphore
                0x0000000000006784                prv_state_handler_entrypoint_Semaphore_Buffer
                0x00000000000067c0                state_handler_entrypoint_Semaphore
                0x00000000000067c4                prv_hal_Semaphore_Buffer
                0x0000000000006800                hal_Semaphore
                0x0000000000006804                xTimerTaskStack
                0x0000000000006958                xTimerTaskTCB
                0x0000000000006990                xIdleTaskStack
                0x0000000000006ae4                xIdleTaskTCB
 .persistent    0x0000000000006b1c      0x18c libmsp430_obc.a(msp430_eusci_a_serial_minimal.o)
                0x0000000000006b1c                prv_msp430_eusci_a_serial_minimal_poller_tcb
                0x0000000000006b54                prv_msp430_eusci_a_serial_minimal_poller_stack
 .persistent    0x0000000000006ca8       0x2a libmsp430_obc.a(thread_hal_blink_led.o)
                0x0000000000006ca8                prv_hal_blink_led_Timer
                0x0000000000006cac                prv_hal_blink_led_Timer_Buffer
 .persistent    0x0000000000006cd2       0x2a libmsp430_obc.a(thread_state_handler_entrypoint_poll_aoi.o)
                0x0000000000006cd2                prv_state_handler_entrypoint_poll_aoi_Timer
                0x0000000000006cd6                prv_state_handler_entrypoint_poll_aoi_Timer_Buffer
 .persistent    0x0000000000006cfc       0x2a libmsp430_obc.a(thread_state_handler_entrypoint_poll_mcp.o)
                0x0000000000006cfc                prv_state_handler_entrypoint_poll_mcp_Timer
                0x0000000000006d00                prv_state_handler_entrypoint_poll_mcp_Timer_Buffer
 .persistent    0x0000000000006d26       0x2a libmsp430_obc.a(thread_state_handler_entrypoint_toggle_pwr.o)
                0x0000000000006d26                prv_state_handler_entrypoint_toggle_pwr_Timer
                0x0000000000006d2a                prv_state_handler_entrypoint_toggle_pwr_Timer_Buffer
 .persistent    0x0000000000006d50        0x4 libmsp430_obc.a(transport.o)
 .persistent    0x0000000000006d54       0x3a libmsp430_obc.a(State_Handler_Entrypoint.o)
                0x0000000000006d54                state_handler_entrypoint_context
                0x0000000000006d8e                . = ALIGN (0x2)
                [!provide]                        PROVIDE (__persistent_end, .)

.lower.data     0x0000000000001c00        0x0 load address 0x0000000000006d8e
                0x0000000000001c00                . = ALIGN (0x2)
                0x0000000000001c00                PROVIDE (__datastart, .)
 *(.lower.data.* .lower.data)

.data           0x0000000000001c00        0x0 load address 0x0000000000006d8e
                0x0000000000001c00                . = ALIGN (0x2)
 *(.jcr)
 *(.data.rel.ro.local)
 *(.data.rel.ro*)
 *(.dynamic)
 *(.data .data.* .gnu.linkonce.d.*)
 *(.gnu.linkonce.d.*personality*)
 *(.data1)
 *(.got.plt)
 *(.got)
                0x0000000000001c00                . = ALIGN (0x2)
 *(.sdata .sdata.* .gnu.linkonce.s.* D_2 D_1)
                0x0000000000001c00                . = ALIGN (0x2)
                0x0000000000001c00                _edata = .
                [!provide]                        PROVIDE (edata, .)
                [!provide]                        PROVIDE (__dataend, .)
                0x0000000000006d8e                PROVIDE (__romdatastart, LOADADDR (.lower.data))
                0x0000000000000000                PROVIDE (__romdatacopysize, (SIZEOF (.lower.data) + SIZEOF (.data)))

.upper.data     0x000000000001040e      0x15d load address 0x0000000000006d8e
                0x0000000000006d8e                __upper_data_init = LOADADDR (.upper.data)
                0x000000000001040e        0x2 SHORT 0x1
                0x0000000000010410                __high_datastart = .
 *(.upper.data.* .upper.data)
 .upper.data    0x0000000000010410        0x2 libmsp430_obc.a(port.o)
                0x0000000000010410                usCriticalNesting
 .upper.data._impure_ptr
                0x0000000000010412        0x4 /opt/msp430-gcc/bin/../lib/gcc/msp430-elf/8.3.1/../../../../msp430-elf/lib/large/full-memory-range/libc.a(lib_a-impure.o)
                0x0000000000010412                _impure_ptr
 .upper.data.impure_data
                0x0000000000010416       0xe0 /opt/msp430-gcc/bin/../lib/gcc/msp430-elf/8.3.1/../../../../msp430-elf/lib/large/full-memory-range/libc.a(lib_a-impure.o)
 .upper.data.lc_ctype_charset
                0x00000000000104f6       0x20 /opt/msp430-gcc/bin/../lib/gcc/msp430-elf/8.3.1/../../../../msp430-elf/lib/large/full-memory-range/libc.a(lib_a-locale.o)
 .upper.data.__mb_cur_max
                0x0000000000010516        0x2 /opt/msp430-gcc/bin/../lib/gcc/msp430-elf/8.3.1/../../../../msp430-elf/lib/large/full-memory-range/libc.a(lib_a-locale.o)
                0x0000000000010516                __mb_cur_max
 .upper.data.__wctomb
                0x0000000000010518        0x4 /opt/msp430-gcc/bin/../lib/gcc/msp430-elf/8.3.1/../../../../msp430-elf/lib/large/full-memory-range/libc.a(lib_a-wctomb_r.o)
                0x0000000000010518                __wctomb
 .upper.data.heap.1463
                0x000000000001051c        0x4 /opt/msp430-gcc/bin/../lib/gcc/msp430-elf/8.3.1/../../../../msp430-elf/lib/large/full-memory-range/libnosys.a(sbrk.o)
 .upper.data    0x0000000000010520       0x4b /opt/msp430-gcc/bin/../lib/gcc/msp430-elf/8.3.1/../../../../msp430-elf/lib/large/full-memory-range/libnosys.a(cio.o)
                0x0000000000010520                __CIOBUF__
                0x0000000000010520                _CIOBUF_
                0x000000000001056b                __high_dataend = .
                0x000000000000015b                __rom_highdatacopysize = (SIZEOF (.upper.data) - 0x2)
                0x0000000000006d90                __rom_highdatastart = (LOADADDR (.upper.data) + 0x2)

.lower.bss      0x0000000000001c00        0x0
                0x0000000000001c00                . = ALIGN (0x2)
                0x0000000000001c00                PROVIDE (__bssstart, .)
 *(.lower.bss.* .lower.bss)

.bss            0x0000000000001c00        0x2
                0x0000000000001c00                . = ALIGN (0x2)
 *(.dynbss)
 *(.sbss .sbss.*)
 *(.bss .bss.* .gnu.linkonce.b.*)
                0x0000000000001c00                . = ALIGN (0x2)
 *(COMMON)
 COMMON         0x0000000000001c00        0x2 /opt/msp430-gcc/bin/../lib/gcc/msp430-elf/8.3.1/../../../../msp430-elf/lib/large/full-memory-range/libc.a(lib_a-reent.o)
                0x0000000000001c00                errno
                [!provide]                        PROVIDE (__bssend, .)
                0x0000000000000002                PROVIDE (__bsssize, (SIZEOF (.lower.bss) + SIZEOF (.bss)))

.upper.bss      0x000000000001056c      0x244
                0x000000000001056c                . = ALIGN (0x2)
                0x000000000001056c                __high_bssstart = .
 *(.upper.bss.* .upper.bss)
 .upper.bss     0x000000000001056c        0x2 libmsp430_obc.a(hal_vm_if.o)
                0x000000000001056c                hal_initialized
 .upper.bss     0x000000000001056e        0x2 libmsp430_obc.a(loc_provider_vm_if.o)
                0x000000000001056e                loc_provider_initialized
 .upper.bss     0x0000000000010570       0xf8 libmsp430_obc.a(msp430_eusci_a_serial_minimal.o)
 .upper.bss     0x0000000000010668        0x2 libmsp430_obc.a(state_handler_entrypoint_vm_if.o)
                0x0000000000010668                state_handler_entrypoint_initialized
 .upper.bss     0x000000000001066a       0xb0 libmsp430_obc.a(tasks.o)
 .upper.bss     0x000000000001071a        0x4 libmsp430_obc.a(tasks.o)
                0x000000000001071a                pxCurrentTCB
 .upper.bss     0x000000000001071e        0x2 libmsp430_obc.a(tc_provider_vm_if.o)
                0x000000000001071e                tc_provider_initialized
 .upper.bss     0x0000000000010720       0x7e libmsp430_obc.a(timers.o)
 .upper.bss     0x000000000001079e        0x2 libmsp430_obc.a(tm_collection_vm_if.o)
                0x000000000001079e                tm_collection_initialized
 .upper.bss     0x00000000000107a0        0x4 libmsp430_obc.a(loc_provider.o)
 .upper.bss     0x00000000000107a4        0x4 libmsp430_obc.a(tc_provider.o)
 .upper.bss.__malloc_sbrk_start
                0x00000000000107a8        0x4 /opt/msp430-gcc/bin/../lib/gcc/msp430-elf/8.3.1/../../../../msp430-elf/lib/large/full-memory-range/libc.a(lib_a-nano-mallocr.o)
                0x00000000000107a8                __malloc_sbrk_start
 .upper.bss.__malloc_free_list
                0x00000000000107ac        0x4 /opt/msp430-gcc/bin/../lib/gcc/msp430-elf/8.3.1/../../../../msp430-elf/lib/large/full-memory-range/libc.a(lib_a-nano-mallocr.o)
                0x00000000000107ac                __malloc_free_list
                0x00000000000107b0                . = ALIGN (0x2)
                0x00000000000107b0                __high_bssend = .
                0x0000000000000244                __high_bsssize = SIZEOF (.upper.bss)

.noinit         0x0000000000001c02        0x0
                0x0000000000001c02                . = ALIGN (0x2)
                [!provide]                        PROVIDE (__noinit_start, .)
 *(.noinit)
                0x0000000000001c02                . = ALIGN (0x2)
                [!provide]                        PROVIDE (__noinit_end, .)

.heap           0x0000000000001c02        0x4
                0x0000000000001c02                . = ALIGN (0x2)
                0x0000000000001c02                __heap_start__ = .
                0x0000000000001c02                _end = __heap_start__
                0x0000000000001c02                PROVIDE (end, .)
 *(.heap)
                0x0000000000001c02                _end = .
                [!provide]                        PROVIDE (end, .)
                0x0000000000001c02        0x4 LONG 0x0
                0x0000000000001c06                __heap_end__ = .
                0x0000000000001c06                __HeapLimit = __heap_end__

.stack          0x0000000000002400        0x0
                0x0000000000002400                PROVIDE (__stack, .)
 *(.stack)

.lower.text     0x0000000000006eec     0x53aa
                0x0000000000006eec                . = ALIGN (0x2)
 *(.lower.text.* .lower.text)
 .either.text.vApplicationStackOverflowHook
                0x0000000000006eec        0xa main.o
                0x0000000000006eec                vApplicationStackOverflowHook
 .either.text.vApplicationSetupTimerInterrupt
                0x0000000000006ef6       0x34 main.o
                0x0000000000006ef6                vApplicationSetupTimerInterrupt
 .either.text.vApplicationGetIdleTaskMemory
                0x0000000000006f2a       0x1c main.o
                0x0000000000006f2a                vApplicationGetIdleTaskMemory
 .either.text.vApplicationGetTimerTaskMemory
                0x0000000000006f46       0x1c main.o
                0x0000000000006f46                vApplicationGetTimerTaskMemory
 .either.text.startup.main
                0x0000000000006f62      0x276 main.o
                0x0000000000006f62                main
 .either.text.init_hal
                0x00000000000071d8       0x1a libmsp430_obc.a(hal_vm_if.o)
                0x00000000000071d8                init_hal
 .either.text.hal_blink_led
                0x00000000000071f2        0x6 libmsp430_obc.a(hal_vm_if.o)
                0x00000000000071f2                hal_blink_led
 .either.text.init_loc_provider
                0x00000000000071f8       0x1a libmsp430_obc.a(loc_provider_vm_if.o)
                0x00000000000071f8                init_loc_provider
 .either.text.loc_provider_request_loc
                0x0000000000007212        0x6 libmsp430_obc.a(loc_provider_vm_if.o)
                0x0000000000007212                loc_provider_request_loc
 .either.text.uart_setup_baudrate.part.3
                0x0000000000007218       0x1a libmsp430_obc.a(msp430_eusci_a_serial_minimal.o)
 .either.text.uart_putc
                0x0000000000007232       0x32 libmsp430_obc.a(msp430_eusci_a_serial_minimal.o)
 .either.text.msp430_eusci_a_serial_minimal_sender
                0x0000000000007264       0xd8 libmsp430_obc.a(msp430_eusci_a_serial_minimal.o)
                0x0000000000007264                msp430_eusci_a_serial_minimal_sender
 .either.text.process_packet
                0x000000000000733c       0x5c libmsp430_obc.a(msp430_eusci_a_serial_minimal.o)
                0x000000000000733c                process_packet
 .either.text.msp430_eusci_a_serial_minimal_poller
                0x0000000000007398       0xc2 libmsp430_obc.a(msp430_eusci_a_serial_minimal.o)
                0x0000000000007398                msp430_eusci_a_serial_minimal_poller
 .either.text.msp430_eusci_a_serial_minimal_init
                0x000000000000745a      0x1e8 libmsp430_obc.a(msp430_eusci_a_serial_minimal.o)
                0x000000000000745a                msp430_eusci_a_serial_minimal_init
 .either.text.pxPortInitialiseStack
                0x0000000000007642       0x3a libmsp430_obc.a(port.o)
                0x0000000000007642                pxPortInitialiseStack
 .either.text.xPortStartScheduler
                0x000000000000767c       0x24 libmsp430_obc.a(port.o)
                0x000000000000767c                xPortStartScheduler
 .either.text.vPortYield
                0x00000000000076a0       0x3e libmsp430_obc.a(port.o)
                0x00000000000076a0                vPortYield
 .either.text.vPortPreemptiveTickISR
                0x00000000000076de       0x42 libmsp430_obc.a(port.o)
                0x00000000000076de                vPortPreemptiveTickISR
 .either.text.prvCopyDataToQueue
                0x0000000000007720       0xaa libmsp430_obc.a(queue.o)
 .either.text.prvCopyDataFromQueue
                0x00000000000077ca       0x38 libmsp430_obc.a(queue.o)
 .either.text.prvUnlockQueue
                0x0000000000007802       0xd8 libmsp430_obc.a(queue.o)
 .either.text.prvIsQueueEmpty
                0x00000000000078da       0x3a libmsp430_obc.a(queue.o)
 .either.text.xQueueGenericReset
                0x0000000000007914       0xb0 libmsp430_obc.a(queue.o)
                0x0000000000007914                xQueueGenericReset
 .either.text.xQueueGenericCreateStatic
                0x00000000000079c4       0x92 libmsp430_obc.a(queue.o)
                0x00000000000079c4                xQueueGenericCreateStatic
 .either.text.xQueueGenericSend
                0x0000000000007a56      0x214 libmsp430_obc.a(queue.o)
                0x0000000000007a56                xQueueGenericSend
 .either.text.xQueueCreateMutexStatic
                0x0000000000007c6a       0x46 libmsp430_obc.a(queue.o)
                0x0000000000007c6a                xQueueCreateMutexStatic
 .either.text.xQueueGenericSendFromISR
                0x0000000000007cb0       0x9a libmsp430_obc.a(queue.o)
                0x0000000000007cb0                xQueueGenericSendFromISR
 .either.text.xQueueGiveFromISR
                0x0000000000007d4a       0x90 libmsp430_obc.a(queue.o)
                0x0000000000007d4a                xQueueGiveFromISR
 .either.text.xQueueReceive
                0x0000000000007dda      0x1d4 libmsp430_obc.a(queue.o)
                0x0000000000007dda                xQueueReceive
 .either.text.xQueueSemaphoreTake
                0x0000000000007fae      0x276 libmsp430_obc.a(queue.o)
                0x0000000000007fae                xQueueSemaphoreTake
 .either.text.vQueueWaitForMessageRestricted
                0x0000000000008224       0x64 libmsp430_obc.a(queue.o)
                0x0000000000008224                vQueueWaitForMessageRestricted
 .either.text.init_state_handler_entrypoint
                0x0000000000008288       0x3e libmsp430_obc.a(state_handler_entrypoint_vm_if.o)
                0x0000000000008288                init_state_handler_entrypoint
 .either.text.state_handler_entrypoint_poll_aoi
                0x00000000000082c6        0x6 libmsp430_obc.a(state_handler_entrypoint_vm_if.o)
                0x00000000000082c6                state_handler_entrypoint_poll_aoi
 .either.text.state_handler_entrypoint_poll_mcp
                0x00000000000082cc        0x6 libmsp430_obc.a(state_handler_entrypoint_vm_if.o)
                0x00000000000082cc                state_handler_entrypoint_poll_mcp
 .either.text.state_handler_entrypoint_toggle_pwr
                0x00000000000082d2        0x6 libmsp430_obc.a(state_handler_entrypoint_vm_if.o)
                0x00000000000082d2                state_handler_entrypoint_toggle_pwr
 .either.text.state_handler_entrypoint_trig_aoi
                0x00000000000082d8        0x6 libmsp430_obc.a(state_handler_entrypoint_vm_if.o)
                0x00000000000082d8                state_handler_entrypoint_trig_aoi
 .either.text.state_handler_entrypoint_trig_mcp
                0x00000000000082de        0x6 libmsp430_obc.a(state_handler_entrypoint_vm_if.o)
                0x00000000000082de                state_handler_entrypoint_trig_mcp
 .either.text.state_handler_entrypoint_trig_pwr
                0x00000000000082e4        0x6 libmsp430_obc.a(state_handler_entrypoint_vm_if.o)
                0x00000000000082e4                state_handler_entrypoint_trig_pwr
 .either.text.prvIdleTask
                0x00000000000082ea       0x1a libmsp430_obc.a(tasks.o)
 .either.text.prvResetNextTaskUnblockTime
                0x0000000000008304       0x3c libmsp430_obc.a(tasks.o)
 .either.text.prvAddCurrentTaskToDelayedList.isra.2
                0x0000000000008340       0x8a libmsp430_obc.a(tasks.o)
 .either.text.xTaskCreateStatic
                0x00000000000083ca      0x21a libmsp430_obc.a(tasks.o)
                0x00000000000083ca                xTaskCreateStatic
 .either.text.vTaskStartScheduler
                0x00000000000085e4       0x9e libmsp430_obc.a(tasks.o)
                0x00000000000085e4                vTaskStartScheduler
 .either.text.vTaskSuspendAll
                0x0000000000008682        0x8 libmsp430_obc.a(tasks.o)
                0x0000000000008682                vTaskSuspendAll
 .either.text.xTaskGetTickCount
                0x000000000000868a       0x3a libmsp430_obc.a(tasks.o)
                0x000000000000868a                xTaskGetTickCount
 .either.text.xTaskIncrementTick
                0x00000000000086c4      0x198 libmsp430_obc.a(tasks.o)
                0x00000000000086c4                xTaskIncrementTick
 .either.text.xTaskResumeAll
                0x000000000000885c      0x12c libmsp430_obc.a(tasks.o)
                0x000000000000885c                xTaskResumeAll
 .either.text.vTaskSwitchContext
                0x0000000000008988      0x11e libmsp430_obc.a(tasks.o)
                0x0000000000008988                vTaskSwitchContext
 .either.text.vTaskPlaceOnEventList
                0x0000000000008aa6       0x2e libmsp430_obc.a(tasks.o)
                0x0000000000008aa6                vTaskPlaceOnEventList
 .either.text.vTaskPlaceOnEventListRestricted
                0x0000000000008ad4       0x38 libmsp430_obc.a(tasks.o)
                0x0000000000008ad4                vTaskPlaceOnEventListRestricted
 .either.text.xTaskRemoveFromEventList
                0x0000000000008b0c       0xae libmsp430_obc.a(tasks.o)
                0x0000000000008b0c                xTaskRemoveFromEventList
 .either.text.vTaskInternalSetTimeOutState
                0x0000000000008bba       0x1e libmsp430_obc.a(tasks.o)
                0x0000000000008bba                vTaskInternalSetTimeOutState
 .either.text.xTaskCheckForTimeOut
                0x0000000000008bd8       0xc4 libmsp430_obc.a(tasks.o)
                0x0000000000008bd8                xTaskCheckForTimeOut
 .either.text.vTaskMissedYield
                0x0000000000008c9c        0x8 libmsp430_obc.a(tasks.o)
                0x0000000000008c9c                vTaskMissedYield
 .either.text.xTaskGetSchedulerState
                0x0000000000008ca4       0x24 libmsp430_obc.a(tasks.o)
                0x0000000000008ca4                xTaskGetSchedulerState
 .either.text.xTaskPriorityInherit
                0x0000000000008cc8       0xdc libmsp430_obc.a(tasks.o)
                0x0000000000008cc8                xTaskPriorityInherit
 .either.text.xTaskPriorityDisinherit
                0x0000000000008da4       0xb0 libmsp430_obc.a(tasks.o)
                0x0000000000008da4                xTaskPriorityDisinherit
 .either.text.vTaskPriorityDisinheritAfterTimeout
                0x0000000000008e54       0xd8 libmsp430_obc.a(tasks.o)
                0x0000000000008e54                vTaskPriorityDisinheritAfterTimeout
 .either.text.pvTaskIncrementMutexHeldCount
                0x0000000000008f2c       0x18 libmsp430_obc.a(tasks.o)
                0x0000000000008f2c                pvTaskIncrementMutexHeldCount
 .either.text.init_tc_provider
                0x0000000000008f44       0x1a libmsp430_obc.a(tc_provider_vm_if.o)
                0x0000000000008f44                init_tc_provider
 .either.text.tc_provider_request_tc
                0x0000000000008f5e        0x6 libmsp430_obc.a(tc_provider_vm_if.o)
                0x0000000000008f5e                tc_provider_request_tc
 .either.text.prv_hal_blink_led_Timer_Callback
                0x0000000000008f64       0x28 libmsp430_obc.a(thread_hal_blink_led.o)
                0x0000000000008f64                prv_hal_blink_led_Timer_Callback
 .either.text.prv_hal_blink_led_Task
                0x0000000000008f8c       0x7a libmsp430_obc.a(thread_hal_blink_led.o)
                0x0000000000008f8c                prv_hal_blink_led_Task
 .either.text.prv_state_handler_entrypoint_poll_aoi_Timer_Callback
                0x0000000000009006       0x28 libmsp430_obc.a(thread_state_handler_entrypoint_poll_aoi.o)
                0x0000000000009006                prv_state_handler_entrypoint_poll_aoi_Timer_Callback
 .either.text.prv_state_handler_entrypoint_poll_aoi_Task
                0x000000000000902e       0x7a libmsp430_obc.a(thread_state_handler_entrypoint_poll_aoi.o)
                0x000000000000902e                prv_state_handler_entrypoint_poll_aoi_Task
 .either.text.prv_state_handler_entrypoint_poll_mcp_Timer_Callback
                0x00000000000090a8       0x28 libmsp430_obc.a(thread_state_handler_entrypoint_poll_mcp.o)
                0x00000000000090a8                prv_state_handler_entrypoint_poll_mcp_Timer_Callback
 .either.text.prv_state_handler_entrypoint_poll_mcp_Task
                0x00000000000090d0       0x7a libmsp430_obc.a(thread_state_handler_entrypoint_poll_mcp.o)
                0x00000000000090d0                prv_state_handler_entrypoint_poll_mcp_Task
 .either.text.prv_state_handler_entrypoint_toggle_pwr_Timer_Callback
                0x000000000000914a       0x28 libmsp430_obc.a(thread_state_handler_entrypoint_toggle_pwr.o)
                0x000000000000914a                prv_state_handler_entrypoint_toggle_pwr_Timer_Callback
 .either.text.prv_state_handler_entrypoint_toggle_pwr_Task
                0x0000000000009172       0x7a libmsp430_obc.a(thread_state_handler_entrypoint_toggle_pwr.o)
                0x0000000000009172                prv_state_handler_entrypoint_toggle_pwr_Task
 .either.text.prv_state_handler_entrypoint_trig_aoi_Task
                0x00000000000091ec       0x2a libmsp430_obc.a(thread_state_handler_entrypoint_trig_aoi.o)
                0x00000000000091ec                prv_state_handler_entrypoint_trig_aoi_Task
 .either.text.prv_state_handler_entrypoint_trig_mcp_Task
                0x0000000000009216       0x2a libmsp430_obc.a(thread_state_handler_entrypoint_trig_mcp.o)
                0x0000000000009216                prv_state_handler_entrypoint_trig_mcp_Task
 .either.text.prv_state_handler_entrypoint_trig_pwr_Task
                0x0000000000009240       0x2a libmsp430_obc.a(thread_state_handler_entrypoint_trig_pwr.o)
                0x0000000000009240                prv_state_handler_entrypoint_trig_pwr_Task
 .either.text.prvInsertTimerInActiveList
                0x000000000000926a       0x9a libmsp430_obc.a(timers.o)
 .either.text.prvCheckForValidListAndQueue
                0x0000000000009304       0x80 libmsp430_obc.a(timers.o)
 .either.text.xTimerCreateTimerTask
                0x0000000000009384       0x7a libmsp430_obc.a(timers.o)
                0x0000000000009384                xTimerCreateTimerTask
 .either.text.xTimerCreateStatic
                0x00000000000093fe       0x90 libmsp430_obc.a(timers.o)
                0x00000000000093fe                xTimerCreateStatic
 .either.text.xTimerGenericCommand
                0x000000000000948e       0x8e libmsp430_obc.a(timers.o)
                0x000000000000948e                xTimerGenericCommand
 .either.text.prvSwitchTimerLists
                0x000000000000951c       0xb2 libmsp430_obc.a(timers.o)
 .either.text.prvTimerTask
                0x00000000000095ce      0x29c libmsp430_obc.a(timers.o)
 .either.text.init_tm_collection
                0x000000000000986a       0x1a libmsp430_obc.a(tm_collection_vm_if.o)
                0x000000000000986a                init_tm_collection
 .either.text.register_remote_transport_func
                0x0000000000009884        0x6 libmsp430_obc.a(transport.o)
                0x0000000000009884                register_remote_transport_func
 .either.text.process_incomming_message
                0x000000000000988a       0xb0 libmsp430_obc.a(transport.o)
                0x000000000000988a                process_incomming_message
 .either.text.deliver_to_gui_send_tm_aoi
                0x000000000000993a       0x26 libmsp430_obc.a(transport.o)
                0x000000000000993a                deliver_to_gui_send_tm_aoi
 .either.text.deliver_to_gui_send_tm_mcp
                0x0000000000009960       0x26 libmsp430_obc.a(transport.o)
                0x0000000000009960                deliver_to_gui_send_tm_mcp
 .either.text.runTransitionState_Handler_Entrypoint.part.0
                0x0000000000009986      0x3a4 libmsp430_obc.a(State_Handler_Entrypoint.o)
 .either.text.CInitState_Handler_Entrypoint
                0x0000000000009d2a        0x8 libmsp430_obc.a(State_Handler_Entrypoint.o)
                0x0000000000009d2a                CInitState_Handler_Entrypoint
 .either.text.state_handler_entrypoint_PI_poll_aoi
                0x0000000000009d32       0x10 libmsp430_obc.a(State_Handler_Entrypoint.o)
                0x0000000000009d32                state_handler_entrypoint_PI_poll_aoi
 .either.text.state_handler_entrypoint_PI_poll_mcp
                0x0000000000009d42       0x10 libmsp430_obc.a(State_Handler_Entrypoint.o)
                0x0000000000009d42                state_handler_entrypoint_PI_poll_mcp
 .either.text.state_handler_entrypoint_PI_toggle_pwr
                0x0000000000009d52       0x24 libmsp430_obc.a(State_Handler_Entrypoint.o)
                0x0000000000009d52                state_handler_entrypoint_PI_toggle_pwr
 .either.text.state_handler_entrypoint_PI_trig_aoi
                0x0000000000009d76        0x6 libmsp430_obc.a(State_Handler_Entrypoint.o)
                0x0000000000009d76                state_handler_entrypoint_PI_trig_aoi
 .either.text.state_handler_entrypoint_PI_trig_mcp
                0x0000000000009d7c        0x6 libmsp430_obc.a(State_Handler_Entrypoint.o)
                0x0000000000009d7c                state_handler_entrypoint_PI_trig_mcp
 .either.text.state_handler_entrypoint_PI_trig_pwr
                0x0000000000009d82       0x22 libmsp430_obc.a(State_Handler_Entrypoint.o)
                0x0000000000009d82                state_handler_entrypoint_PI_trig_pwr
 .either.text.hal_startup
                0x0000000000009da4       0x16 libmsp430_obc.a(hal.o)
                0x0000000000009da4                hal_startup
 .either.text.hal_PI_blink_led
                0x0000000000009dba        0x8 libmsp430_obc.a(hal.o)
                0x0000000000009dba                hal_PI_blink_led
 .either.text.vListInitialise
                0x0000000000009dc2       0x20 libmsp430_obc.a(list.o)
                0x0000000000009dc2                vListInitialise
 .either.text.vListInitialiseItem
                0x0000000000009de2        0x8 libmsp430_obc.a(list.o)
                0x0000000000009de2                vListInitialiseItem
 .either.text.vListInsertEnd
                0x0000000000009dea       0x2c libmsp430_obc.a(list.o)
                0x0000000000009dea                vListInsertEnd
 .either.text.vListInsert
                0x0000000000009e16       0x58 libmsp430_obc.a(list.o)
                0x0000000000009e16                vListInsert
 .either.text.uxListRemove
                0x0000000000009e6e       0x36 libmsp430_obc.a(list.o)
                0x0000000000009e6e                uxListRemove
 .either.text.loc_provider_startup
                0x0000000000009ea4        0xa libmsp430_obc.a(loc_provider.o)
                0x0000000000009ea4                loc_provider_startup
 .either.text.loc_provider_PI_request_loc
                0x0000000000009eae       0x4c libmsp430_obc.a(loc_provider.o)
                0x0000000000009eae                loc_provider_PI_request_loc
 .either.text.vm_state_handler_entrypoint_request_loc
                0x0000000000009efa        0x6 libmsp430_obc.a(msp430_obc_interface.o)
                0x0000000000009efa                vm_state_handler_entrypoint_request_loc
 .either.text.vm_state_handler_entrypoint_request_tc
                0x0000000000009f00        0x6 libmsp430_obc.a(msp430_obc_interface.o)
                0x0000000000009f00                vm_state_handler_entrypoint_request_tc
 .either.text.vm_state_handler_entrypoint_send_tm_aoi
                0x0000000000009f06       0x46 libmsp430_obc.a(msp430_obc_interface.o)
                0x0000000000009f06                vm_state_handler_entrypoint_send_tm_aoi
 .either.text.vm_state_handler_entrypoint_send_tm_mcp
                0x0000000000009f4c       0x46 libmsp430_obc.a(msp430_obc_interface.o)
                0x0000000000009f4c                vm_state_handler_entrypoint_send_tm_mcp
 .either.text.call_hal_blink_led
                0x0000000000009f92        0x6 libmsp430_obc.a(msp430_obc_interface.o)
                0x0000000000009f92                call_hal_blink_led
 .either.text.call_state_handler_entrypoint_poll_aoi
                0x0000000000009f98       0x3a libmsp430_obc.a(msp430_obc_interface.o)
                0x0000000000009f98                call_state_handler_entrypoint_poll_aoi
 .either.text.call_state_handler_entrypoint_poll_mcp
                0x0000000000009fd2       0x3a libmsp430_obc.a(msp430_obc_interface.o)
                0x0000000000009fd2                call_state_handler_entrypoint_poll_mcp
 .either.text.call_state_handler_entrypoint_toggle_pwr
                0x000000000000a00c       0x3a libmsp430_obc.a(msp430_obc_interface.o)
                0x000000000000a00c                call_state_handler_entrypoint_toggle_pwr
 .either.text.call_state_handler_entrypoint_trig_aoi
                0x000000000000a046       0x3a libmsp430_obc.a(msp430_obc_interface.o)
                0x000000000000a046                call_state_handler_entrypoint_trig_aoi
 .either.text.call_state_handler_entrypoint_trig_mcp
                0x000000000000a080       0x3a libmsp430_obc.a(msp430_obc_interface.o)
                0x000000000000a080                call_state_handler_entrypoint_trig_mcp
 .either.text.call_state_handler_entrypoint_trig_pwr
                0x000000000000a0ba       0x3a libmsp430_obc.a(msp430_obc_interface.o)
                0x000000000000a0ba                call_state_handler_entrypoint_trig_pwr
 .either.text.state_handler_entrypoint_RI_request_loc
                0x000000000000a0f4       0x16 libmsp430_obc.a(state_handler_entrypoint_invoke_ri.o)
                0x000000000000a0f4                state_handler_entrypoint_RI_request_loc
 .either.text.state_handler_entrypoint_RI_request_tc
                0x000000000000a10a       0x16 libmsp430_obc.a(state_handler_entrypoint_invoke_ri.o)
                0x000000000000a10a                state_handler_entrypoint_RI_request_tc
 .either.text.state_handler_entrypoint_RI_send_tm_aoi
                0x000000000000a120        0xa libmsp430_obc.a(state_handler_entrypoint_invoke_ri.o)
                0x000000000000a120                state_handler_entrypoint_RI_send_tm_aoi
 .either.text.state_handler_entrypoint_RI_send_tm_mcp
                0x000000000000a12a        0xa libmsp430_obc.a(state_handler_entrypoint_invoke_ri.o)
                0x000000000000a12a                state_handler_entrypoint_RI_send_tm_mcp
 .either.text.tc_provider_startup
                0x000000000000a134        0x2 libmsp430_obc.a(tc_provider.o)
                0x000000000000a134                tc_provider_startup
 .either.text.tc_provider_PI_request_tc
                0x000000000000a136       0x28 libmsp430_obc.a(tc_provider.o)
                0x000000000000a136                tc_provider_PI_request_tc
 .either.text.tm_collection_startup
                0x000000000000a15e        0x2 libmsp430_obc.a(tm_collection.o)
                0x000000000000a15e                tm_collection_startup
 .either.text.udivmodsi4
                0x000000000000a160       0x86 /opt/msp430-gcc/bin/../lib/gcc/msp430-elf/8.3.1/large/full-memory-range/libgcc.a(lib2divSI.o)
                0x000000000000a160                udivmodsi4
 .either.text.__udivsi3
                0x000000000000a1e6       0x12 /opt/msp430-gcc/bin/../lib/gcc/msp430-elf/8.3.1/large/full-memory-range/libgcc.a(lib2divSI.o)
                0x000000000000a1e6                __mspabi_divul
                0x000000000000a1e6                __mspabi_divlu
 .either.text.__umodsi3
                0x000000000000a1f8       0x12 /opt/msp430-gcc/bin/../lib/gcc/msp430-elf/8.3.1/large/full-memory-range/libgcc.a(lib2divSI.o)
                0x000000000000a1f8                __mspabi_remul
 .either.text.__mspabi_slli
                0x000000000000a20a        0xa /opt/msp430-gcc/bin/../lib/gcc/msp430-elf/8.3.1/large/full-memory-range/libgcc.a(slli.o)
                0x000000000000a20e                __mspabi_slli
 .either.text.__mspabi_slll
                0x000000000000a214        0xc /opt/msp430-gcc/bin/../lib/gcc/msp430-elf/8.3.1/large/full-memory-range/libgcc.a(slli.o)
                0x000000000000a21a                __mspabi_slll
 .either.text.__mulhi2_f5
                0x000000000000a220       0x16 /opt/msp430-gcc/bin/../lib/gcc/msp430-elf/8.3.1/large/full-memory-range/libmul_f5.a(lib2hw_mul_f5.o)
                0x000000000000a220                __mulhi2_f5
                0x000000000000a220                __mspabi_mpyi_f5hw
                0x000000000000a220                __mspabi_mpyi
 .either.text.__umulhisi2
                0x000000000000a236       0x1a /opt/msp430-gcc/bin/../lib/gcc/msp430-elf/8.3.1/large/full-memory-range/libmul_f5.a(lib2hw_mul_f5.o)
                0x000000000000a236                __umulhisi2
                0x000000000000a236                __mspabi_mpyul_f5hw
                0x000000000000a236                __mspabi_mpyul
 .either.text.memcpy
                0x000000000000a250       0x2a /opt/msp430-gcc/bin/../lib/gcc/msp430-elf/8.3.1/../../../../msp430-elf/lib/large/full-memory-range/libc.a(lib_a-memcpy.o)
                0x000000000000a250                memcpy
 .either.text.memset
                0x000000000000a27a       0x1a /opt/msp430-gcc/bin/../lib/gcc/msp430-elf/8.3.1/../../../../msp430-elf/lib/large/full-memory-range/libc.a(lib_a-memset.o)
                0x000000000000a27a                memset
 .either.text.printf
                0x000000000000a294       0x30 /opt/msp430-gcc/bin/../lib/gcc/msp430-elf/8.3.1/../../../../msp430-elf/lib/large/full-memory-range/libc.a(lib_a-printf.o)
                0x000000000000a294                printf
                0x000000000000a294                iprintf
 .either.text.putchar
                0x000000000000a2c4       0x2a /opt/msp430-gcc/bin/../lib/gcc/msp430-elf/8.3.1/../../../../msp430-elf/lib/large/full-memory-range/libc.a(lib_a-putchar.o)
                0x000000000000a2c4                putchar
 .either.text._putc_r
                0x000000000000a2ee       0x8e /opt/msp430-gcc/bin/../lib/gcc/msp430-elf/8.3.1/../../../../msp430-elf/lib/large/full-memory-range/libc.a(lib_a-putc.o)
                0x000000000000a2ee                _putc_r
 .either.text._puts_r
                0x000000000000a37c       0xce /opt/msp430-gcc/bin/../lib/gcc/msp430-elf/8.3.1/../../../../msp430-elf/lib/large/full-memory-range/libc.a(lib_a-puts.o)
                0x000000000000a37c                _puts_r
 .either.text.puts
                0x000000000000a44a        0xc /opt/msp430-gcc/bin/../lib/gcc/msp430-elf/8.3.1/../../../../msp430-elf/lib/large/full-memory-range/libc.a(lib_a-puts.o)
                0x000000000000a44a                puts
 .either.text.strlen
                0x000000000000a456       0x18 /opt/msp430-gcc/bin/../lib/gcc/msp430-elf/8.3.1/../../../../msp430-elf/lib/large/full-memory-range/libc.a(lib_a-strlen.o)
                0x000000000000a456                strlen
 .either.text.__swbuf_r
                0x000000000000a46e       0xdc /opt/msp430-gcc/bin/../lib/gcc/msp430-elf/8.3.1/../../../../msp430-elf/lib/large/full-memory-range/libc.a(lib_a-wbuf.o)
                0x000000000000a46e                __swbuf_r
 .either.text.__swsetup_r
                0x000000000000a54a      0x114 /opt/msp430-gcc/bin/../lib/gcc/msp430-elf/8.3.1/../../../../msp430-elf/lib/large/full-memory-range/libc.a(lib_a-wsetup.o)
                0x000000000000a54a                __swsetup_r
 .either.text.__sflush_r
                0x000000000000a65e      0x1ac /opt/msp430-gcc/bin/../lib/gcc/msp430-elf/8.3.1/../../../../msp430-elf/lib/large/full-memory-range/libc.a(lib_a-fflush.o)
                0x000000000000a65e                __sflush_r
 .either.text._fflush_r
                0x000000000000a80a       0x60 /opt/msp430-gcc/bin/../lib/gcc/msp430-elf/8.3.1/../../../../msp430-elf/lib/large/full-memory-range/libc.a(lib_a-fflush.o)
                0x000000000000a80a                _fflush_r
 .either.text._cleanup_r
                0x000000000000a86a        0xa /opt/msp430-gcc/bin/../lib/gcc/msp430-elf/8.3.1/../../../../msp430-elf/lib/large/full-memory-range/libc.a(lib_a-findfp.o)
                0x000000000000a86a                _cleanup_r
 .either.text.std.isra.0
                0x000000000000a874       0x62 /opt/msp430-gcc/bin/../lib/gcc/msp430-elf/8.3.1/../../../../msp430-elf/lib/large/full-memory-range/libc.a(lib_a-findfp.o)
 .either.text.__sfmoreglue
                0x000000000000a8d6       0x7c /opt/msp430-gcc/bin/../lib/gcc/msp430-elf/8.3.1/../../../../msp430-elf/lib/large/full-memory-range/libc.a(lib_a-findfp.o)
                0x000000000000a8d6                __sfmoreglue
 .either.text.__sinit
                0x000000000000a952       0x7c /opt/msp430-gcc/bin/../lib/gcc/msp430-elf/8.3.1/../../../../msp430-elf/lib/large/full-memory-range/libc.a(lib_a-findfp.o)
                0x000000000000a952                __sinit
 .either.text.__sfp
                0x000000000000a9ce       0xc4 /opt/msp430-gcc/bin/../lib/gcc/msp430-elf/8.3.1/../../../../msp430-elf/lib/large/full-memory-range/libc.a(lib_a-findfp.o)
                0x000000000000a9ce                __sfp
 .either.text.__sfp_lock_acquire
                0x000000000000aa92        0x2 /opt/msp430-gcc/bin/../lib/gcc/msp430-elf/8.3.1/../../../../msp430-elf/lib/large/full-memory-range/libc.a(lib_a-findfp.o)
                0x000000000000aa92                __sfp_lock_acquire
 .either.text.__sfp_lock_release
                0x000000000000aa94        0x2 /opt/msp430-gcc/bin/../lib/gcc/msp430-elf/8.3.1/../../../../msp430-elf/lib/large/full-memory-range/libc.a(lib_a-findfp.o)
                0x000000000000aa94                __sfp_lock_release
 .either.text.__sfvwrite_r
                0x000000000000aa96      0x3f0 /opt/msp430-gcc/bin/../lib/gcc/msp430-elf/8.3.1/../../../../msp430-elf/lib/large/full-memory-range/libc.a(lib_a-fvwrite.o)
                0x000000000000aa96                __sfvwrite_r
 .either.text._fwalk_reent
                0x000000000000ae86       0x56 /opt/msp430-gcc/bin/../lib/gcc/msp430-elf/8.3.1/../../../../msp430-elf/lib/large/full-memory-range/libc.a(lib_a-fwalk.o)
                0x000000000000ae86                _fwalk_reent
 .either.text.__swhatbuf_r
                0x000000000000aedc       0x7a /opt/msp430-gcc/bin/../lib/gcc/msp430-elf/8.3.1/../../../../msp430-elf/lib/large/full-memory-range/libc.a(lib_a-makebuf.o)
                0x000000000000aedc                __swhatbuf_r
 .either.text.__smakebuf_r
                0x000000000000af56       0x9a /opt/msp430-gcc/bin/../lib/gcc/msp430-elf/8.3.1/../../../../msp430-elf/lib/large/full-memory-range/libc.a(lib_a-makebuf.o)
                0x000000000000af56                __smakebuf_r
 .either.text.memchr
                0x000000000000aff0       0x24 /opt/msp430-gcc/bin/../lib/gcc/msp430-elf/8.3.1/../../../../msp430-elf/lib/large/full-memory-range/libc.a(lib_a-memchr.o)
                0x000000000000aff0                memchr
 .either.text.memmove
                0x000000000000b014       0x64 /opt/msp430-gcc/bin/../lib/gcc/msp430-elf/8.3.1/../../../../msp430-elf/lib/large/full-memory-range/libc.a(lib_a-memmove.o)
                0x000000000000b014                memmove
 .either.text._free_r
                0x000000000000b078      0x12a /opt/msp430-gcc/bin/../lib/gcc/msp430-elf/8.3.1/../../../../msp430-elf/lib/large/full-memory-range/libc.a(lib_a-nano-freer.o)
                0x000000000000b078                _free_r
 .either.text._malloc_r
                0x000000000000b1a2      0x148 /opt/msp430-gcc/bin/../lib/gcc/msp430-elf/8.3.1/../../../../msp430-elf/lib/large/full-memory-range/libc.a(lib_a-nano-mallocr.o)
                0x000000000000b1a2                _malloc_r
 .either.text._realloc_r
                0x000000000000b2ea       0x6a /opt/msp430-gcc/bin/../lib/gcc/msp430-elf/8.3.1/../../../../msp430-elf/lib/large/full-memory-range/libc.a(lib_a-nano-reallocr.o)
                0x000000000000b2ea                _realloc_r
 .either.text.__sfputc_r
                0x000000000000b354       0x38 /opt/msp430-gcc/bin/../lib/gcc/msp430-elf/8.3.1/../../../../msp430-elf/lib/large/full-memory-range/libc.a(lib_a-nano-vfprintf.o)
 .either.text.__sfputs_r
                0x000000000000b38c       0xa0 /opt/msp430-gcc/bin/../lib/gcc/msp430-elf/8.3.1/../../../../msp430-elf/lib/large/full-memory-range/libc.a(lib_a-nano-vfprintf.o)
                0x000000000000b38c                __sfputs_r
 .either.text._vfprintf_r
                0x000000000000b42c      0x2b8 /opt/msp430-gcc/bin/../lib/gcc/msp430-elf/8.3.1/../../../../msp430-elf/lib/large/full-memory-range/libc.a(lib_a-nano-vfprintf.o)
                0x000000000000b42c                _vfiprintf_r
                0x000000000000b42c                _vfprintf_r
 .either.text._sbrk_r
                0x000000000000b6e4       0x28 /opt/msp430-gcc/bin/../lib/gcc/msp430-elf/8.3.1/../../../../msp430-elf/lib/large/full-memory-range/libc.a(lib_a-sbrkr.o)
                0x000000000000b6e4                _sbrk_r
 .either.text.__sread
                0x000000000000b70c       0x4a /opt/msp430-gcc/bin/../lib/gcc/msp430-elf/8.3.1/../../../../msp430-elf/lib/large/full-memory-range/libc.a(lib_a-stdio.o)
                0x000000000000b70c                __sread
 .either.text.__swrite
                0x000000000000b756       0x4c /opt/msp430-gcc/bin/../lib/gcc/msp430-elf/8.3.1/../../../../msp430-elf/lib/large/full-memory-range/libc.a(lib_a-stdio.o)
                0x000000000000b756                __swrite
 .either.text.__sseek
                0x000000000000b7a2       0x3e /opt/msp430-gcc/bin/../lib/gcc/msp430-elf/8.3.1/../../../../msp430-elf/lib/large/full-memory-range/libc.a(lib_a-stdio.o)
                0x000000000000b7a2                __sseek
 .either.text.__sclose
                0x000000000000b7e0        0xa /opt/msp430-gcc/bin/../lib/gcc/msp430-elf/8.3.1/../../../../msp430-elf/lib/large/full-memory-range/libc.a(lib_a-stdio.o)
                0x000000000000b7e0                __sclose
 .either.text._write_r
                0x000000000000b7ea       0x30 /opt/msp430-gcc/bin/../lib/gcc/msp430-elf/8.3.1/../../../../msp430-elf/lib/large/full-memory-range/libc.a(lib_a-writer.o)
                0x000000000000b7ea                _write_r
 .either.text._close_r
                0x000000000000b81a       0x26 /opt/msp430-gcc/bin/../lib/gcc/msp430-elf/8.3.1/../../../../msp430-elf/lib/large/full-memory-range/libc.a(lib_a-closer.o)
                0x000000000000b81a                _close_r
 .either.text._fclose_r
                0x000000000000b840       0xd0 /opt/msp430-gcc/bin/../lib/gcc/msp430-elf/8.3.1/../../../../msp430-elf/lib/large/full-memory-range/libc.a(lib_a-fclose.o)
                0x000000000000b840                _fclose_r
 .either.text.__fputwc
                0x000000000000b910       0xc0 /opt/msp430-gcc/bin/../lib/gcc/msp430-elf/8.3.1/../../../../msp430-elf/lib/large/full-memory-range/libc.a(lib_a-fputwc.o)
                0x000000000000b910                __fputwc
 .either.text._fputwc_r
                0x000000000000b9d0       0x2a /opt/msp430-gcc/bin/../lib/gcc/msp430-elf/8.3.1/../../../../msp430-elf/lib/large/full-memory-range/libc.a(lib_a-fputwc.o)
                0x000000000000b9d0                _fputwc_r
 .either.text._fstat_r
                0x000000000000b9fa       0x28 /opt/msp430-gcc/bin/../lib/gcc/msp430-elf/8.3.1/../../../../msp430-elf/lib/large/full-memory-range/libc.a(lib_a-fstatr.o)
                0x000000000000b9fa                _fstat_r
 .either.text._isatty_r
                0x000000000000ba22       0x26 /opt/msp430-gcc/bin/../lib/gcc/msp430-elf/8.3.1/../../../../msp430-elf/lib/large/full-memory-range/libc.a(lib_a-isattyr.o)
                0x000000000000ba22                _isatty_r
 .either.text.__locale_charset
                0x000000000000ba48        0x6 /opt/msp430-gcc/bin/../lib/gcc/msp430-elf/8.3.1/../../../../msp430-elf/lib/large/full-memory-range/libc.a(lib_a-locale.o)
                0x000000000000ba48                __locale_charset
 .either.text.__locale_mb_cur_max
                0x000000000000ba4e        0x8 /opt/msp430-gcc/bin/../lib/gcc/msp430-elf/8.3.1/../../../../msp430-elf/lib/large/full-memory-range/libc.a(lib_a-locale.o)
                0x000000000000ba4e                __locale_mb_cur_max
 .either.text._lseek_r
                0x000000000000ba56       0x32 /opt/msp430-gcc/bin/../lib/gcc/msp430-elf/8.3.1/../../../../msp430-elf/lib/large/full-memory-range/libc.a(lib_a-lseekr.o)
                0x000000000000ba56                _lseek_r
 .either.text._malloc_usable_size_r
                0x000000000000ba88       0x28 /opt/msp430-gcc/bin/../lib/gcc/msp430-elf/8.3.1/../../../../msp430-elf/lib/large/full-memory-range/libc.a(lib_a-nano-msizer.o)
                0x000000000000ba88                _malloc_usable_size_r
 .either.text._printf_common
                0x000000000000bab0      0x10c /opt/msp430-gcc/bin/../lib/gcc/msp430-elf/8.3.1/../../../../msp430-elf/lib/large/full-memory-range/libc.a(lib_a-nano-vfprintf_i.o)
                0x000000000000bab0                _printf_common
 .either.text._printf_i
                0x000000000000bbbc      0x380 /opt/msp430-gcc/bin/../lib/gcc/msp430-elf/8.3.1/../../../../msp430-elf/lib/large/full-memory-range/libc.a(lib_a-nano-vfprintf_i.o)
                0x000000000000bbbc                _printf_i
 .either.text._read_r
                0x000000000000bf3c       0x30 /opt/msp430-gcc/bin/../lib/gcc/msp430-elf/8.3.1/../../../../msp430-elf/lib/large/full-memory-range/libc.a(lib_a-readr.o)
                0x000000000000bf3c                _read_r
 .either.text._wcrtomb_r
                0x000000000000bf6c       0x82 /opt/msp430-gcc/bin/../lib/gcc/msp430-elf/8.3.1/../../../../msp430-elf/lib/large/full-memory-range/libc.a(lib_a-wcrtomb.o)
                0x000000000000bf6c                _wcrtomb_r
 .either.text.__ascii_wctomb
                0x000000000000bfee       0x28 /opt/msp430-gcc/bin/../lib/gcc/msp430-elf/8.3.1/../../../../msp430-elf/lib/large/full-memory-range/libc.a(lib_a-wctomb_r.o)
                0x000000000000bfee                __ascii_wctomb
 .either.text.udivmodhi4
                0x000000000000c016       0x40 /opt/msp430-gcc/bin/../lib/gcc/msp430-elf/8.3.1/large/full-memory-range/libgcc.a(lib2divHI.o)
                0x000000000000c016                udivmodhi4
 .either.text.__divhi3
                0x000000000000c056       0x34 /opt/msp430-gcc/bin/../lib/gcc/msp430-elf/8.3.1/large/full-memory-range/libgcc.a(lib2divHI.o)
                0x000000000000c056                __mspabi_divi
 .either.text.isatty
                0x000000000000c08a        0x4 /opt/msp430-gcc/bin/../lib/gcc/msp430-elf/8.3.1/../../../../msp430-elf/lib/large/full-memory-range/libnosys.a(ciosyscalls.o)
                0x000000000000c08a                isatty
                0x000000000000c08a                _isatty
 .either.text.getpid
                0x000000000000c08e        0x6 /opt/msp430-gcc/bin/../lib/gcc/msp430-elf/8.3.1/../../../../msp430-elf/lib/large/full-memory-range/libnosys.a(ciosyscalls.o)
                0x000000000000c08e                getpid
 .either.text.close
                0x000000000000c094       0x10 /opt/msp430-gcc/bin/../lib/gcc/msp430-elf/8.3.1/../../../../msp430-elf/lib/large/full-memory-range/libnosys.a(ciosyscalls.o)
                0x000000000000c094                close
 .either.text.read
                0x000000000000c0a4       0x10 /opt/msp430-gcc/bin/../lib/gcc/msp430-elf/8.3.1/../../../../msp430-elf/lib/large/full-memory-range/libnosys.a(ciosyscalls.o)
                0x000000000000c0a4                read
 .either.text.fstat
                0x000000000000c0b4       0x10 /opt/msp430-gcc/bin/../lib/gcc/msp430-elf/8.3.1/../../../../msp430-elf/lib/large/full-memory-range/libnosys.a(ciosyscalls.o)
                0x000000000000c0b4                fstat
 .either.text.lseek
                0x000000000000c0c4       0x10 /opt/msp430-gcc/bin/../lib/gcc/msp430-elf/8.3.1/../../../../msp430-elf/lib/large/full-memory-range/libnosys.a(ciosyscalls.o)
                0x000000000000c0c4                lseek
 .either.text.kill
                0x000000000000c0d4       0x10 /opt/msp430-gcc/bin/../lib/gcc/msp430-elf/8.3.1/../../../../msp430-elf/lib/large/full-memory-range/libnosys.a(ciosyscalls.o)
                0x000000000000c0d4                kill
 .either.text.write
                0x000000000000c0e4       0x86 /opt/msp430-gcc/bin/../lib/gcc/msp430-elf/8.3.1/../../../../msp430-elf/lib/large/full-memory-range/libnosys.a(write.o)
                0x000000000000c0e4                write
 .either.text._sbrk
                0x000000000000c16a       0x3e /opt/msp430-gcc/bin/../lib/gcc/msp430-elf/8.3.1/../../../../msp430-elf/lib/large/full-memory-range/libnosys.a(sbrk.o)
                0x000000000000c16a                _sbrk
                0x000000000000c16a                sbrk
 .either.text   0x000000000000c1a8        0x4 /opt/msp430-gcc/bin/../lib/gcc/msp430-elf/8.3.1/../../../../msp430-elf/lib/large/full-memory-range/libnosys.a(cio.o)
                0x000000000000c1a8                C$$IO$$
                0x000000000000c1a8                _libgloss_cio_hook
 .either.text.abort
                0x000000000000c1ac        0xe /opt/msp430-gcc/bin/../lib/gcc/msp430-elf/8.3.1/../../../../msp430-elf/lib/large/full-memory-range/libc.a(lib_a-abort.o)
                0x000000000000c1ac                abort
 .either.text.__errno
                0x000000000000c1ba        0x6 /opt/msp430-gcc/bin/../lib/gcc/msp430-elf/8.3.1/../../../../msp430-elf/lib/large/full-memory-range/libc.a(lib_a-errno.o)
                0x000000000000c1ba                __errno
 .either.text._raise_r
                0x000000000000c1c0       0x98 /opt/msp430-gcc/bin/../lib/gcc/msp430-elf/8.3.1/../../../../msp430-elf/lib/large/full-memory-range/libc.a(lib_a-signal.o)
                0x000000000000c1c0                _raise_r
 .either.text.raise
                0x000000000000c258        0xc /opt/msp430-gcc/bin/../lib/gcc/msp430-elf/8.3.1/../../../../msp430-elf/lib/large/full-memory-range/libc.a(lib_a-signal.o)
                0x000000000000c258                raise
 .either.text._kill_r
                0x000000000000c264       0x28 /opt/msp430-gcc/bin/../lib/gcc/msp430-elf/8.3.1/../../../../msp430-elf/lib/large/full-memory-range/libc.a(lib_a-signalr.o)
                0x000000000000c264                _kill_r
 .either.text._getpid_r
                0x000000000000c28c        0x6 /opt/msp430-gcc/bin/../lib/gcc/msp430-elf/8.3.1/../../../../msp430-elf/lib/large/full-memory-range/libc.a(lib_a-signalr.o)
                0x000000000000c28c                _getpid_r
 .either.text.exit
                0x000000000000c292        0x4 /opt/msp430-gcc/bin/../lib/gcc/msp430-elf/8.3.1/../../../../msp430-elf/lib/large/full-memory-range/libnosys.a(exit.o)
                0x000000000000c292                exit
                0x000000000000c292                _exit

.text           0x000000000000c296      0x1a2
                0x000000000000c296                PROVIDE (_start, .)
                0x000000000000c296                . = ALIGN (0x2)
 *(SORT(.crt_*))
 .crt_0000start
                0x000000000000c296        0x4 /opt/msp430-gcc/bin/../lib/gcc/msp430-elf/8.3.1/../../../../msp430-elf/lib/large/full-memory-range/crt0.o
                0x000000000000c296                __crt0_start
 .crt_0100init_bss
                0x000000000000c29a       0x10 /opt/msp430-gcc/bin/../lib/gcc/msp430-elf/8.3.1/../../../../msp430-elf/lib/large/full-memory-range/libcrt.a(crt_bss.o)
                0x000000000000c29a                __crt0_init_bss
 .crt_0200init_highbss
                0x000000000000c2aa       0x12 /opt/msp430-gcc/bin/../lib/gcc/msp430-elf/8.3.1/../../../../msp430-elf/lib/large/full-memory-range/libcrt.a(crt_high_bss.o)
                0x000000000000c2aa                __crt0_init_highbss
 .crt_0300movedata
                0x000000000000c2bc       0x14 /opt/msp430-gcc/bin/../lib/gcc/msp430-elf/8.3.1/../../../../msp430-elf/lib/large/full-memory-range/libcrt.a(crt_movedata.o)
                0x000000000000c2bc                __crt0_movedata
 .crt_0400move_highdata
                0x000000000000c2d0       0x30 /opt/msp430-gcc/bin/../lib/gcc/msp430-elf/8.3.1/../../../../msp430-elf/lib/large/full-memory-range/libcrt.a(crt_move_highdata.o)
                0x000000000000c2d0                __crt0_move_highdata
 .crt_0800call_main
                0x000000000000c300        0x6 /opt/msp430-gcc/bin/../lib/gcc/msp430-elf/8.3.1/../../../../msp430-elf/lib/large/full-memory-range/libcrt.a(crt_main.o)
                0x000000000000c300                __crt0_call_main
                0x000000000000c306                . = ALIGN (0x2)
 *(.lowtext)
 .lowtext       0x000000000000c306      0x122 libmsp430_obc.a(msp430_eusci_a_serial_minimal.o)
                0x000000000000c306                uart_a0_interrupt_handler
 .lowtext       0x000000000000c428       0x10 libmsp430_obc.a(port.o)
                0x000000000000c428                prvTickISR
                0x000000000000c438                . = ALIGN (0x2)
 *(.text .stub .text.* .gnu.linkonce.t.* .text:*)
 *(.text.*personality*)
 *(.gnu.warning)
 *(.interp .hash .dynsym .dynstr .gnu.version*)
                [!provide]                        PROVIDE (__etext, .)
                [!provide]                        PROVIDE (_etext, .)
                [!provide]                        PROVIDE (etext, .)
                0x000000000000c438                . = ALIGN (0x2)
 *(.init)
 *(.fini)
 *(.tm_clone_table)

.upper.text     0x00000000000107b0        0x0
                0x00000000000107b0                . = ALIGN (0x2)
 *(.upper.text.* .upper.text)

.infoA

.infoB

.infoC

.infoD

.MSP430.attributes
                0x0000000000000000       0x26
 *(.MSP430.attributes)
 .MSP430.attributes
                0x0000000000000000       0x26 /opt/msp430-gcc/bin/../lib/gcc/msp430-elf/8.3.1/../../../../msp430-elf/lib/large/full-memory-range/crt0.o
 .MSP430.attributes
                0x0000000000000026       0x26 /opt/msp430-gcc/bin/../lib/gcc/msp430-elf/8.3.1/large/full-memory-range/crtbegin_no_eh.o
 .MSP430.attributes
                0x000000000000004c       0x26 main.o
 .MSP430.attributes
                0x0000000000000072       0x26 libmsp430_obc.a(hal_vm_if.o)
 .MSP430.attributes
                0x0000000000000098       0x26 libmsp430_obc.a(loc_provider_vm_if.o)
 .MSP430.attributes
                0x00000000000000be       0x26 libmsp430_obc.a(msp430_eusci_a_serial_minimal.o)
 .MSP430.attributes
                0x00000000000000e4       0x26 libmsp430_obc.a(port.o)
 .MSP430.attributes
                0x000000000000010a       0x26 libmsp430_obc.a(queue.o)
 .MSP430.attributes
                0x0000000000000130       0x26 libmsp430_obc.a(state_handler_entrypoint_vm_if.o)
 .MSP430.attributes
                0x0000000000000156       0x26 libmsp430_obc.a(tasks.o)
 .MSP430.attributes
                0x000000000000017c       0x26 libmsp430_obc.a(tc_provider_vm_if.o)
 .MSP430.attributes
                0x00000000000001a2       0x26 libmsp430_obc.a(thread_hal_blink_led.o)
 .MSP430.attributes
                0x00000000000001c8       0x26 libmsp430_obc.a(thread_state_handler_entrypoint_poll_aoi.o)
 .MSP430.attributes
                0x00000000000001ee       0x26 libmsp430_obc.a(thread_state_handler_entrypoint_poll_mcp.o)
 .MSP430.attributes
                0x0000000000000214       0x26 libmsp430_obc.a(thread_state_handler_entrypoint_toggle_pwr.o)
 .MSP430.attributes
                0x000000000000023a       0x26 libmsp430_obc.a(thread_state_handler_entrypoint_trig_aoi.o)
 .MSP430.attributes
                0x0000000000000260       0x26 libmsp430_obc.a(thread_state_handler_entrypoint_trig_mcp.o)
 .MSP430.attributes
                0x0000000000000286       0x26 libmsp430_obc.a(thread_state_handler_entrypoint_trig_pwr.o)
 .MSP430.attributes
                0x00000000000002ac       0x26 libmsp430_obc.a(timers.o)
 .MSP430.attributes
                0x00000000000002d2       0x26 libmsp430_obc.a(tm_collection_vm_if.o)
 .MSP430.attributes
                0x00000000000002f8       0x26 libmsp430_obc.a(transport.o)
 .MSP430.attributes
                0x000000000000031e       0x26 libmsp430_obc.a(State_Handler_Entrypoint.o)
 .MSP430.attributes
                0x0000000000000344       0x26 libmsp430_obc.a(drivers_config.o)
 .MSP430.attributes
                0x000000000000036a       0x26 libmsp430_obc.a(hal.o)
 .MSP430.attributes
                0x0000000000000390       0x26 libmsp430_obc.a(list.o)
 .MSP430.attributes
                0x00000000000003b6       0x26 libmsp430_obc.a(loc_provider.o)
 .MSP430.attributes
                0x00000000000003dc       0x26 libmsp430_obc.a(msp430_obc_interface.o)
 .MSP430.attributes
                0x0000000000000402       0x26 libmsp430_obc.a(state_handler_entrypoint_invoke_ri.o)
 .MSP430.attributes
                0x0000000000000428       0x26 libmsp430_obc.a(tc_provider.o)
 .MSP430.attributes
                0x000000000000044e       0x26 libmsp430_obc.a(tm_collection.o)
 .MSP430.attributes
                0x0000000000000474       0x26 /opt/msp430-gcc/bin/../lib/gcc/msp430-elf/8.3.1/large/full-memory-range/libgcc.a(lib2divSI.o)
 .MSP430.attributes
                0x000000000000049a       0x26 /opt/msp430-gcc/bin/../lib/gcc/msp430-elf/8.3.1/large/full-memory-range/libgcc.a(slli.o)
 .MSP430.attributes
                0x00000000000004c0       0x26 /opt/msp430-gcc/bin/../lib/gcc/msp430-elf/8.3.1/large/full-memory-range/libgcc.a(_udivdi3.o)
 .MSP430.attributes
                0x00000000000004e6       0x26 /opt/msp430-gcc/bin/../lib/gcc/msp430-elf/8.3.1/large/full-memory-range/libgcc.a(srli.o)
 .MSP430.attributes
                0x000000000000050c       0x26 /opt/msp430-gcc/bin/../lib/gcc/msp430-elf/8.3.1/large/full-memory-range/libgcc.a(_clzdi2.o)
 .MSP430.attributes
                0x0000000000000532       0x26 /opt/msp430-gcc/bin/../lib/gcc/msp430-elf/8.3.1/large/full-memory-range/libgcc.a(_clz.o)
 .MSP430.attributes
                0x0000000000000558       0x26 /opt/msp430-gcc/bin/../lib/gcc/msp430-elf/8.3.1/large/full-memory-range/libmul_f5.a(lib2hw_mul_f5.o)
 .MSP430.attributes
                0x000000000000057e       0x26 /opt/msp430-gcc/bin/../lib/gcc/msp430-elf/8.3.1/../../../../msp430-elf/lib/large/full-memory-range/libc.a(lib_a-memcpy.o)
 .MSP430.attributes
                0x00000000000005a4       0x26 /opt/msp430-gcc/bin/../lib/gcc/msp430-elf/8.3.1/../../../../msp430-elf/lib/large/full-memory-range/libc.a(lib_a-memset.o)
 .MSP430.attributes
                0x00000000000005ca       0x26 /opt/msp430-gcc/bin/../lib/gcc/msp430-elf/8.3.1/../../../../msp430-elf/lib/large/full-memory-range/libc.a(lib_a-printf.o)
 .MSP430.attributes
                0x00000000000005f0       0x26 /opt/msp430-gcc/bin/../lib/gcc/msp430-elf/8.3.1/../../../../msp430-elf/lib/large/full-memory-range/libc.a(lib_a-putchar.o)
 .MSP430.attributes
                0x0000000000000616       0x26 /opt/msp430-gcc/bin/../lib/gcc/msp430-elf/8.3.1/../../../../msp430-elf/lib/large/full-memory-range/libc.a(lib_a-putc.o)
 .MSP430.attributes
                0x000000000000063c       0x26 /opt/msp430-gcc/bin/../lib/gcc/msp430-elf/8.3.1/../../../../msp430-elf/lib/large/full-memory-range/libc.a(lib_a-puts.o)
 .MSP430.attributes
                0x0000000000000662       0x26 /opt/msp430-gcc/bin/../lib/gcc/msp430-elf/8.3.1/../../../../msp430-elf/lib/large/full-memory-range/libc.a(lib_a-strlen.o)
 .MSP430.attributes
                0x0000000000000688       0x26 /opt/msp430-gcc/bin/../lib/gcc/msp430-elf/8.3.1/../../../../msp430-elf/lib/large/full-memory-range/libc.a(lib_a-wbuf.o)
 .MSP430.attributes
                0x00000000000006ae       0x26 /opt/msp430-gcc/bin/../lib/gcc/msp430-elf/8.3.1/../../../../msp430-elf/lib/large/full-memory-range/libc.a(lib_a-wsetup.o)
 .MSP430.attributes
                0x00000000000006d4       0x26 /opt/msp430-gcc/bin/../lib/gcc/msp430-elf/8.3.1/../../../../msp430-elf/lib/large/full-memory-range/libc.a(lib_a-fflush.o)
 .MSP430.attributes
                0x00000000000006fa       0x26 /opt/msp430-gcc/bin/../lib/gcc/msp430-elf/8.3.1/../../../../msp430-elf/lib/large/full-memory-range/libc.a(lib_a-findfp.o)
 .MSP430.attributes
                0x0000000000000720       0x26 /opt/msp430-gcc/bin/../lib/gcc/msp430-elf/8.3.1/../../../../msp430-elf/lib/large/full-memory-range/libc.a(lib_a-fvwrite.o)
 .MSP430.attributes
                0x0000000000000746       0x26 /opt/msp430-gcc/bin/../lib/gcc/msp430-elf/8.3.1/../../../../msp430-elf/lib/large/full-memory-range/libc.a(lib_a-fwalk.o)
 .MSP430.attributes
                0x000000000000076c       0x26 /opt/msp430-gcc/bin/../lib/gcc/msp430-elf/8.3.1/../../../../msp430-elf/lib/large/full-memory-range/libc.a(lib_a-impure.o)
 .MSP430.attributes
                0x0000000000000792       0x26 /opt/msp430-gcc/bin/../lib/gcc/msp430-elf/8.3.1/../../../../msp430-elf/lib/large/full-memory-range/libc.a(lib_a-makebuf.o)
 .MSP430.attributes
                0x00000000000007b8       0x26 /opt/msp430-gcc/bin/../lib/gcc/msp430-elf/8.3.1/../../../../msp430-elf/lib/large/full-memory-range/libc.a(lib_a-memchr.o)
 .MSP430.attributes
                0x00000000000007de       0x26 /opt/msp430-gcc/bin/../lib/gcc/msp430-elf/8.3.1/../../../../msp430-elf/lib/large/full-memory-range/libc.a(lib_a-memmove.o)
 .MSP430.attributes
                0x0000000000000804       0x26 /opt/msp430-gcc/bin/../lib/gcc/msp430-elf/8.3.1/../../../../msp430-elf/lib/large/full-memory-range/libc.a(lib_a-nano-freer.o)
 .MSP430.attributes
                0x000000000000082a       0x26 /opt/msp430-gcc/bin/../lib/gcc/msp430-elf/8.3.1/../../../../msp430-elf/lib/large/full-memory-range/libc.a(lib_a-nano-mallocr.o)
 .MSP430.attributes
                0x0000000000000850       0x26 /opt/msp430-gcc/bin/../lib/gcc/msp430-elf/8.3.1/../../../../msp430-elf/lib/large/full-memory-range/libc.a(lib_a-nano-reallocr.o)
 .MSP430.attributes
                0x0000000000000876       0x26 /opt/msp430-gcc/bin/../lib/gcc/msp430-elf/8.3.1/../../../../msp430-elf/lib/large/full-memory-range/libc.a(lib_a-nano-vfprintf.o)
 .MSP430.attributes
                0x000000000000089c       0x26 /opt/msp430-gcc/bin/../lib/gcc/msp430-elf/8.3.1/../../../../msp430-elf/lib/large/full-memory-range/libc.a(lib_a-sbrkr.o)
 .MSP430.attributes
                0x00000000000008c2       0x26 /opt/msp430-gcc/bin/../lib/gcc/msp430-elf/8.3.1/../../../../msp430-elf/lib/large/full-memory-range/libc.a(lib_a-stdio.o)
 .MSP430.attributes
                0x00000000000008e8       0x26 /opt/msp430-gcc/bin/../lib/gcc/msp430-elf/8.3.1/../../../../msp430-elf/lib/large/full-memory-range/libc.a(lib_a-writer.o)
 .MSP430.attributes
                0x000000000000090e       0x26 /opt/msp430-gcc/bin/../lib/gcc/msp430-elf/8.3.1/../../../../msp430-elf/lib/large/full-memory-range/libc.a(lib_a-closer.o)
 .MSP430.attributes
                0x0000000000000934       0x26 /opt/msp430-gcc/bin/../lib/gcc/msp430-elf/8.3.1/../../../../msp430-elf/lib/large/full-memory-range/libc.a(lib_a-fclose.o)
 .MSP430.attributes
                0x000000000000095a       0x26 /opt/msp430-gcc/bin/../lib/gcc/msp430-elf/8.3.1/../../../../msp430-elf/lib/large/full-memory-range/libc.a(lib_a-fputwc.o)
 .MSP430.attributes
                0x0000000000000980       0x26 /opt/msp430-gcc/bin/../lib/gcc/msp430-elf/8.3.1/../../../../msp430-elf/lib/large/full-memory-range/libc.a(lib_a-fstatr.o)
 .MSP430.attributes
                0x00000000000009a6       0x26 /opt/msp430-gcc/bin/../lib/gcc/msp430-elf/8.3.1/../../../../msp430-elf/lib/large/full-memory-range/libc.a(lib_a-isattyr.o)
 .MSP430.attributes
                0x00000000000009cc       0x26 /opt/msp430-gcc/bin/../lib/gcc/msp430-elf/8.3.1/../../../../msp430-elf/lib/large/full-memory-range/libc.a(lib_a-locale.o)
 .MSP430.attributes
                0x00000000000009f2       0x26 /opt/msp430-gcc/bin/../lib/gcc/msp430-elf/8.3.1/../../../../msp430-elf/lib/large/full-memory-range/libc.a(lib_a-lseekr.o)
 .MSP430.attributes
                0x0000000000000a18       0x26 /opt/msp430-gcc/bin/../lib/gcc/msp430-elf/8.3.1/../../../../msp430-elf/lib/large/full-memory-range/libc.a(lib_a-nano-msizer.o)
 .MSP430.attributes
                0x0000000000000a3e       0x26 /opt/msp430-gcc/bin/../lib/gcc/msp430-elf/8.3.1/../../../../msp430-elf/lib/large/full-memory-range/libc.a(lib_a-nano-vfprintf_i.o)
 .MSP430.attributes
                0x0000000000000a64       0x26 /opt/msp430-gcc/bin/../lib/gcc/msp430-elf/8.3.1/../../../../msp430-elf/lib/large/full-memory-range/libc.a(lib_a-readr.o)
 .MSP430.attributes
                0x0000000000000a8a       0x26 /opt/msp430-gcc/bin/../lib/gcc/msp430-elf/8.3.1/../../../../msp430-elf/lib/large/full-memory-range/libc.a(lib_a-reent.o)
 .MSP430.attributes
                0x0000000000000ab0       0x26 /opt/msp430-gcc/bin/../lib/gcc/msp430-elf/8.3.1/../../../../msp430-elf/lib/large/full-memory-range/libc.a(lib_a-strcmp.o)
 .MSP430.attributes
                0x0000000000000ad6       0x26 /opt/msp430-gcc/bin/../lib/gcc/msp430-elf/8.3.1/../../../../msp430-elf/lib/large/full-memory-range/libc.a(lib_a-wcrtomb.o)
 .MSP430.attributes
                0x0000000000000afc       0x26 /opt/msp430-gcc/bin/../lib/gcc/msp430-elf/8.3.1/../../../../msp430-elf/lib/large/full-memory-range/libc.a(lib_a-wctomb_r.o)
 .MSP430.attributes
                0x0000000000000b22       0x26 /opt/msp430-gcc/bin/../lib/gcc/msp430-elf/8.3.1/large/full-memory-range/libgcc.a(_muldi3.o)
 .MSP430.attributes
                0x0000000000000b48       0x26 /opt/msp430-gcc/bin/../lib/gcc/msp430-elf/8.3.1/large/full-memory-range/libgcc.a(lib2divHI.o)
 .MSP430.attributes
                0x0000000000000b6e       0x26 /opt/msp430-gcc/bin/../lib/gcc/msp430-elf/8.3.1/../../../../msp430-elf/lib/large/full-memory-range/libcrt.a(crt_bss.o)
 .MSP430.attributes
                0x0000000000000b94       0x26 /opt/msp430-gcc/bin/../lib/gcc/msp430-elf/8.3.1/../../../../msp430-elf/lib/large/full-memory-range/libcrt.a(crt_high_bss.o)
 .MSP430.attributes
                0x0000000000000bba       0x26 /opt/msp430-gcc/bin/../lib/gcc/msp430-elf/8.3.1/../../../../msp430-elf/lib/large/full-memory-range/libcrt.a(crt_movedata.o)
 .MSP430.attributes
                0x0000000000000be0       0x26 /opt/msp430-gcc/bin/../lib/gcc/msp430-elf/8.3.1/../../../../msp430-elf/lib/large/full-memory-range/libcrt.a(crt_move_highdata.o)
 .MSP430.attributes
                0x0000000000000c06       0x26 /opt/msp430-gcc/bin/../lib/gcc/msp430-elf/8.3.1/../../../../msp430-elf/lib/large/full-memory-range/libcrt.a(crt_main.o)
 .MSP430.attributes
                0x0000000000000c2c       0x26 /opt/msp430-gcc/bin/../lib/gcc/msp430-elf/8.3.1/../../../../msp430-elf/lib/large/full-memory-range/libnosys.a(ciosyscalls.o)
 .MSP430.attributes
                0x0000000000000c52       0x26 /opt/msp430-gcc/bin/../lib/gcc/msp430-elf/8.3.1/../../../../msp430-elf/lib/large/full-memory-range/libnosys.a(write.o)
 .MSP430.attributes
                0x0000000000000c78       0x26 /opt/msp430-gcc/bin/../lib/gcc/msp430-elf/8.3.1/../../../../msp430-elf/lib/large/full-memory-range/libnosys.a(sbrk.o)
 .MSP430.attributes
                0x0000000000000c9e       0x26 /opt/msp430-gcc/bin/../lib/gcc/msp430-elf/8.3.1/../../../../msp430-elf/lib/large/full-memory-range/libnosys.a(cio.o)
 .MSP430.attributes
                0x0000000000000cc4       0x26 /opt/msp430-gcc/bin/../lib/gcc/msp430-elf/8.3.1/../../../../msp430-elf/lib/large/full-memory-range/libc.a(lib_a-abort.o)
 .MSP430.attributes
                0x0000000000000cea       0x26 /opt/msp430-gcc/bin/../lib/gcc/msp430-elf/8.3.1/../../../../msp430-elf/lib/large/full-memory-range/libc.a(lib_a-errno.o)
 .MSP430.attributes
                0x0000000000000d10       0x26 /opt/msp430-gcc/bin/../lib/gcc/msp430-elf/8.3.1/../../../../msp430-elf/lib/large/full-memory-range/libc.a(lib_a-signal.o)
 .MSP430.attributes
                0x0000000000000d36       0x26 /opt/msp430-gcc/bin/../lib/gcc/msp430-elf/8.3.1/../../../../msp430-elf/lib/large/full-memory-range/libc.a(lib_a-signalr.o)
 .MSP430.attributes
                0x0000000000000d5c       0x26 /opt/msp430-gcc/bin/../lib/gcc/msp430-elf/8.3.1/../../../../msp430-elf/lib/large/full-memory-range/libnosys.a(exit.o)
 .MSP430.attributes
                0x0000000000000d82       0x26 /opt/msp430-gcc/bin/../lib/gcc/msp430-elf/8.3.1/large/full-memory-range/crtend_no_eh.o
 *(.gnu.attributes)
 *(__TI_build_attributes)

.stab
 *(.stab)

.stabstr
 *(.stabstr)

.stab.excl
 *(.stab.excl)

.stab.exclstr
 *(.stab.exclstr)

.stab.index
 *(.stab.index)

.stab.indexstr
 *(.stab.indexstr)

.comment        0x0000000000000000       0x39
 *(.comment)
 .comment       0x0000000000000000       0x39 /opt/msp430-gcc/bin/../lib/gcc/msp430-elf/8.3.1/large/full-memory-range/crtbegin_no_eh.o
                                         0x3a (size before relaxing)
 .comment       0x0000000000000039       0x3a main.o
 .comment       0x0000000000000039       0x3a libmsp430_obc.a(hal_vm_if.o)
 .comment       0x0000000000000039       0x3a libmsp430_obc.a(loc_provider_vm_if.o)
 .comment       0x0000000000000039       0x3a libmsp430_obc.a(msp430_eusci_a_serial_minimal.o)
 .comment       0x0000000000000039       0x3a libmsp430_obc.a(port.o)
 .comment       0x0000000000000039       0x3a libmsp430_obc.a(queue.o)
 .comment       0x0000000000000039       0x3a libmsp430_obc.a(state_handler_entrypoint_vm_if.o)
 .comment       0x0000000000000039       0x3a libmsp430_obc.a(tasks.o)
 .comment       0x0000000000000039       0x3a libmsp430_obc.a(tc_provider_vm_if.o)
 .comment       0x0000000000000039       0x3a libmsp430_obc.a(thread_hal_blink_led.o)
 .comment       0x0000000000000039       0x3a libmsp430_obc.a(thread_state_handler_entrypoint_poll_aoi.o)
 .comment       0x0000000000000039       0x3a libmsp430_obc.a(thread_state_handler_entrypoint_poll_mcp.o)
 .comment       0x0000000000000039       0x3a libmsp430_obc.a(thread_state_handler_entrypoint_toggle_pwr.o)
 .comment       0x0000000000000039       0x3a libmsp430_obc.a(thread_state_handler_entrypoint_trig_aoi.o)
 .comment       0x0000000000000039       0x3a libmsp430_obc.a(thread_state_handler_entrypoint_trig_mcp.o)
 .comment       0x0000000000000039       0x3a libmsp430_obc.a(thread_state_handler_entrypoint_trig_pwr.o)
 .comment       0x0000000000000039       0x3a libmsp430_obc.a(timers.o)
 .comment       0x0000000000000039       0x3a libmsp430_obc.a(tm_collection_vm_if.o)
 .comment       0x0000000000000039       0x3a libmsp430_obc.a(transport.o)
 .comment       0x0000000000000039       0x3a libmsp430_obc.a(State_Handler_Entrypoint.o)
 .comment       0x0000000000000039       0x3a libmsp430_obc.a(drivers_config.o)
 .comment       0x0000000000000039       0x3a libmsp430_obc.a(hal.o)
 .comment       0x0000000000000039       0x3a libmsp430_obc.a(list.o)
 .comment       0x0000000000000039       0x3a libmsp430_obc.a(loc_provider.o)
 .comment       0x0000000000000039       0x3a libmsp430_obc.a(msp430_obc_interface.o)
 .comment       0x0000000000000039       0x3a libmsp430_obc.a(state_handler_entrypoint_invoke_ri.o)
 .comment       0x0000000000000039       0x3a libmsp430_obc.a(tc_provider.o)
 .comment       0x0000000000000039       0x3a libmsp430_obc.a(tm_collection.o)
 .comment       0x0000000000000039       0x3a /opt/msp430-gcc/bin/../lib/gcc/msp430-elf/8.3.1/large/full-memory-range/libgcc.a(lib2divSI.o)
 .comment       0x0000000000000039       0x3a /opt/msp430-gcc/bin/../lib/gcc/msp430-elf/8.3.1/large/full-memory-range/libgcc.a(_udivdi3.o)
 .comment       0x0000000000000039       0x3a /opt/msp430-gcc/bin/../lib/gcc/msp430-elf/8.3.1/large/full-memory-range/libgcc.a(_clzdi2.o)
 .comment       0x0000000000000039       0x3a /opt/msp430-gcc/bin/../lib/gcc/msp430-elf/8.3.1/large/full-memory-range/libgcc.a(_clz.o)
 .comment       0x0000000000000039       0x3a /opt/msp430-gcc/bin/../lib/gcc/msp430-elf/8.3.1/../../../../msp430-elf/lib/large/full-memory-range/libc.a(lib_a-memcpy.o)
 .comment       0x0000000000000039       0x3a /opt/msp430-gcc/bin/../lib/gcc/msp430-elf/8.3.1/../../../../msp430-elf/lib/large/full-memory-range/libc.a(lib_a-memset.o)
 .comment       0x0000000000000039       0x3a /opt/msp430-gcc/bin/../lib/gcc/msp430-elf/8.3.1/../../../../msp430-elf/lib/large/full-memory-range/libc.a(lib_a-printf.o)
 .comment       0x0000000000000039       0x3a /opt/msp430-gcc/bin/../lib/gcc/msp430-elf/8.3.1/../../../../msp430-elf/lib/large/full-memory-range/libc.a(lib_a-putchar.o)
 .comment       0x0000000000000039       0x3a /opt/msp430-gcc/bin/../lib/gcc/msp430-elf/8.3.1/../../../../msp430-elf/lib/large/full-memory-range/libc.a(lib_a-putc.o)
 .comment       0x0000000000000039       0x3a /opt/msp430-gcc/bin/../lib/gcc/msp430-elf/8.3.1/../../../../msp430-elf/lib/large/full-memory-range/libc.a(lib_a-puts.o)
 .comment       0x0000000000000039       0x3a /opt/msp430-gcc/bin/../lib/gcc/msp430-elf/8.3.1/../../../../msp430-elf/lib/large/full-memory-range/libc.a(lib_a-strlen.o)
 .comment       0x0000000000000039       0x3a /opt/msp430-gcc/bin/../lib/gcc/msp430-elf/8.3.1/../../../../msp430-elf/lib/large/full-memory-range/libc.a(lib_a-wbuf.o)
 .comment       0x0000000000000039       0x3a /opt/msp430-gcc/bin/../lib/gcc/msp430-elf/8.3.1/../../../../msp430-elf/lib/large/full-memory-range/libc.a(lib_a-wsetup.o)
 .comment       0x0000000000000039       0x3a /opt/msp430-gcc/bin/../lib/gcc/msp430-elf/8.3.1/../../../../msp430-elf/lib/large/full-memory-range/libc.a(lib_a-fflush.o)
 .comment       0x0000000000000039       0x3a /opt/msp430-gcc/bin/../lib/gcc/msp430-elf/8.3.1/../../../../msp430-elf/lib/large/full-memory-range/libc.a(lib_a-findfp.o)
 .comment       0x0000000000000039       0x3a /opt/msp430-gcc/bin/../lib/gcc/msp430-elf/8.3.1/../../../../msp430-elf/lib/large/full-memory-range/libc.a(lib_a-fvwrite.o)
 .comment       0x0000000000000039       0x3a /opt/msp430-gcc/bin/../lib/gcc/msp430-elf/8.3.1/../../../../msp430-elf/lib/large/full-memory-range/libc.a(lib_a-fwalk.o)
 .comment       0x0000000000000039       0x3a /opt/msp430-gcc/bin/../lib/gcc/msp430-elf/8.3.1/../../../../msp430-elf/lib/large/full-memory-range/libc.a(lib_a-impure.o)
 .comment       0x0000000000000039       0x3a /opt/msp430-gcc/bin/../lib/gcc/msp430-elf/8.3.1/../../../../msp430-elf/lib/large/full-memory-range/libc.a(lib_a-makebuf.o)
 .comment       0x0000000000000039       0x3a /opt/msp430-gcc/bin/../lib/gcc/msp430-elf/8.3.1/../../../../msp430-elf/lib/large/full-memory-range/libc.a(lib_a-memchr.o)
 .comment       0x0000000000000039       0x3a /opt/msp430-gcc/bin/../lib/gcc/msp430-elf/8.3.1/../../../../msp430-elf/lib/large/full-memory-range/libc.a(lib_a-memmove.o)
 .comment       0x0000000000000039       0x3a /opt/msp430-gcc/bin/../lib/gcc/msp430-elf/8.3.1/../../../../msp430-elf/lib/large/full-memory-range/libc.a(lib_a-nano-freer.o)
 .comment       0x0000000000000039       0x3a /opt/msp430-gcc/bin/../lib/gcc/msp430-elf/8.3.1/../../../../msp430-elf/lib/large/full-memory-range/libc.a(lib_a-nano-mallocr.o)
 .comment       0x0000000000000039       0x3a /opt/msp430-gcc/bin/../lib/gcc/msp430-elf/8.3.1/../../../../msp430-elf/lib/large/full-memory-range/libc.a(lib_a-nano-reallocr.o)
 .comment       0x0000000000000039       0x3a /opt/msp430-gcc/bin/../lib/gcc/msp430-elf/8.3.1/../../../../msp430-elf/lib/large/full-memory-range/libc.a(lib_a-nano-vfprintf.o)
 .comment       0x0000000000000039       0x3a /opt/msp430-gcc/bin/../lib/gcc/msp430-elf/8.3.1/../../../../msp430-elf/lib/large/full-memory-range/libc.a(lib_a-sbrkr.o)
 .comment       0x0000000000000039       0x3a /opt/msp430-gcc/bin/../lib/gcc/msp430-elf/8.3.1/../../../../msp430-elf/lib/large/full-memory-range/libc.a(lib_a-stdio.o)
 .comment       0x0000000000000039       0x3a /opt/msp430-gcc/bin/../lib/gcc/msp430-elf/8.3.1/../../../../msp430-elf/lib/large/full-memory-range/libc.a(lib_a-writer.o)
 .comment       0x0000000000000039       0x3a /opt/msp430-gcc/bin/../lib/gcc/msp430-elf/8.3.1/../../../../msp430-elf/lib/large/full-memory-range/libc.a(lib_a-closer.o)
 .comment       0x0000000000000039       0x3a /opt/msp430-gcc/bin/../lib/gcc/msp430-elf/8.3.1/../../../../msp430-elf/lib/large/full-memory-range/libc.a(lib_a-fclose.o)
 .comment       0x0000000000000039       0x3a /opt/msp430-gcc/bin/../lib/gcc/msp430-elf/8.3.1/../../../../msp430-elf/lib/large/full-memory-range/libc.a(lib_a-fputwc.o)
 .comment       0x0000000000000039       0x3a /opt/msp430-gcc/bin/../lib/gcc/msp430-elf/8.3.1/../../../../msp430-elf/lib/large/full-memory-range/libc.a(lib_a-fstatr.o)
 .comment       0x0000000000000039       0x3a /opt/msp430-gcc/bin/../lib/gcc/msp430-elf/8.3.1/../../../../msp430-elf/lib/large/full-memory-range/libc.a(lib_a-isattyr.o)
 .comment       0x0000000000000039       0x3a /opt/msp430-gcc/bin/../lib/gcc/msp430-elf/8.3.1/../../../../msp430-elf/lib/large/full-memory-range/libc.a(lib_a-locale.o)