Archive member included to satisfy reference by file (symbol)

libmsp430_obc.a(loc_provider_vm_if.o)
                              main.o (init_loc_provider)
libmsp430_obc.a(msp430_eusci_a_serial_minimal.o)
                              main.o (msp430_eusci_a_serial_minimal_init)
libmsp430_obc.a(port.o)       libmsp430_obc.a(msp430_eusci_a_serial_minimal.o) (usCriticalNesting)
libmsp430_obc.a(queue.o)      main.o (xQueueGenericCreateStatic)
libmsp430_obc.a(state_handler_entrypoint_vm_if.o)
                              main.o (init_state_handler_entrypoint)
libmsp430_obc.a(tasks.o)      libmsp430_obc.a(port.o) (pxCurrentTCB)
libmsp430_obc.a(tc_provider_vm_if.o)
                              main.o (init_tc_provider)
libmsp430_obc.a(tc_validation_vm_if.o)
                              main.o (init_tc_validation)
libmsp430_obc.a(thread_state_handler_entrypoint_poll_aoi.o)
                              main.o (prv_state_handler_entrypoint_poll_aoi_Task)
libmsp430_obc.a(thread_state_handler_entrypoint_poll_mcp.o)
                              main.o (prv_state_handler_entrypoint_poll_mcp_Task)
libmsp430_obc.a(thread_state_handler_entrypoint_toggle_pwr.o)
                              main.o (prv_state_handler_entrypoint_toggle_pwr_Task)
libmsp430_obc.a(thread_state_handler_entrypoint_trig_aoi.o)
                              main.o (prv_state_handler_entrypoint_trig_aoi_Task)
libmsp430_obc.a(thread_state_handler_entrypoint_trig_mcp.o)
                              main.o (prv_state_handler_entrypoint_trig_mcp_Task)
libmsp430_obc.a(thread_state_handler_entrypoint_trig_pwr.o)
                              main.o (prv_state_handler_entrypoint_trig_pwr_Task)
libmsp430_obc.a(timers.o)     libmsp430_obc.a(tasks.o) (xTimerCreateTimerTask)
libmsp430_obc.a(tm_collection_vm_if.o)
                              main.o (init_tm_collection)
libmsp430_obc.a(tm_provider_vm_if.o)
                              main.o (init_tm_provider)
libmsp430_obc.a(transport.o)  libmsp430_obc.a(msp430_eusci_a_serial_minimal.o) (register_remote_transport_func)
libmsp430_obc.a(State_Handler_Entrypoint.o)
                              libmsp430_obc.a(state_handler_entrypoint_vm_if.o) (CInitState_Handler_Entrypoint)
libmsp430_obc.a(drivers_config.o)
                              libmsp430_obc.a(msp430_eusci_a_serial_minimal.o) (pohidrv_node_2_msp430_eusci_a_serial_minimal)
libmsp430_obc.a(list.o)       libmsp430_obc.a(queue.o) (vListInitialise)
libmsp430_obc.a(loc_provider.o)
                              libmsp430_obc.a(loc_provider_vm_if.o) (loc_provider_startup)
libmsp430_obc.a(msp430_obc_interface.o)
                              libmsp430_obc.a(thread_state_handler_entrypoint_poll_aoi.o) (call_state_handler_entrypoint_poll_aoi)
libmsp430_obc.a(state_handler_entrypoint_invoke_ri.o)
                              libmsp430_obc.a(State_Handler_Entrypoint.o) (state_handler_entrypoint_RI_request_loc)
libmsp430_obc.a(tc_provider.o)
                              libmsp430_obc.a(tc_provider_vm_if.o) (tc_provider_startup)
libmsp430_obc.a(tc_validation.o)
                              libmsp430_obc.a(tc_validation_vm_if.o) (tc_validation_startup)
libmsp430_obc.a(tm_collection.o)
                              libmsp430_obc.a(tm_collection_vm_if.o) (tm_collection_startup)
libmsp430_obc.a(tm_provider.o)
                              libmsp430_obc.a(tm_provider_vm_if.o) (tm_provider_startup)
/opt/msp430-gcc/bin/../lib/gcc/msp430-elf/8.3.1/large/full-memory-range/libgcc.a(lib2divSI.o)
                              libmsp430_obc.a(State_Handler_Entrypoint.o) (__mspabi_remul)
/opt/msp430-gcc/bin/../lib/gcc/msp430-elf/8.3.1/large/full-memory-range/libgcc.a(slli.o)
                              libmsp430_obc.a(tasks.o) (__mspabi_slll)
/opt/msp430-gcc/bin/../lib/gcc/msp430-elf/8.3.1/large/full-memory-range/libgcc.a(_udivdi3.o)
                              /opt/msp430-gcc/bin/../lib/gcc/msp430-elf/8.3.1/large/full-memory-range/libgcc.a(lib2divSI.o) (__mspabi_divull)
/opt/msp430-gcc/bin/../lib/gcc/msp430-elf/8.3.1/large/full-memory-range/libgcc.a(srli.o)
                              /opt/msp430-gcc/bin/../lib/gcc/msp430-elf/8.3.1/large/full-memory-range/libgcc.a(_udivdi3.o) (__mspabi_srlll)
/opt/msp430-gcc/bin/../lib/gcc/msp430-elf/8.3.1/large/full-memory-range/libgcc.a(_clzdi2.o)
                              /opt/msp430-gcc/bin/../lib/gcc/msp430-elf/8.3.1/large/full-memory-range/libgcc.a(_udivdi3.o) (__clzdi2)
/opt/msp430-gcc/bin/../lib/gcc/msp430-elf/8.3.1/large/full-memory-range/libgcc.a(_clz.o)
                              /opt/msp430-gcc/bin/../lib/gcc/msp430-elf/8.3.1/large/full-memory-range/libgcc.a(_clzdi2.o) (__clz_tab)
/opt/msp430-gcc/bin/../lib/gcc/msp430-elf/8.3.1/large/full-memory-range/libmul_f5.a(lib2hw_mul_f5.o)
                              libmsp430_obc.a(queue.o) (__mspabi_mpyul_f5hw)
/opt/msp430-gcc/bin/../lib/gcc/msp430-elf/8.3.1/../../../../msp430-elf/lib/large/full-memory-range/libc.a(lib_a-memcpy.o)
[...]
Memory Configuration

Name             Origin             Length             Attributes
SFR              0x0000000000000000 0x0000000000000010
BSL              0x0000000000001000 0x0000000000000800
RAM              0x0000000000001c00 0x0000000000000800
INFOMEM          0x0000000000001800 0x0000000000000200
INFOA            0x0000000000001980 0x0000000000000080
INFOB            0x0000000000001900 0x0000000000000080
INFOC            0x0000000000001880 0x0000000000000080
INFOD            0x0000000000001800 0x0000000000000080
ROM              0x0000000000004400 0x000000000000bb80 xr
HIFRAM           0x0000000000010000 0x0000000000003fff xrw
JTAGSIGNATURE    0x000000000000ff80 0x0000000000000004
BSLSIGNATURE     0x000000000000ff84 0x0000000000000004
IPESIGNATURE     0x000000000000ff88 0x0000000000000008
VECT1            0x000000000000ff90 0x0000000000000002
VECT2            0x000000000000ff92 0x0000000000000002
VECT3            0x000000000000ff94 0x0000000000000002
VECT4            0x000000000000ff96 0x0000000000000002
VECT5            0x000000000000ff98 0x0000000000000002
VECT6            0x000000000000ff9a 0x0000000000000002
VECT7            0x000000000000ff9c 0x0000000000000002
VECT8            0x000000000000ff9e 0x0000000000000002
VECT9            0x000000000000ffa0 0x0000000000000002
VECT10           0x000000000000ffa2 0x0000000000000002
VECT11           0x000000000000ffa4 0x0000000000000002
VECT12           0x000000000000ffa6 0x0000000000000002
VECT13           0x000000000000ffa8 0x0000000000000002
VECT14           0x000000000000ffaa 0x0000000000000002
VECT15           0x000000000000ffac 0x0000000000000002
VECT16           0x000000000000ffae 0x0000000000000002
VECT17           0x000000000000ffb0 0x0000000000000002
VECT18           0x000000000000ffb2 0x0000000000000002
VECT19           0x000000000000ffb4 0x0000000000000002
VECT20           0x000000000000ffb6 0x0000000000000002
VECT21           0x000000000000ffb8 0x0000000000000002
VECT22           0x000000000000ffba 0x0000000000000002
VECT23           0x000000000000ffbc 0x0000000000000002
VECT24           0x000000000000ffbe 0x0000000000000002
VECT25           0x000000000000ffc0 0x0000000000000002
VECT26           0x000000000000ffc2 0x0000000000000002
VECT27           0x000000000000ffc4 0x0000000000000002
VECT28           0x000000000000ffc6 0x0000000000000002
VECT29           0x000000000000ffc8 0x0000000000000002
VECT30           0x000000000000ffca 0x0000000000000002
VECT31           0x000000000000ffcc 0x0000000000000002
VECT32           0x000000000000ffce 0x0000000000000002
VECT33           0x000000000000ffd0 0x0000000000000002
VECT34           0x000000000000ffd2 0x0000000000000002
VECT35           0x000000000000ffd4 0x0000000000000002
VECT36           0x000000000000ffd6 0x0000000000000002
VECT37           0x000000000000ffd8 0x0000000000000002
VECT38           0x000000000000ffda 0x0000000000000002
VECT39           0x000000000000ffdc 0x0000000000000002
VECT40           0x000000000000ffde 0x0000000000000002
VECT41           0x000000000000ffe0 0x0000000000000002
VECT42           0x000000000000ffe2 0x0000000000000002
VECT43           0x000000000000ffe4 0x0000000000000002
VECT44           0x000000000000ffe6 0x0000000000000002
VECT45           0x000000000000ffe8 0x0000000000000002
VECT46           0x000000000000ffea 0x0000000000000002
VECT47           0x000000000000ffec 0x0000000000000002
VECT48           0x000000000000ffee 0x0000000000000002
VECT49           0x000000000000fff0 0x0000000000000002
VECT50           0x000000000000fff2 0x0000000000000002
VECT51           0x000000000000fff4 0x0000000000000002
VECT52           0x000000000000fff6 0x0000000000000002
VECT53           0x000000000000fff8 0x0000000000000002
VECT54           0x000000000000fffa 0x0000000000000002
VECT55           0x000000000000fffc 0x0000000000000002
RESETVEC         0x000000000000fffe 0x0000000000000002
*default*        0x0000000000000000 0xffffffffffffffff

Linker script and memory map

LOAD /opt/msp430-gcc/bin/../lib/gcc/msp430-elf/8.3.1/../../../../msp430-elf/lib/large/full-memory-range/crt0.o
LOAD /opt/msp430-gcc/bin/../lib/gcc/msp430-elf/8.3.1/large/full-memory-range/crtbegin_no_eh.o
LOAD main.o
LOAD libmsp430_obc.a
LOAD /opt/msp430-gcc/bin/../lib/gcc/msp430-elf/8.3.1/large/full-memory-range/libgcc.a
START GROUP
LOAD /opt/msp430-gcc/bin/../lib/gcc/msp430-elf/8.3.1/large/full-memory-range/libmul_f5.a
LOAD /opt/msp430-gcc/bin/../lib/gcc/msp430-elf/8.3.1/../../../../msp430-elf/lib/large/full-memory-range/libc.a
LOAD /opt/msp430-gcc/bin/../lib/gcc/msp430-elf/8.3.1/large/full-memory-range/libgcc.a
LOAD /opt/msp430-gcc/bin/../lib/gcc/msp430-elf/8.3.1/../../../../msp430-elf/lib/large/full-memory-range/libcrt.a
LOAD /opt/msp430-gcc/bin/../lib/gcc/msp430-elf/8.3.1/../../../../msp430-elf/lib/large/full-memory-range/libnosys.a
END GROUP
LOAD /opt/msp430-gcc/bin/../lib/gcc/msp430-elf/8.3.1/large/full-memory-range/libgcc.a
LOAD /opt/msp430-gcc/bin/../lib/gcc/msp430-elf/8.3.1/large/full-memory-range/crtend_no_eh.o
LOAD /opt/msp430-gcc/bin/../lib/gcc/msp430-elf/8.3.1/large/full-memory-range/libgcc.a

.jtagsignature

.bslsignature

.ipe
 *(.ipesignature)
 *(.jtagpassword)

__interrupt_vector_1
 *(__interrupt_vector_1)

__interrupt_vector_2
 *(__interrupt_vector_2)

__interrupt_vector_3
 *(__interrupt_vector_3)

__interrupt_vector_4
 *(__interrupt_vector_4)

__interrupt_vector_5
 *(__interrupt_vector_5)

__interrupt_vector_6
 *(__interrupt_vector_6)

__interrupt_vector_7
 *(__interrupt_vector_7)

__interrupt_vector_8
 *(__interrupt_vector_8)

__interrupt_vector_9
 *(__interrupt_vector_9)

__interrupt_vector_10
 *(__interrupt_vector_10)

__interrupt_vector_11
 *(__interrupt_vector_11)

__interrupt_vector_12
 *(__interrupt_vector_12)

__interrupt_vector_13
 *(__interrupt_vector_13)

__interrupt_vector_14
 *(__interrupt_vector_14)

__interrupt_vector_15
 *(__interrupt_vector_15)

__interrupt_vector_16
 *(__interrupt_vector_16)

__interrupt_vector_17
 *(__interrupt_vector_17)

__interrupt_vector_18
 *(__interrupt_vector_18)

__interrupt_vector_19
 *(__interrupt_vector_19)

__interrupt_vector_20
 *(__interrupt_vector_20)

__interrupt_vector_21
 *(__interrupt_vector_21)

__interrupt_vector_22
 *(__interrupt_vector_22)

__interrupt_vector_23
 *(__interrupt_vector_23)

__interrupt_vector_24
 *(__interrupt_vector_24)

__interrupt_vector_25
 *(__interrupt_vector_25)

__interrupt_vector_26
 *(__interrupt_vector_26)

__interrupt_vector_27
 *(__interrupt_vector_27)

__interrupt_vector_28
 *(__interrupt_vector_28)

__interrupt_vector_29
 *(__interrupt_vector_29)

__interrupt_vector_30
 *(__interrupt_vector_30)

__interrupt_vector_31
 *(__interrupt_vector_31)
 *(__interrupt_vector_aes256)

__interrupt_vector_32
 *(__interrupt_vector_32)
 *(__interrupt_vector_rtc)

__interrupt_vector_33
 *(__interrupt_vector_33)
 *(__interrupt_vector_port4)

__interrupt_vector_34
 *(__interrupt_vector_34)
 *(__interrupt_vector_port3)

__interrupt_vector_35
 *(__interrupt_vector_35)
 *(__interrupt_vector_timer3_a1)

__interrupt_vector_36
 *(__interrupt_vector_36)
 *(__interrupt_vector_timer3_a0)

__interrupt_vector_37
 *(__interrupt_vector_37)
 *(__interrupt_vector_port2)

__interrupt_vector_38
 *(__interrupt_vector_38)
 *(__interrupt_vector_timer2_a1)

__interrupt_vector_39
 *(__interrupt_vector_39)
 *(__interrupt_vector_timer2_a0)

__interrupt_vector_40
 *(__interrupt_vector_40)
 *(__interrupt_vector_port1)

__interrupt_vector_41
 *(__interrupt_vector_41)
 *(__interrupt_vector_timer1_a1)

__interrupt_vector_42
 *(__interrupt_vector_42)
 *(__interrupt_vector_timer1_a0)

__interrupt_vector_43
 *(__interrupt_vector_43)
 *(__interrupt_vector_dma)

__interrupt_vector_44
 *(__interrupt_vector_44)
 *(__interrupt_vector_usci_a1)

__interrupt_vector_45
 *(__interrupt_vector_45)
 *(__interrupt_vector_timer0_a1)

__interrupt_vector_46
                0x000000000000ffea        0x2
 *(__interrupt_vector_46)
 __interrupt_vector_46
                0x000000000000ffea        0x2 libmsp430_obc.a(port.o)
 *(__interrupt_vector_timer0_a0)

__interrupt_vector_47
 *(__interrupt_vector_47)
 *(__interrupt_vector_adc12)

__interrupt_vector_48
 *(__interrupt_vector_48)
 *(__interrupt_vector_usci_b0)

__interrupt_vector_49
                0x000000000000fff0        0x2
 *(__interrupt_vector_49)
 __interrupt_vector_49
                0x000000000000fff0        0x2 libmsp430_obc.a(msp430_eusci_a_serial_minimal.o)
 *(__interrupt_vector_usci_a0)

__interrupt_vector_50
 *(__interrupt_vector_50)
 *(__interrupt_vector_wdt)

__interrupt_vector_51
 *(__interrupt_vector_51)
 *(__interrupt_vector_timer0_b1)

__interrupt_vector_52
 *(__interrupt_vector_52)
 *(__interrupt_vector_timer0_b0)

__interrupt_vector_53
 *(__interrupt_vector_53)
 *(__interrupt_vector_comp_e)

__interrupt_vector_54
 *(__interrupt_vector_54)
 *(__interrupt_vector_unmi)

__interrupt_vector_55
 *(__interrupt_vector_55)
 *(__interrupt_vector_sysnmi)

__reset_vector  0x000000000000fffe        0x2
 *(__interrupt_vector_56)
 *(__interrupt_vector_reset)
 *(.resetvec)
 .resetvec      0x000000000000fffe        0x2 /opt/msp430-gcc/bin/../lib/gcc/msp430-elf/8.3.1/../../../../msp430-elf/lib/large/full-memory-range/crt0.o

.lower.rodata   0x0000000000004400        0x0
                0x0000000000004400                . = ALIGN (0x2)
 *(.lower.rodata.* .lower.rodata)

.rodata         0x0000000000004400        0x0
                0x0000000000004400                . = ALIGN (0x2)
 *(.plt)
 *(.rodata .rodata.* .gnu.linkonce.r.* .const .const:*)
 *(.rodata1)
 *(.gcc_except_table)
 *(.gcc_except_table.*)

.rodata2        0x0000000000004400       0x4c
                0x0000000000004400                . = ALIGN (0x2)
                [!provide]                        PROVIDE (__preinit_array_start, .)
 *(.preinit_array)
                [!provide]                        PROVIDE (__preinit_array_end, .)
                0x0000000000004400                . = ALIGN (0x2)
                [!provide]                        PROVIDE (__init_array_start, .)
 *(SORT(.init_array.*))
 *(.init_array)
                [!provide]                        PROVIDE (__init_array_end, .)
                0x0000000000004400                . = ALIGN (0x2)
                [!provide]                        PROVIDE (__fini_array_start, .)
 *(.fini_array)
 *(SORT(.fini_array.*))
                [!provide]                        PROVIDE (__fini_array_end, .)
                0x0000000000004400                . = ALIGN (0x2)
 *(.eh_frame_hdr)
 *(.eh_frame)
 .eh_frame      0x0000000000004400       0x48 /opt/msp430-gcc/bin/../lib/gcc/msp430-elf/8.3.1/large/full-memory-range/libgcc.a(_udivdi3.o)
 .eh_frame      0x0000000000004448        0x4 /opt/msp430-gcc/bin/../lib/gcc/msp430-elf/8.3.1/large/full-memory-range/crtend_no_eh.o
 *crtbegin*.o(.ctors)
 *(EXCLUDE_FILE(*crtend*.o) .ctors)
 *(SORT(.ctors.*))
 *(.ctors)
 *crtbegin*.o(.dtors)
 *(EXCLUDE_FILE(*crtend*.o) .dtors)
 *(SORT(.dtors.*))
 *(.dtors)

.upper.rodata   0x0000000000010000      0x3eb
 *(.upper.rodata.* .upper.rodata)
 .upper.rodata  0x0000000000010000       0xce main.o
 .upper.rodata  0x00000000000100ce        0xe libmsp430_obc.a(msp430_eusci_a_serial_minimal.o)
 .upper.rodata  0x00000000000100dc        0x5 libmsp430_obc.a(tasks.o)
 .upper.rodata  0x00000000000100e1       0x28 libmsp430_obc.a(thread_state_handler_entrypoint_poll_aoi.o)
 .upper.rodata  0x0000000000010109       0x28 libmsp430_obc.a(thread_state_handler_entrypoint_poll_mcp.o)
 .upper.rodata  0x0000000000010131       0x2a libmsp430_obc.a(thread_state_handler_entrypoint_toggle_pwr.o)
 .upper.rodata  0x000000000001015b        0x8 libmsp430_obc.a(timers.o)
 .upper.rodata  0x0000000000010163      0x16e libmsp430_obc.a(State_Handler_Entrypoint.o)
 *fill*         0x00000000000102d1        0x1 
 .upper.rodata  0x00000000000102d2       0x4c libmsp430_obc.a(drivers_config.o)
                0x00000000000102d2                pohidrv_node_2_msp430_eusci_a_serial_minimal
                0x00000000000102f8                pohidrv_node_1_serial
 .upper.rodata  0x000000000001031e       0x2f libmsp430_obc.a(loc_provider.o)
 .upper.rodata  0x000000000001034d        0x2 /opt/msp430-gcc/bin/../lib/gcc/msp430-elf/8.3.1/../../../../msp430-elf/lib/large/full-memory-range/libc.a(lib_a-puts.o)
 *fill*         0x000000000001034f        0x1 
 .upper.rodata.__sf_fake_stderr
                0x0000000000010350       0x18 /opt/msp430-gcc/bin/../lib/gcc/msp430-elf/8.3.1/../../../../msp430-elf/lib/large/full-memory-range/libc.a(lib_a-findfp.o)
                0x0000000000010350                __sf_fake_stderr
 .upper.rodata.__sf_fake_stdout
                0x0000000000010368       0x18 /opt/msp430-gcc/bin/../lib/gcc/msp430-elf/8.3.1/../../../../msp430-elf/lib/large/full-memory-range/libc.a(lib_a-findfp.o)
                0x0000000000010368                __sf_fake_stdout
 .upper.rodata.__sf_fake_stdin
                0x0000000000010380       0x18 /opt/msp430-gcc/bin/../lib/gcc/msp430-elf/8.3.1/../../../../msp430-elf/lib/large/full-memory-range/libc.a(lib_a-findfp.o)
                0x0000000000010380                __sf_fake_stdin
 .upper.rodata._global_impure_ptr
                0x0000000000010398        0x4 /opt/msp430-gcc/bin/../lib/gcc/msp430-elf/8.3.1/../../../../msp430-elf/lib/large/full-memory-range/libc.a(lib_a-impure.o)
                0x0000000000010398                _global_impure_ptr
 .upper.rodata  0x000000000001039c        0x2 /opt/msp430-gcc/bin/../lib/gcc/msp430-elf/8.3.1/../../../../msp430-elf/lib/large/full-memory-range/libc.a(lib_a-impure.o)
 .upper.rodata  0x000000000001039e       0x11 /opt/msp430-gcc/bin/../lib/gcc/msp430-elf/8.3.1/../../../../msp430-elf/lib/large/full-memory-range/libc.a(lib_a-nano-vfprintf.o)
 .upper.rodata  0x00000000000103af       0x22 /opt/msp430-gcc/bin/../lib/gcc/msp430-elf/8.3.1/../../../../msp430-elf/lib/large/full-memory-range/libc.a(lib_a-nano-vfprintf_i.o)
 .upper.rodata  0x00000000000103d1       0x1a /opt/msp430-gcc/bin/../lib/gcc/msp430-elf/8.3.1/../../../../msp430-elf/lib/large/full-memory-range/libnosys.a(sbrk.o)

.persistent     0x000000000000444c     0x2288
                0x000000000000444c                . = ALIGN (0x2)
                [!provide]                        PROVIDE (__persistent_start, .)
 *(.persistent)
 .persistent    0x000000000000444c     0x2040 main.o
                0x00000000000048f0                state_handler_entrypoint_trig_pwr_Global_Queue
                0x0000000000004d98                state_handler_entrypoint_trig_mcp_Global_Queue
                0x0000000000005240                state_handler_entrypoint_trig_aoi_Global_Queue
                0x00000000000056d0                state_handler_entrypoint_toggle_pwr_Global_Queue
                0x0000000000005b60                state_handler_entrypoint_poll_mcp_Global_Queue
                0x0000000000005ff0                state_handler_entrypoint_poll_aoi_Global_Queue
                0x0000000000005ff4                prv_state_handler_entrypoint_Semaphore_Buffer
                0x0000000000006030                state_handler_entrypoint_Semaphore
                0x0000000000006034                prv_tm_provider_Semaphore_Buffer
                0x0000000000006070                tm_provider_Semaphore
                0x0000000000006074                prv_tc_validation_Semaphore_Buffer
                0x00000000000060b0                tc_validation_Semaphore
                0x00000000000060b4                prv_tc_provider_Semaphore_Buffer
                0x00000000000060f0                tc_provider_Semaphore
                0x00000000000060f4                prv_tm_collection_Semaphore_Buffer
                0x0000000000006130                tm_collection_Semaphore
                0x0000000000006134                prv_loc_provider_Semaphore_Buffer
                0x0000000000006170                loc_provider_Semaphore
                0x0000000000006174                xTimerTaskStack
                0x00000000000062c8                xTimerTaskTCB
                0x0000000000006300                xIdleTaskStack
                0x0000000000006454                xIdleTaskTCB
 .persistent    0x000000000000648c      0x18c libmsp430_obc.a(msp430_eusci_a_serial_minimal.o)
                0x000000000000648c                prv_msp430_eusci_a_serial_minimal_poller_tcb
                0x00000000000064c4                prv_msp430_eusci_a_serial_minimal_poller_stack
 .persistent    0x0000000000006618       0x2a libmsp430_obc.a(thread_state_handler_entrypoint_poll_aoi.o)
                0x0000000000006618                prv_state_handler_entrypoint_poll_aoi_Timer
                0x000000000000661c                prv_state_handler_entrypoint_poll_aoi_Timer_Buffer
 .persistent    0x0000000000006642       0x2a libmsp430_obc.a(thread_state_handler_entrypoint_poll_mcp.o)
                0x0000000000006642                prv_state_handler_entrypoint_poll_mcp_Timer
                0x0000000000006646                prv_state_handler_entrypoint_poll_mcp_Timer_Buffer
 .persistent    0x000000000000666c       0x2a libmsp430_obc.a(thread_state_handler_entrypoint_toggle_pwr.o)
                0x000000000000666c                prv_state_handler_entrypoint_toggle_pwr_Timer
                0x0000000000006670                prv_state_handler_entrypoint_toggle_pwr_Timer_Buffer
 .persistent    0x0000000000006696        0x4 libmsp430_obc.a(transport.o)
 .persistent    0x000000000000669a       0x3a libmsp430_obc.a(State_Handler_Entrypoint.o)
                0x000000000000669a                state_handler_entrypoint_context
                0x00000000000066d4                . = ALIGN (0x2)
                [!provide]                        PROVIDE (__persistent_end, .)

.lower.data     0x0000000000001c00        0x0 load address 0x00000000000066d4
                0x0000000000001c00                . = ALIGN (0x2)
                0x0000000000001c00                PROVIDE (__datastart, .)
 *(.lower.data.* .lower.data)

.data           0x0000000000001c00        0x0 load address 0x00000000000066d4
                0x0000000000001c00                . = ALIGN (0x2)
 *(.jcr)
 *(.data.rel.ro.local)
 *(.data.rel.ro*)
 *(.dynamic)
 *(.data .data.* .gnu.linkonce.d.*)
 *(.gnu.linkonce.d.*personality*)
 *(.data1)
 *(.got.plt)
 *(.got)
                0x0000000000001c00                . = ALIGN (0x2)
 *(.sdata .sdata.* .gnu.linkonce.s.* D_2 D_1)
                0x0000000000001c00                . = ALIGN (0x2)
                0x0000000000001c00                _edata = .
                [!provide]                        PROVIDE (edata, .)
                [!provide]                        PROVIDE (__dataend, .)
                0x00000000000066d4                PROVIDE (__romdatastart, LOADADDR (.lower.data))
                0x0000000000000000                PROVIDE (__romdatacopysize, (SIZEOF (.lower.data) + SIZEOF (.data)))

.upper.data     0x00000000000103ec      0x15d load address 0x00000000000066d4
                0x00000000000066d4                __upper_data_init = LOADADDR (.upper.data)
                0x00000000000103ec        0x2 SHORT 0x1
                0x00000000000103ee                __high_datastart = .
 *(.upper.data.* .upper.data)
 .upper.data    0x00000000000103ee        0x2 libmsp430_obc.a(port.o)
                0x00000000000103ee                usCriticalNesting
 .upper.data._impure_ptr
                0x00000000000103f0        0x4 /opt/msp430-gcc/bin/../lib/gcc/msp430-elf/8.3.1/../../../../msp430-elf/lib/large/full-memory-range/libc.a(lib_a-impure.o)
                0x00000000000103f0                _impure_ptr
 .upper.data.impure_data
                0x00000000000103f4       0xe0 /opt/msp430-gcc/bin/../lib/gcc/msp430-elf/8.3.1/../../../../msp430-elf/lib/large/full-memory-range/libc.a(lib_a-impure.o)
 .upper.data.lc_ctype_charset
                0x00000000000104d4       0x20 /opt/msp430-gcc/bin/../lib/gcc/msp430-elf/8.3.1/../../../../msp430-elf/lib/large/full-memory-range/libc.a(lib_a-locale.o)
 .upper.data.__mb_cur_max
                0x00000000000104f4        0x2 /opt/msp430-gcc/bin/../lib/gcc/msp430-elf/8.3.1/../../../../msp430-elf/lib/large/full-memory-range/libc.a(lib_a-locale.o)
                0x00000000000104f4                __mb_cur_max
 .upper.data.__wctomb
                0x00000000000104f6        0x4 /opt/msp430-gcc/bin/../lib/gcc/msp430-elf/8.3.1/../../../../msp430-elf/lib/large/full-memory-range/libc.a(lib_a-wctomb_r.o)
                0x00000000000104f6                __wctomb
 .upper.data.heap.1463
                0x00000000000104fa        0x4 /opt/msp430-gcc/bin/../lib/gcc/msp430-elf/8.3.1/../../../../msp430-elf/lib/large/full-memory-range/libnosys.a(sbrk.o)
 .upper.data    0x00000000000104fe       0x4b /opt/msp430-gcc/bin/../lib/gcc/msp430-elf/8.3.1/../../../../msp430-elf/lib/large/full-memory-range/libnosys.a(cio.o)
                0x00000000000104fe                __CIOBUF__
                0x00000000000104fe                _CIOBUF_
                0x0000000000010549                __high_dataend = .
                0x000000000000015b                __rom_highdatacopysize = (SIZEOF (.upper.data) - 0x2)
                0x00000000000066d6                __rom_highdatastart = (LOADADDR (.upper.data) + 0x2)

.lower.bss      0x0000000000001c00        0x0
                0x0000000000001c00                . = ALIGN (0x2)
                0x0000000000001c00                PROVIDE (__bssstart, .)
 *(.lower.bss.* .lower.bss)

.bss            0x0000000000001c00        0x2
                0x0000000000001c00                . = ALIGN (0x2)
 *(.dynbss)
 *(.sbss .sbss.*)
 *(.bss .bss.* .gnu.linkonce.b.*)
                0x0000000000001c00                . = ALIGN (0x2)
 *(COMMON)
 COMMON         0x0000000000001c00        0x2 /opt/msp430-gcc/bin/../lib/gcc/msp430-elf/8.3.1/../../../../msp430-elf/lib/large/full-memory-range/libc.a(lib_a-reent.o)
                0x0000000000001c00                errno
                [!provide]                        PROVIDE (__bssend, .)
                0x0000000000000002                PROVIDE (__bsssize, (SIZEOF (.lower.bss) + SIZEOF (.bss)))

.upper.bss      0x000000000001054a      0x246
                0x000000000001054a                . = ALIGN (0x2)
                0x000000000001054a                __high_bssstart = .
 *(.upper.bss.* .upper.bss)
 .upper.bss     0x000000000001054a        0x2 libmsp430_obc.a(loc_provider_vm_if.o)
                0x000000000001054a                loc_provider_initialized
 .upper.bss     0x000000000001054c       0xf8 libmsp430_obc.a(msp430_eusci_a_serial_minimal.o)
 .upper.bss     0x0000000000010644        0x2 libmsp430_obc.a(state_handler_entrypoint_vm_if.o)
                0x0000000000010644                state_handler_entrypoint_initialized
 .upper.bss     0x0000000000010646       0xb0 libmsp430_obc.a(tasks.o)
 .upper.bss     0x00000000000106f6        0x4 libmsp430_obc.a(tasks.o)
                0x00000000000106f6                pxCurrentTCB
 .upper.bss     0x00000000000106fa        0x2 libmsp430_obc.a(tc_provider_vm_if.o)
                0x00000000000106fa                tc_provider_initialized
 .upper.bss     0x00000000000106fc        0x2 libmsp430_obc.a(tc_validation_vm_if.o)
                0x00000000000106fc                tc_validation_initialized
 .upper.bss     0x00000000000106fe       0x7e libmsp430_obc.a(timers.o)
 .upper.bss     0x000000000001077c        0x2 libmsp430_obc.a(tm_collection_vm_if.o)
                0x000000000001077c                tm_collection_initialized
 .upper.bss     0x000000000001077e        0x2 libmsp430_obc.a(tm_provider_vm_if.o)
                0x000000000001077e                tm_provider_initialized
 .upper.bss     0x0000000000010780        0x4 libmsp430_obc.a(loc_provider.o)
 .upper.bss     0x0000000000010784        0x4 libmsp430_obc.a(tc_provider.o)
 .upper.bss.__malloc_sbrk_start
                0x0000000000010788        0x4 /opt/msp430-gcc/bin/../lib/gcc/msp430-elf/8.3.1/../../../../msp430-elf/lib/large/full-memory-range/libc.a(lib_a-nano-mallocr.o)
                0x0000000000010788                __malloc_sbrk_start
 .upper.bss.__malloc_free_list
                0x000000000001078c        0x4 /opt/msp430-gcc/bin/../lib/gcc/msp430-elf/8.3.1/../../../../msp430-elf/lib/large/full-memory-range/libc.a(lib_a-nano-mallocr.o)
                0x000000000001078c                __malloc_free_list
                0x0000000000010790                . = ALIGN (0x2)
                0x0000000000010790                __high_bssend = .
                0x0000000000000246                __high_bsssize = SIZEOF (.upper.bss)

.noinit         0x0000000000001c02        0x0
                0x0000000000001c02                . = ALIGN (0x2)
                [!provide]                        PROVIDE (__noinit_start, .)
 *(.noinit)
                0x0000000000001c02                . = ALIGN (0x2)
                [!provide]                        PROVIDE (__noinit_end, .)

.heap           0x0000000000001c02        0x4
                0x0000000000001c02                . = ALIGN (0x2)
                0x0000000000001c02                __heap_start__ = .
                0x0000000000001c02                _end = __heap_start__
                0x0000000000001c02                PROVIDE (end, .)
 *(.heap)
                0x0000000000001c02                _end = .
                [!provide]                        PROVIDE (end, .)
                0x0000000000001c02        0x4 LONG 0x0
                0x0000000000001c06                __heap_end__ = .
                0x0000000000001c06                __HeapLimit = __heap_end__

.stack          0x0000000000002400        0x0
                0x0000000000002400                PROVIDE (__stack, .)
 *(.stack)

.lower.text     0x0000000000006832     0x52dc
                0x0000000000006832                . = ALIGN (0x2)
 *(.lower.text.* .lower.text)
 .either.text.vApplicationStackOverflowHook
                0x0000000000006832        0xa main.o
                0x0000000000006832                vApplicationStackOverflowHook
 .either.text.vApplicationSetupTimerInterrupt
                0x000000000000683c       0x34 main.o
                0x000000000000683c                vApplicationSetupTimerInterrupt
 .either.text.vApplicationGetIdleTaskMemory
                0x0000000000006870       0x1c main.o
                0x0000000000006870                vApplicationGetIdleTaskMemory
 .either.text.vApplicationGetTimerTaskMemory
                0x000000000000688c       0x1c main.o
                0x000000000000688c                vApplicationGetTimerTaskMemory
 .either.text.startup.main
                0x00000000000068a8      0x23e main.o
                0x00000000000068a8                main
 .either.text.init_loc_provider
                0x0000000000006ae6       0x1a libmsp430_obc.a(loc_provider_vm_if.o)
                0x0000000000006ae6                init_loc_provider
 .either.text.loc_provider_request_loc
                0x0000000000006b00        0x6 libmsp430_obc.a(loc_provider_vm_if.o)
                0x0000000000006b00                loc_provider_request_loc
 .either.text.uart_setup_baudrate.part.3
                0x0000000000006b06       0x1a libmsp430_obc.a(msp430_eusci_a_serial_minimal.o)
 .either.text.uart_putc
                0x0000000000006b20       0x32 libmsp430_obc.a(msp430_eusci_a_serial_minimal.o)
 .either.text.msp430_eusci_a_serial_minimal_sender
                0x0000000000006b52       0xd8 libmsp430_obc.a(msp430_eusci_a_serial_minimal.o)
                0x0000000000006b52                msp430_eusci_a_serial_minimal_sender
 .either.text.process_packet
                0x0000000000006c2a       0x5c libmsp430_obc.a(msp430_eusci_a_serial_minimal.o)
                0x0000000000006c2a                process_packet
 .either.text.msp430_eusci_a_serial_minimal_poller
                0x0000000000006c86       0xc2 libmsp430_obc.a(msp430_eusci_a_serial_minimal.o)
                0x0000000000006c86                msp430_eusci_a_serial_minimal_poller
 .either.text.msp430_eusci_a_serial_minimal_init
                0x0000000000006d48      0x1e8 libmsp430_obc.a(msp430_eusci_a_serial_minimal.o)
                0x0000000000006d48                msp430_eusci_a_serial_minimal_init
 .either.text.pxPortInitialiseStack
                0x0000000000006f30       0x3a libmsp430_obc.a(port.o)
                0x0000000000006f30                pxPortInitialiseStack
 .either.text.xPortStartScheduler
                0x0000000000006f6a       0x24 libmsp430_obc.a(port.o)
                0x0000000000006f6a                xPortStartScheduler
 .either.text.vPortYield
                0x0000000000006f8e       0x3e libmsp430_obc.a(port.o)
                0x0000000000006f8e                vPortYield
 .either.text.vPortPreemptiveTickISR
                0x0000000000006fcc       0x42 libmsp430_obc.a(port.o)
                0x0000000000006fcc                vPortPreemptiveTickISR
 .either.text.prvCopyDataToQueue
                0x000000000000700e       0xaa libmsp430_obc.a(queue.o)
 .either.text.prvCopyDataFromQueue
                0x00000000000070b8       0x38 libmsp430_obc.a(queue.o)
 .either.text.prvUnlockQueue
                0x00000000000070f0       0xd8 libmsp430_obc.a(queue.o)
 .either.text.prvIsQueueEmpty
                0x00000000000071c8       0x3a libmsp430_obc.a(queue.o)
 .either.text.xQueueGenericReset
                0x0000000000007202       0xb0 libmsp430_obc.a(queue.o)
                0x0000000000007202                xQueueGenericReset
 .either.text.xQueueGenericCreateStatic
                0x00000000000072b2       0x92 libmsp430_obc.a(queue.o)
                0x00000000000072b2                xQueueGenericCreateStatic
 .either.text.xQueueGenericSend
                0x0000000000007344      0x214 libmsp430_obc.a(queue.o)
                0x0000000000007344                xQueueGenericSend
 .either.text.xQueueCreateMutexStatic
                0x0000000000007558       0x46 libmsp430_obc.a(queue.o)
                0x0000000000007558                xQueueCreateMutexStatic
 .either.text.xQueueGenericSendFromISR
                0x000000000000759e       0x9a libmsp430_obc.a(queue.o)
                0x000000000000759e                xQueueGenericSendFromISR
 .either.text.xQueueGiveFromISR
                0x0000000000007638       0x90 libmsp430_obc.a(queue.o)
                0x0000000000007638                xQueueGiveFromISR
 .either.text.xQueueReceive
                0x00000000000076c8      0x1d4 libmsp430_obc.a(queue.o)
                0x00000000000076c8                xQueueReceive
 .either.text.xQueueSemaphoreTake
                0x000000000000789c      0x276 libmsp430_obc.a(queue.o)
                0x000000000000789c                xQueueSemaphoreTake
 .either.text.vQueueWaitForMessageRestricted
                0x0000000000007b12       0x64 libmsp430_obc.a(queue.o)
                0x0000000000007b12                vQueueWaitForMessageRestricted
 .either.text.init_state_handler_entrypoint
                0x0000000000007b76       0x4a libmsp430_obc.a(state_handler_entrypoint_vm_if.o)
                0x0000000000007b76                init_state_handler_entrypoint
 .either.text.state_handler_entrypoint_poll_aoi
                0x0000000000007bc0        0x6 libmsp430_obc.a(state_handler_entrypoint_vm_if.o)
                0x0000000000007bc0                state_handler_entrypoint_poll_aoi
 .either.text.state_handler_entrypoint_poll_mcp
                0x0000000000007bc6        0x6 libmsp430_obc.a(state_handler_entrypoint_vm_if.o)
                0x0000000000007bc6                state_handler_entrypoint_poll_mcp
 .either.text.state_handler_entrypoint_toggle_pwr
                0x0000000000007bcc        0x6 libmsp430_obc.a(state_handler_entrypoint_vm_if.o)
                0x0000000000007bcc                state_handler_entrypoint_toggle_pwr
 .either.text.state_handler_entrypoint_trig_aoi
                0x0000000000007bd2        0x6 libmsp430_obc.a(state_handler_entrypoint_vm_if.o)
                0x0000000000007bd2                state_handler_entrypoint_trig_aoi
 .either.text.state_handler_entrypoint_trig_mcp
                0x0000000000007bd8        0x6 libmsp430_obc.a(state_handler_entrypoint_vm_if.o)
                0x0000000000007bd8                state_handler_entrypoint_trig_mcp
 .either.text.state_handler_entrypoint_trig_pwr
                0x0000000000007bde        0x6 libmsp430_obc.a(state_handler_entrypoint_vm_if.o)
                0x0000000000007bde                state_handler_entrypoint_trig_pwr
 .either.text.prvIdleTask
                0x0000000000007be4       0x1a libmsp430_obc.a(tasks.o)
 .either.text.prvResetNextTaskUnblockTime
                0x0000000000007bfe       0x3c libmsp430_obc.a(tasks.o)
 .either.text.prvAddCurrentTaskToDelayedList.isra.2
                0x0000000000007c3a       0x8a libmsp430_obc.a(tasks.o)
 .either.text.xTaskCreateStatic
                0x0000000000007cc4      0x21a libmsp430_obc.a(tasks.o)
                0x0000000000007cc4                xTaskCreateStatic
 .either.text.vTaskStartScheduler
                0x0000000000007ede       0x9e libmsp430_obc.a(tasks.o)
                0x0000000000007ede                vTaskStartScheduler
 .either.text.vTaskSuspendAll
                0x0000000000007f7c        0x8 libmsp430_obc.a(tasks.o)
                0x0000000000007f7c                vTaskSuspendAll
 .either.text.xTaskGetTickCount
                0x0000000000007f84       0x3a libmsp430_obc.a(tasks.o)
                0x0000000000007f84                xTaskGetTickCount
 .either.text.xTaskIncrementTick
                0x0000000000007fbe      0x198 libmsp430_obc.a(tasks.o)
                0x0000000000007fbe                xTaskIncrementTick
 .either.text.xTaskResumeAll
                0x0000000000008156      0x12c libmsp430_obc.a(tasks.o)
                0x0000000000008156                xTaskResumeAll
 .either.text.vTaskSwitchContext
                0x0000000000008282      0x11e libmsp430_obc.a(tasks.o)
                0x0000000000008282                vTaskSwitchContext
 .either.text.vTaskPlaceOnEventList
                0x00000000000083a0       0x2e libmsp430_obc.a(tasks.o)
                0x00000000000083a0                vTaskPlaceOnEventList
 .either.text.vTaskPlaceOnEventListRestricted
                0x00000000000083ce       0x38 libmsp430_obc.a(tasks.o)
                0x00000000000083ce                vTaskPlaceOnEventListRestricted
 .either.text.xTaskRemoveFromEventList
                0x0000000000008406       0xae libmsp430_obc.a(tasks.o)
                0x0000000000008406                xTaskRemoveFromEventList
 .either.text.vTaskInternalSetTimeOutState
                0x00000000000084b4       0x1e libmsp430_obc.a(tasks.o)
                0x00000000000084b4                vTaskInternalSetTimeOutState
 .either.text.xTaskCheckForTimeOut
                0x00000000000084d2       0xc4 libmsp430_obc.a(tasks.o)
                0x00000000000084d2                xTaskCheckForTimeOut
 .either.text.vTaskMissedYield
                0x0000000000008596        0x8 libmsp430_obc.a(tasks.o)
                0x0000000000008596                vTaskMissedYield
 .either.text.xTaskGetSchedulerState
                0x000000000000859e       0x24 libmsp430_obc.a(tasks.o)
                0x000000000000859e                xTaskGetSchedulerState
 .either.text.xTaskPriorityInherit
                0x00000000000085c2       0xdc libmsp430_obc.a(tasks.o)
                0x00000000000085c2                xTaskPriorityInherit
 .either.text.xTaskPriorityDisinherit
                0x000000000000869e       0xb0 libmsp430_obc.a(tasks.o)
                0x000000000000869e                xTaskPriorityDisinherit
 .either.text.vTaskPriorityDisinheritAfterTimeout
                0x000000000000874e       0xd8 libmsp430_obc.a(tasks.o)
                0x000000000000874e                vTaskPriorityDisinheritAfterTimeout
 .either.text.pvTaskIncrementMutexHeldCount
                0x0000000000008826       0x18 libmsp430_obc.a(tasks.o)
                0x0000000000008826                pvTaskIncrementMutexHeldCount
 .either.text.init_tc_provider
                0x000000000000883e       0x1a libmsp430_obc.a(tc_provider_vm_if.o)
                0x000000000000883e                init_tc_provider
 .either.text.tc_provider_request_tc
                0x0000000000008858        0x6 libmsp430_obc.a(tc_provider_vm_if.o)
                0x0000000000008858                tc_provider_request_tc
 .either.text.init_tc_validation
                0x000000000000885e       0x1a libmsp430_obc.a(tc_validation_vm_if.o)
                0x000000000000885e                init_tc_validation
 .either.text.prv_state_handler_entrypoint_poll_aoi_Timer_Callback
                0x0000000000008878       0x28 libmsp430_obc.a(thread_state_handler_entrypoint_poll_aoi.o)
                0x0000000000008878                prv_state_handler_entrypoint_poll_aoi_Timer_Callback
 .either.text.prv_state_handler_entrypoint_poll_aoi_Task
                0x00000000000088a0       0x7a libmsp430_obc.a(thread_state_handler_entrypoint_poll_aoi.o)
                0x00000000000088a0                prv_state_handler_entrypoint_poll_aoi_Task
 .either.text.prv_state_handler_entrypoint_poll_mcp_Timer_Callback
                0x000000000000891a       0x28 libmsp430_obc.a(thread_state_handler_entrypoint_poll_mcp.o)
                0x000000000000891a                prv_state_handler_entrypoint_poll_mcp_Timer_Callback
 .either.text.prv_state_handler_entrypoint_poll_mcp_Task
                0x0000000000008942       0x7a libmsp430_obc.a(thread_state_handler_entrypoint_poll_mcp.o)
                0x0000000000008942                prv_state_handler_entrypoint_poll_mcp_Task
 .either.text.prv_state_handler_entrypoint_toggle_pwr_Timer_Callback
                0x00000000000089bc       0x28 libmsp430_obc.a(thread_state_handler_entrypoint_toggle_pwr.o)
                0x00000000000089bc                prv_state_handler_entrypoint_toggle_pwr_Timer_Callback
 .either.text.prv_state_handler_entrypoint_toggle_pwr_Task
                0x00000000000089e4       0x7a libmsp430_obc.a(thread_state_handler_entrypoint_toggle_pwr.o)
                0x00000000000089e4                prv_state_handler_entrypoint_toggle_pwr_Task
 .either.text.prv_state_handler_entrypoint_trig_aoi_Task
                0x0000000000008a5e       0x2a libmsp430_obc.a(thread_state_handler_entrypoint_trig_aoi.o)
                0x0000000000008a5e                prv_state_handler_entrypoint_trig_aoi_Task
 .either.text.prv_state_handler_entrypoint_trig_mcp_Task
                0x0000000000008a88       0x2a libmsp430_obc.a(thread_state_handler_entrypoint_trig_mcp.o)
                0x0000000000008a88                prv_state_handler_entrypoint_trig_mcp_Task
 .either.text.prv_state_handler_entrypoint_trig_pwr_Task
                0x0000000000008ab2       0x2a libmsp430_obc.a(thread_state_handler_entrypoint_trig_pwr.o)
                0x0000000000008ab2                prv_state_handler_entrypoint_trig_pwr_Task
 .either.text.prvInsertTimerInActiveList
                0x0000000000008adc       0x9a libmsp430_obc.a(timers.o)
 .either.text.prvCheckForValidListAndQueue
                0x0000000000008b76       0x80 libmsp430_obc.a(timers.o)
 .either.text.xTimerCreateTimerTask
                0x0000000000008bf6       0x7a libmsp430_obc.a(timers.o)
                0x0000000000008bf6                xTimerCreateTimerTask
 .either.text.xTimerCreateStatic
                0x0000000000008c70       0x90 libmsp430_obc.a(timers.o)
                0x0000000000008c70                xTimerCreateStatic
 .either.text.xTimerGenericCommand
                0x0000000000008d00       0x8e libmsp430_obc.a(timers.o)
                0x0000000000008d00                xTimerGenericCommand
 .either.text.prvSwitchTimerLists
                0x0000000000008d8e       0xb2 libmsp430_obc.a(timers.o)
 .either.text.prvTimerTask
                0x0000000000008e40      0x29c libmsp430_obc.a(timers.o)
 .either.text.init_tm_collection
                0x00000000000090dc       0x26 libmsp430_obc.a(tm_collection_vm_if.o)
                0x00000000000090dc                init_tm_collection
 .either.text.init_tm_provider
                0x0000000000009102       0x1a libmsp430_obc.a(tm_provider_vm_if.o)
                0x0000000000009102                init_tm_provider
 .either.text.register_remote_transport_func
                0x000000000000911c        0x6 libmsp430_obc.a(transport.o)
                0x000000000000911c                register_remote_transport_func
 .either.text.process_incomming_message
                0x0000000000009122       0xb0 libmsp430_obc.a(transport.o)
                0x0000000000009122                process_incomming_message
 .either.text.deliver_to_gui_send_tm_aoi
                0x00000000000091d2       0x26 libmsp430_obc.a(transport.o)
                0x00000000000091d2                deliver_to_gui_send_tm_aoi
 .either.text.deliver_to_gui_send_tm_mcp
                0x00000000000091f8       0x26 libmsp430_obc.a(transport.o)
                0x00000000000091f8                deliver_to_gui_send_tm_mcp
 .either.text.runTransitionState_Handler_Entrypoint.part.0
                0x000000000000921e      0x3a4 libmsp430_obc.a(State_Handler_Entrypoint.o)
 .either.text.CInitState_Handler_Entrypoint
                0x00000000000095c2        0x8 libmsp430_obc.a(State_Handler_Entrypoint.o)
                0x00000000000095c2                CInitState_Handler_Entrypoint
 .either.text.state_handler_entrypoint_PI_poll_aoi
                0x00000000000095ca       0x10 libmsp430_obc.a(State_Handler_Entrypoint.o)
                0x00000000000095ca                state_handler_entrypoint_PI_poll_aoi
 .either.text.state_handler_entrypoint_PI_poll_mcp
                0x00000000000095da       0x10 libmsp430_obc.a(State_Handler_Entrypoint.o)
                0x00000000000095da                state_handler_entrypoint_PI_poll_mcp
 .either.text.state_handler_entrypoint_PI_toggle_pwr
                0x00000000000095ea       0x24 libmsp430_obc.a(State_Handler_Entrypoint.o)
                0x00000000000095ea                state_handler_entrypoint_PI_toggle_pwr
 .either.text.state_handler_entrypoint_PI_trig_aoi
                0x000000000000960e        0x6 libmsp430_obc.a(State_Handler_Entrypoint.o)
                0x000000000000960e                state_handler_entrypoint_PI_trig_aoi
 .either.text.state_handler_entrypoint_PI_trig_mcp
                0x0000000000009614        0x6 libmsp430_obc.a(State_Handler_Entrypoint.o)
                0x0000000000009614                state_handler_entrypoint_PI_trig_mcp
 .either.text.state_handler_entrypoint_PI_trig_pwr
                0x000000000000961a       0x22 libmsp430_obc.a(State_Handler_Entrypoint.o)
                0x000000000000961a                state_handler_entrypoint_PI_trig_pwr
 .either.text.vListInitialise
                0x000000000000963c       0x20 libmsp430_obc.a(list.o)
                0x000000000000963c                vListInitialise
 .either.text.vListInitialiseItem
                0x000000000000965c        0x8 libmsp430_obc.a(list.o)
                0x000000000000965c                vListInitialiseItem
 .either.text.vListInsertEnd
                0x0000000000009664       0x2c libmsp430_obc.a(list.o)
                0x0000000000009664                vListInsertEnd
 .either.text.vListInsert
                0x0000000000009690       0x58 libmsp430_obc.a(list.o)
                0x0000000000009690                vListInsert
 .either.text.uxListRemove
                0x00000000000096e8       0x36 libmsp430_obc.a(list.o)
                0x00000000000096e8                uxListRemove
 .either.text.loc_provider_startup
                0x000000000000971e        0xa libmsp430_obc.a(loc_provider.o)
                0x000000000000971e                loc_provider_startup
 .either.text.loc_provider_PI_request_loc
                0x0000000000009728       0x4c libmsp430_obc.a(loc_provider.o)
                0x0000000000009728                loc_provider_PI_request_loc
 .either.text.vm_state_handler_entrypoint_request_loc
                0x0000000000009774        0x6 libmsp430_obc.a(msp430_obc_interface.o)
                0x0000000000009774                vm_state_handler_entrypoint_request_loc
 .either.text.vm_state_handler_entrypoint_request_tc
                0x000000000000977a        0x6 libmsp430_obc.a(msp430_obc_interface.o)
                0x000000000000977a                vm_state_handler_entrypoint_request_tc
 .either.text.vm_state_handler_entrypoint_send_tm_aoi
                0x0000000000009780       0x46 libmsp430_obc.a(msp430_obc_interface.o)
                0x0000000000009780                vm_state_handler_entrypoint_send_tm_aoi
 .either.text.vm_state_handler_entrypoint_send_tm_mcp
                0x00000000000097c6       0x46 libmsp430_obc.a(msp430_obc_interface.o)
                0x00000000000097c6                vm_state_handler_entrypoint_send_tm_mcp
 .either.text.call_state_handler_entrypoint_poll_aoi
                0x000000000000980c       0x3a libmsp430_obc.a(msp430_obc_interface.o)
                0x000000000000980c                call_state_handler_entrypoint_poll_aoi
 .either.text.call_state_handler_entrypoint_poll_mcp
                0x0000000000009846       0x3a libmsp430_obc.a(msp430_obc_interface.o)
                0x0000000000009846                call_state_handler_entrypoint_poll_mcp
 .either.text.call_state_handler_entrypoint_toggle_pwr
                0x0000000000009880       0x3a libmsp430_obc.a(msp430_obc_interface.o)
                0x0000000000009880                call_state_handler_entrypoint_toggle_pwr
 .either.text.call_state_handler_entrypoint_trig_aoi
                0x00000000000098ba       0x3a libmsp430_obc.a(msp430_obc_interface.o)
                0x00000000000098ba                call_state_handler_entrypoint_trig_aoi
 .either.text.call_state_handler_entrypoint_trig_mcp
                0x00000000000098f4       0x3a libmsp430_obc.a(msp430_obc_interface.o)
                0x00000000000098f4                call_state_handler_entrypoint_trig_mcp
 .either.text.call_state_handler_entrypoint_trig_pwr
                0x000000000000992e       0x3a libmsp430_obc.a(msp430_obc_interface.o)
                0x000000000000992e                call_state_handler_entrypoint_trig_pwr
 .either.text.state_handler_entrypoint_RI_request_loc
                0x0000000000009968       0x16 libmsp430_obc.a(state_handler_entrypoint_invoke_ri.o)
                0x0000000000009968                state_handler_entrypoint_RI_request_loc
 .either.text.state_handler_entrypoint_RI_request_tc
                0x000000000000997e       0x16 libmsp430_obc.a(state_handler_entrypoint_invoke_ri.o)
                0x000000000000997e                state_handler_entrypoint_RI_request_tc
 .either.text.state_handler_entrypoint_RI_send_tm_aoi
                0x0000000000009994        0xa libmsp430_obc.a(state_handler_entrypoint_invoke_ri.o)
                0x0000000000009994                state_handler_entrypoint_RI_send_tm_aoi
 .either.text.state_handler_entrypoint_RI_send_tm_mcp
                0x000000000000999e        0xa libmsp430_obc.a(state_handler_entrypoint_invoke_ri.o)
                0x000000000000999e                state_handler_entrypoint_RI_send_tm_mcp
 .either.text.tc_provider_startup
                0x00000000000099a8        0x2 libmsp430_obc.a(tc_provider.o)
                0x00000000000099a8                tc_provider_startup
 .either.text.tc_provider_PI_request_tc
                0x00000000000099aa       0x28 libmsp430_obc.a(tc_provider.o)
                0x00000000000099aa                tc_provider_PI_request_tc
 .either.text.tc_validation_startup
                0x00000000000099d2        0x2 libmsp430_obc.a(tc_validation.o)
                0x00000000000099d2                tc_validation_startup
 .either.text.tm_collection_startup
                0x00000000000099d4        0x2 libmsp430_obc.a(tm_collection.o)
                0x00000000000099d4                tm_collection_startup
 .either.text.tm_provider_startup
                0x00000000000099d6        0x2 libmsp430_obc.a(tm_provider.o)
                0x00000000000099d6                tm_provider_startup
 .either.text.udivmodsi4
                0x00000000000099d8       0x86 /opt/msp430-gcc/bin/../lib/gcc/msp430-elf/8.3.1/large/full-memory-range/libgcc.a(lib2divSI.o)
                0x00000000000099d8                udivmodsi4
 .either.text.__udivsi3
                0x0000000000009a5e       0x12 /opt/msp430-gcc/bin/../lib/gcc/msp430-elf/8.3.1/large/full-memory-range/libgcc.a(lib2divSI.o)
                0x0000000000009a5e                __mspabi_divul
                0x0000000000009a5e                __mspabi_divlu
 .either.text.__umodsi3
                0x0000000000009a70       0x12 /opt/msp430-gcc/bin/../lib/gcc/msp430-elf/8.3.1/large/full-memory-range/libgcc.a(lib2divSI.o)
                0x0000000000009a70                __mspabi_remul
 .either.text.__mspabi_slli
                0x0000000000009a82        0xa /opt/msp430-gcc/bin/../lib/gcc/msp430-elf/8.3.1/large/full-memory-range/libgcc.a(slli.o)
                0x0000000000009a86                __mspabi_slli
 .either.text.__mspabi_slll
                0x0000000000009a8c        0xc /opt/msp430-gcc/bin/../lib/gcc/msp430-elf/8.3.1/large/full-memory-range/libgcc.a(slli.o)
                0x0000000000009a92                __mspabi_slll
 .either.text.__mulhi2_f5
                0x0000000000009a98       0x16 /opt/msp430-gcc/bin/../lib/gcc/msp430-elf/8.3.1/large/full-memory-range/libmul_f5.a(lib2hw_mul_f5.o)
                0x0000000000009a98                __mulhi2_f5
                0x0000000000009a98                __mspabi_mpyi_f5hw
                0x0000000000009a98                __mspabi_mpyi
 .either.text.__umulhisi2
                0x0000000000009aae       0x1a /opt/msp430-gcc/bin/../lib/gcc/msp430-elf/8.3.1/large/full-memory-range/libmul_f5.a(lib2hw_mul_f5.o)
                0x0000000000009aae                __umulhisi2
                0x0000000000009aae                __mspabi_mpyul_f5hw
                0x0000000000009aae                __mspabi_mpyul
 .either.text.memcpy
                0x0000000000009ac8       0x2a /opt/msp430-gcc/bin/../lib/gcc/msp430-elf/8.3.1/../../../../msp430-elf/lib/large/full-memory-range/libc.a(lib_a-memcpy.o)
                0x0000000000009ac8                memcpy
 .either.text.memset
                0x0000000000009af2       0x1a /opt/msp430-gcc/bin/../lib/gcc/msp430-elf/8.3.1/../../../../msp430-elf/lib/large/full-memory-range/libc.a(lib_a-memset.o)
                0x0000000000009af2                memset
 .either.text.printf
                0x0000000000009b0c       0x30 /opt/msp430-gcc/bin/../lib/gcc/msp430-elf/8.3.1/../../../../msp430-elf/lib/large/full-memory-range/libc.a(lib_a-printf.o)
                0x0000000000009b0c                printf
                0x0000000000009b0c                iprintf
 .either.text.putchar
                0x0000000000009b3c       0x2a /opt/msp430-gcc/bin/../lib/gcc/msp430-elf/8.3.1/../../../../msp430-elf/lib/large/full-memory-range/libc.a(lib_a-putchar.o)
                0x0000000000009b3c                putchar
 .either.text._putc_r
                0x0000000000009b66       0x8e /opt/msp430-gcc/bin/../lib/gcc/msp430-elf/8.3.1/../../../../msp430-elf/lib/large/full-memory-range/libc.a(lib_a-putc.o)
                0x0000000000009b66                _putc_r
 .either.text._puts_r
                0x0000000000009bf4       0xce /opt/msp430-gcc/bin/../lib/gcc/msp430-elf/8.3.1/../../../../msp430-elf/lib/large/full-memory-range/libc.a(lib_a-puts.o)
                0x0000000000009bf4                _puts_r
 .either.text.puts
                0x0000000000009cc2        0xc /opt/msp430-gcc/bin/../lib/gcc/msp430-elf/8.3.1/../../../../msp430-elf/lib/large/full-memory-range/libc.a(lib_a-puts.o)
                0x0000000000009cc2                puts
 .either.text.strlen
                0x0000000000009cce       0x18 /opt/msp430-gcc/bin/../lib/gcc/msp430-elf/8.3.1/../../../../msp430-elf/lib/large/full-memory-range/libc.a(lib_a-strlen.o)
                0x0000000000009cce                strlen
 .either.text.__swbuf_r
                0x0000000000009ce6       0xdc /opt/msp430-gcc/bin/../lib/gcc/msp430-elf/8.3.1/../../../../msp430-elf/lib/large/full-memory-range/libc.a(lib_a-wbuf.o)
                0x0000000000009ce6                __swbuf_r
 .either.text.__swsetup_r
                0x0000000000009dc2      0x114 /opt/msp430-gcc/bin/../lib/gcc/msp430-elf/8.3.1/../../../../msp430-elf/lib/large/full-memory-range/libc.a(lib_a-wsetup.o)
                0x0000000000009dc2                __swsetup_r
 .either.text.__sflush_r
                0x0000000000009ed6      0x1ac /opt/msp430-gcc/bin/../lib/gcc/msp430-elf/8.3.1/../../../../msp430-elf/lib/large/full-memory-range/libc.a(lib_a-fflush.o)
                0x0000000000009ed6                __sflush_r
 .either.text._fflush_r
                0x000000000000a082       0x60 /opt/msp430-gcc/bin/../lib/gcc/msp430-elf/8.3.1/../../../../msp430-elf/lib/large/full-memory-range/libc.a(lib_a-fflush.o)
                0x000000000000a082                _fflush_r
 .either.text._cleanup_r
                0x000000000000a0e2        0xa /opt/msp430-gcc/bin/../lib/gcc/msp430-elf/8.3.1/../../../../msp430-elf/lib/large/full-memory-range/libc.a(lib_a-findfp.o)
                0x000000000000a0e2                _cleanup_r
 .either.text.std.isra.0
                0x000000000000a0ec       0x62 /opt/msp430-gcc/bin/../lib/gcc/msp430-elf/8.3.1/../../../../msp430-elf/lib/large/full-memory-range/libc.a(lib_a-findfp.o)
 .either.text.__sfmoreglue
                0x000000000000a14e       0x7c /opt/msp430-gcc/bin/../lib/gcc/msp430-elf/8.3.1/../../../../msp430-elf/lib/large/full-memory-range/libc.a(lib_a-findfp.o)
                0x000000000000a14e                __sfmoreglue
 .either.text.__sinit
                0x000000000000a1ca       0x7c /opt/msp430-gcc/bin/../lib/gcc/msp430-elf/8.3.1/../../../../msp430-elf/lib/large/full-memory-range/libc.a(lib_a-findfp.o)
                0x000000000000a1ca                __sinit
 .either.text.__sfp
                0x000000000000a246       0xc4 /opt/msp430-gcc/bin/../lib/gcc/msp430-elf/8.3.1/../../../../msp430-elf/lib/large/full-memory-range/libc.a(lib_a-findfp.o)
                0x000000000000a246                __sfp
 .either.text.__sfp_lock_acquire
                0x000000000000a30a        0x2 /opt/msp430-gcc/bin/../lib/gcc/msp430-elf/8.3.1/../../../../msp430-elf/lib/large/full-memory-range/libc.a(lib_a-findfp.o)
                0x000000000000a30a                __sfp_lock_acquire
 .either.text.__sfp_lock_release
                0x000000000000a30c        0x2 /opt/msp430-gcc/bin/../lib/gcc/msp430-elf/8.3.1/../../../../msp430-elf/lib/large/full-memory-range/libc.a(lib_a-findfp.o)
                0x000000000000a30c                __sfp_lock_release
 .either.text.__sfvwrite_r
                0x000000000000a30e      0x3f0 /opt/msp430-gcc/bin/../lib/gcc/msp430-elf/8.3.1/../../../../msp430-elf/lib/large/full-memory-range/libc.a(lib_a-fvwrite.o)
                0x000000000000a30e                __sfvwrite_r
 .either.text._fwalk_reent
                0x000000000000a6fe       0x56 /opt/msp430-gcc/bin/../lib/gcc/msp430-elf/8.3.1/../../../../msp430-elf/lib/large/full-memory-range/libc.a(lib_a-fwalk.o)
                0x000000000000a6fe                _fwalk_reent
 .either.text.__swhatbuf_r
                0x000000000000a754       0x7a /opt/msp430-gcc/bin/../lib/gcc/msp430-elf/8.3.1/../../../../msp430-elf/lib/large/full-memory-range/libc.a(lib_a-makebuf.o)
                0x000000000000a754                __swhatbuf_r
 .either.text.__smakebuf_r
                0x000000000000a7ce       0x9a /opt/msp430-gcc/bin/../lib/gcc/msp430-elf/8.3.1/../../../../msp430-elf/lib/large/full-memory-range/libc.a(lib_a-makebuf.o)
                0x000000000000a7ce                __smakebuf_r
 .either.text.memchr
                0x000000000000a868       0x24 /opt/msp430-gcc/bin/../lib/gcc/msp430-elf/8.3.1/../../../../msp430-elf/lib/large/full-memory-range/libc.a(lib_a-memchr.o)
                0x000000000000a868                memchr
 .either.text.memmove
                0x000000000000a88c       0x64 /opt/msp430-gcc/bin/../lib/gcc/msp430-elf/8.3.1/../../../../msp430-elf/lib/large/full-memory-range/libc.a(lib_a-memmove.o)
                0x000000000000a88c                memmove
 .either.text._free_r
                0x000000000000a8f0      0x12a /opt/msp430-gcc/bin/../lib/gcc/msp430-elf/8.3.1/../../../../msp430-elf/lib/large/full-memory-range/libc.a(lib_a-nano-freer.o)
                0x000000000000a8f0                _free_r
 .either.text._malloc_r
                0x000000000000aa1a      0x148 /opt/msp430-gcc/bin/../lib/gcc/msp430-elf/8.3.1/../../../../msp430-elf/lib/large/full-memory-range/libc.a(lib_a-nano-mallocr.o)
                0x000000000000aa1a                _malloc_r
 .either.text._realloc_r
                0x000000000000ab62       0x6a /opt/msp430-gcc/bin/../lib/gcc/msp430-elf/8.3.1/../../../../msp430-elf/lib/large/full-memory-range/libc.a(lib_a-nano-reallocr.o)
                0x000000000000ab62                _realloc_r
 .either.text.__sfputc_r
                0x000000000000abcc       0x38 /opt/msp430-gcc/bin/../lib/gcc/msp430-elf/8.3.1/../../../../msp430-elf/lib/large/full-memory-range/libc.a(lib_a-nano-vfprintf.o)
 .either.text.__sfputs_r
                0x000000000000ac04       0xa0 /opt/msp430-gcc/bin/../lib/gcc/msp430-elf/8.3.1/../../../../msp430-elf/lib/large/full-memory-range/libc.a(lib_a-nano-vfprintf.o)
                0x000000000000ac04                __sfputs_r
 .either.text._vfprintf_r
                0x000000000000aca4      0x2b8 /opt/msp430-gcc/bin/../lib/gcc/msp430-elf/8.3.1/../../../../msp430-elf/lib/large/full-memory-range/libc.a(lib_a-nano-vfprintf.o)
                0x000000000000aca4                _vfiprintf_r
                0x000000000000aca4                _vfprintf_r
 .either.text._sbrk_r
                0x000000000000af5c       0x28 /opt/msp430-gcc/bin/../lib/gcc/msp430-elf/8.3.1/../../../../msp430-elf/lib/large/full-memory-range/libc.a(lib_a-sbrkr.o)
                0x000000000000af5c                _sbrk_r
 .either.text.__sread
                0x000000000000af84       0x4a /opt/msp430-gcc/bin/../lib/gcc/msp430-elf/8.3.1/../../../../msp430-elf/lib/large/full-memory-range/libc.a(lib_a-stdio.o)
                0x000000000000af84                __sread
 .either.text.__swrite
                0x000000000000afce       0x4c /opt/msp430-gcc/bin/../lib/gcc/msp430-elf/8.3.1/../../../../msp430-elf/lib/large/full-memory-range/libc.a(lib_a-stdio.o)
                0x000000000000afce                __swrite
 .either.text.__sseek
                0x000000000000b01a       0x3e /opt/msp430-gcc/bin/../lib/gcc/msp430-elf/8.3.1/../../../../msp430-elf/lib/large/full-memory-range/libc.a(lib_a-stdio.o)
                0x000000000000b01a                __sseek
 .either.text.__sclose
                0x000000000000b058        0xa /opt/msp430-gcc/bin/../lib/gcc/msp430-elf/8.3.1/../../../../msp430-elf/lib/large/full-memory-range/libc.a(lib_a-stdio.o)
                0x000000000000b058                __sclose
 .either.text._write_r
                0x000000000000b062       0x30 /opt/msp430-gcc/bin/../lib/gcc/msp430-elf/8.3.1/../../../../msp430-elf/lib/large/full-memory-range/libc.a(lib_a-writer.o)
                0x000000000000b062                _write_r
 .either.text._close_r
                0x000000000000b092       0x26 /opt/msp430-gcc/bin/../lib/gcc/msp430-elf/8.3.1/../../../../msp430-elf/lib/large/full-memory-range/libc.a(lib_a-closer.o)
                0x000000000000b092                _close_r
 .either.text._fclose_r
                0x000000000000b0b8       0xd0 /opt/msp430-gcc/bin/../lib/gcc/msp430-elf/8.3.1/../../../../msp430-elf/lib/large/full-memory-range/libc.a(lib_a-fclose.o)
                0x000000000000b0b8                _fclose_r
 .either.text.__fputwc
                0x000000000000b188       0xc0 /opt/msp430-gcc/bin/../lib/gcc/msp430-elf/8.3.1/../../../../msp430-elf/lib/large/full-memory-range/libc.a(lib_a-fputwc.o)
                0x000000000000b188                __fputwc
 .either.text._fputwc_r
                0x000000000000b248       0x2a /opt/msp430-gcc/bin/../lib/gcc/msp430-elf/8.3.1/../../../../msp430-elf/lib/large/full-memory-range/libc.a(lib_a-fputwc.o)
                0x000000000000b248                _fputwc_r
 .either.text._fstat_r
                0x000000000000b272       0x28 /opt/msp430-gcc/bin/../lib/gcc/msp430-elf/8.3.1/../../../../msp430-elf/lib/large/full-memory-range/libc.a(lib_a-fstatr.o)
                0x000000000000b272                _fstat_r
 .either.text._isatty_r
                0x000000000000b29a       0x26 /opt/msp430-gcc/bin/../lib/gcc/msp430-elf/8.3.1/../../../../msp430-elf/lib/large/full-memory-range/libc.a(lib_a-isattyr.o)
                0x000000000000b29a                _isatty_r
 .either.text.__locale_charset
                0x000000000000b2c0        0x6 /opt/msp430-gcc/bin/../lib/gcc/msp430-elf/8.3.1/../../../../msp430-elf/lib/large/full-memory-range/libc.a(lib_a-locale.o)
                0x000000000000b2c0                __locale_charset
 .either.text.__locale_mb_cur_max
                0x000000000000b2c6        0x8 /opt/msp430-gcc/bin/../lib/gcc/msp430-elf/8.3.1/../../../../msp430-elf/lib/large/full-memory-range/libc.a(lib_a-locale.o)
                0x000000000000b2c6                __locale_mb_cur_max
 .either.text._lseek_r
                0x000000000000b2ce       0x32 /opt/msp430-gcc/bin/../lib/gcc/msp430-elf/8.3.1/../../../../msp430-elf/lib/large/full-memory-range/libc.a(lib_a-lseekr.o)
                0x000000000000b2ce                _lseek_r
 .either.text._malloc_usable_size_r
                0x000000000000b300       0x28 /opt/msp430-gcc/bin/../lib/gcc/msp430-elf/8.3.1/../../../../msp430-elf/lib/large/full-memory-range/libc.a(lib_a-nano-msizer.o)
                0x000000000000b300                _malloc_usable_size_r
 .either.text._printf_common
                0x000000000000b328      0x10c /opt/msp430-gcc/bin/../lib/gcc/msp430-elf/8.3.1/../../../../msp430-elf/lib/large/full-memory-range/libc.a(lib_a-nano-vfprintf_i.o)
                0x000000000000b328                _printf_common
 .either.text._printf_i
                0x000000000000b434      0x380 /opt/msp430-gcc/bin/../lib/gcc/msp430-elf/8.3.1/../../../../msp430-elf/lib/large/full-memory-range/libc.a(lib_a-nano-vfprintf_i.o)
                0x000000000000b434                _printf_i
 .either.text._read_r
                0x000000000000b7b4       0x30 /opt/msp430-gcc/bin/../lib/gcc/msp430-elf/8.3.1/../../../../msp430-elf/lib/large/full-memory-range/libc.a(lib_a-readr.o)
                0x000000000000b7b4                _read_r
 .either.text._wcrtomb_r
                0x000000000000b7e4       0x82 /opt/msp430-gcc/bin/../lib/gcc/msp430-elf/8.3.1/../../../../msp430-elf/lib/large/full-memory-range/libc.a(lib_a-wcrtomb.o)
                0x000000000000b7e4                _wcrtomb_r
 .either.text.__ascii_wctomb
                0x000000000000b866       0x28 /opt/msp430-gcc/bin/../lib/gcc/msp430-elf/8.3.1/../../../../msp430-elf/lib/large/full-memory-range/libc.a(lib_a-wctomb_r.o)
                0x000000000000b866                __ascii_wctomb
 .either.text.udivmodhi4
                0x000000000000b88e       0x40 /opt/msp430-gcc/bin/../lib/gcc/msp430-elf/8.3.1/large/full-memory-range/libgcc.a(lib2divHI.o)
                0x000000000000b88e                udivmodhi4
 .either.text.__divhi3
                0x000000000000b8ce       0x34 /opt/msp430-gcc/bin/../lib/gcc/msp430-elf/8.3.1/large/full-memory-range/libgcc.a(lib2divHI.o)
                0x000000000000b8ce                __mspabi_divi
 .either.text.isatty
                0x000000000000b902        0x4 /opt/msp430-gcc/bin/../lib/gcc/msp430-elf/8.3.1/../../../../msp430-elf/lib/large/full-memory-range/libnosys.a(ciosyscalls.o)
                0x000000000000b902                isatty
                0x000000000000b902                _isatty
 .either.text.getpid
                0x000000000000b906        0x6 /opt/msp430-gcc/bin/../lib/gcc/msp430-elf/8.3.1/../../../../msp430-elf/lib/large/full-memory-range/libnosys.a(ciosyscalls.o)
                0x000000000000b906                getpid
 .either.text.close
                0x000000000000b90c       0x10 /opt/msp430-gcc/bin/../lib/gcc/msp430-elf/8.3.1/../../../../msp430-elf/lib/large/full-memory-range/libnosys.a(ciosyscalls.o)
                0x000000000000b90c                close
 .either.text.read
                0x000000000000b91c       0x10 /opt/msp430-gcc/bin/../lib/gcc/msp430-elf/8.3.1/../../../../msp430-elf/lib/large/full-memory-range/libnosys.a(ciosyscalls.o)
                0x000000000000b91c                read
 .either.text.fstat
                0x000000000000b92c       0x10 /opt/msp430-gcc/bin/../lib/gcc/msp430-elf/8.3.1/../../../../msp430-elf/lib/large/full-memory-range/libnosys.a(ciosyscalls.o)
                0x000000000000b92c                fstat
 .either.text.lseek
                0x000000000000b93c       0x10 /opt/msp430-gcc/bin/../lib/gcc/msp430-elf/8.3.1/../../../../msp430-elf/lib/large/full-memory-range/libnosys.a(ciosyscalls.o)
                0x000000000000b93c                lseek
 .either.text.kill
                0x000000000000b94c       0x10 /opt/msp430-gcc/bin/../lib/gcc/msp430-elf/8.3.1/../../../../msp430-elf/lib/large/full-memory-range/libnosys.a(ciosyscalls.o)
                0x000000000000b94c                kill
 .either.text.write
                0x000000000000b95c       0x86 /opt/msp430-gcc/bin/../lib/gcc/msp430-elf/8.3.1/../../../../msp430-elf/lib/large/full-memory-range/libnosys.a(write.o)
                0x000000000000b95c                write
 .either.text._sbrk
                0x000000000000b9e2       0x3e /opt/msp430-gcc/bin/../lib/gcc/msp430-elf/8.3.1/../../../../msp430-elf/lib/large/full-memory-range/libnosys.a(sbrk.o)
                0x000000000000b9e2                _sbrk
                0x000000000000b9e2                sbrk
 .either.text   0x000000000000ba20        0x4 /opt/msp430-gcc/bin/../lib/gcc/msp430-elf/8.3.1/../../../../msp430-elf/lib/large/full-memory-range/libnosys.a(cio.o)
                0x000000000000ba20                C$$IO$$
                0x000000000000ba20                _libgloss_cio_hook
 .either.text.abort
                0x000000000000ba24        0xe /opt/msp430-gcc/bin/../lib/gcc/msp430-elf/8.3.1/../../../../msp430-elf/lib/large/full-memory-range/libc.a(lib_a-abort.o)
                0x000000000000ba24                abort
 .either.text.__errno
                0x000000000000ba32        0x6 /opt/msp430-gcc/bin/../lib/gcc/msp430-elf/8.3.1/../../../../msp430-elf/lib/large/full-memory-range/libc.a(lib_a-errno.o)
                0x000000000000ba32                __errno
 .either.text._raise_r
                0x000000000000ba38       0x98 /opt/msp430-gcc/bin/../lib/gcc/msp430-elf/8.3.1/../../../../msp430-elf/lib/large/full-memory-range/libc.a(lib_a-signal.o)
                0x000000000000ba38                _raise_r
 .either.text.raise
                0x000000000000bad0        0xc /opt/msp430-gcc/bin/../lib/gcc/msp430-elf/8.3.1/../../../../msp430-elf/lib/large/full-memory-range/libc.a(lib_a-signal.o)
                0x000000000000bad0                raise
 .either.text._kill_r
                0x000000000000badc       0x28 /opt/msp430-gcc/bin/../lib/gcc/msp430-elf/8.3.1/../../../../msp430-elf/lib/large/full-memory-range/libc.a(lib_a-signalr.o)
                0x000000000000badc                _kill_r
 .either.text._getpid_r
                0x000000000000bb04        0x6 /opt/msp430-gcc/bin/../lib/gcc/msp430-elf/8.3.1/../../../../msp430-elf/lib/large/full-memory-range/libc.a(lib_a-signalr.o)
                0x000000000000bb04                _getpid_r
 .either.text.exit
                0x000000000000bb0a        0x4 /opt/msp430-gcc/bin/../lib/gcc/msp430-elf/8.3.1/../../../../msp430-elf/lib/large/full-memory-range/libnosys.a(exit.o)
                0x000000000000bb0a                exit
                0x000000000000bb0a                _exit

.text           0x000000000000bb0e      0x1a2
                0x000000000000bb0e                PROVIDE (_start, .)
                0x000000000000bb0e                . = ALIGN (0x2)
 *(SORT(.crt_*))
 .crt_0000start
                0x000000000000bb0e        0x4 /opt/msp430-gcc/bin/../lib/gcc/msp430-elf/8.3.1/../../../../msp430-elf/lib/large/full-memory-range/crt0.o
                0x000000000000bb0e                __crt0_start
 .crt_0100init_bss
                0x000000000000bb12       0x10 /opt/msp430-gcc/bin/../lib/gcc/msp430-elf/8.3.1/../../../../msp430-elf/lib/large/full-memory-range/libcrt.a(crt_bss.o)
                0x000000000000bb12                __crt0_init_bss
 .crt_0200init_highbss
                0x000000000000bb22       0x12 /opt/msp430-gcc/bin/../lib/gcc/msp430-elf/8.3.1/../../../../msp430-elf/lib/large/full-memory-range/libcrt.a(crt_high_bss.o)
                0x000000000000bb22                __crt0_init_highbss
 .crt_0300movedata
                0x000000000000bb34       0x14 /opt/msp430-gcc/bin/../lib/gcc/msp430-elf/8.3.1/../../../../msp430-elf/lib/large/full-memory-range/libcrt.a(crt_movedata.o)
                0x000000000000bb34                __crt0_movedata
 .crt_0400move_highdata
                0x000000000000bb48       0x30 /opt/msp430-gcc/bin/../lib/gcc/msp430-elf/8.3.1/../../../../msp430-elf/lib/large/full-memory-range/libcrt.a(crt_move_highdata.o)
                0x000000000000bb48                __crt0_move_highdata
 .crt_0800call_main
                0x000000000000bb78        0x6 /opt/msp430-gcc/bin/../lib/gcc/msp430-elf/8.3.1/../../../../msp430-elf/lib/large/full-memory-range/libcrt.a(crt_main.o)
                0x000000000000bb78                __crt0_call_main
                0x000000000000bb7e                . = ALIGN (0x2)
 *(.lowtext)
 .lowtext       0x000000000000bb7e      0x122 libmsp430_obc.a(msp430_eusci_a_serial_minimal.o)
                0x000000000000bb7e                uart_a0_interrupt_handler
 .lowtext       0x000000000000bca0       0x10 libmsp430_obc.a(port.o)
                0x000000000000bca0                prvTickISR
                0x000000000000bcb0                . = ALIGN (0x2)
 *(.text .stub .text.* .gnu.linkonce.t.* .text:*)
 *(.text.*personality*)
 *(.gnu.warning)
 *(.interp .hash .dynsym .dynstr .gnu.version*)
                [!provide]                        PROVIDE (__etext, .)
                [!provide]                        PROVIDE (_etext, .)
                [!provide]                        PROVIDE (etext, .)
                0x000000000000bcb0                . = ALIGN (0x2)
 *(.init)
 *(.fini)
 *(.tm_clone_table)

.upper.text     0x0000000000010790        0x0
                0x0000000000010790                . = ALIGN (0x2)
 *(.upper.text.* .upper.text)

.infoA

.infoB

.infoC

.infoD

.MSP430.attributes
                0x0000000000000000       0x26
 *(.MSP430.attributes)
 .MSP430.attributes
                0x0000000000000000       0x26 /opt/msp430-gcc/bin/../lib/gcc/msp430-elf/8.3.1/../../../../msp430-elf/lib/large/full-memory-range/crt0.o
 .MSP430.attributes
                0x0000000000000026       0x26 /opt/msp430-gcc/bin/../lib/gcc/msp430-elf/8.3.1/large/full-memory-range/crtbegin_no_eh.o
 .MSP430.attributes
                0x000000000000004c       0x26 main.o
 .MSP430.attributes
                0x0000000000000072       0x26 libmsp430_obc.a(loc_provider_vm_if.o)
 .MSP430.attributes
                0x0000000000000098       0x26 libmsp430_obc.a(msp430_eusci_a_serial_minimal.o)
 .MSP430.attributes
                0x00000000000000be       0x26 libmsp430_obc.a(port.o)
 .MSP430.attributes
                0x00000000000000e4       0x26 libmsp430_obc.a(queue.o)
 .MSP430.attributes
                0x000000000000010a       0x26 libmsp430_obc.a(state_handler_entrypoint_vm_if.o)
 .MSP430.attributes
                0x0000000000000130       0x26 libmsp430_obc.a(tasks.o)
 .MSP430.attributes
                0x0000000000000156       0x26 libmsp430_obc.a(tc_provider_vm_if.o)
 .MSP430.attributes
                0x000000000000017c       0x26 libmsp430_obc.a(tc_validation_vm_if.o)
 .MSP430.attributes
                0x00000000000001a2       0x26 libmsp430_obc.a(thread_state_handler_entrypoint_poll_aoi.o)
 .MSP430.attributes
                0x00000000000001c8       0x26 libmsp430_obc.a(thread_state_handler_entrypoint_poll_mcp.o)
 .MSP430.attributes
                0x00000000000001ee       0x26 libmsp430_obc.a(thread_state_handler_entrypoint_toggle_pwr.o)
 .MSP430.attributes
                0x0000000000000214       0x26 libmsp430_obc.a(thread_state_handler_entrypoint_trig_aoi.o)
 .MSP430.attributes
                0x000000000000023a       0x26 libmsp430_obc.a(thread_state_handler_entrypoint_trig_mcp.o)
 .MSP430.attributes
                0x0000000000000260       0x26 libmsp430_obc.a(thread_state_handler_entrypoint_trig_pwr.o)
 .MSP430.attributes
                0x0000000000000286       0x26 libmsp430_obc.a(timers.o)
 .MSP430.attributes
                0x00000000000002ac       0x26 libmsp430_obc.a(tm_collection_vm_if.o)
 .MSP430.attributes
                0x00000000000002d2       0x26 libmsp430_obc.a(tm_provider_vm_if.o)
 .MSP430.attributes
                0x00000000000002f8       0x26 libmsp430_obc.a(transport.o)
 .MSP430.attributes
                0x000000000000031e       0x26 libmsp430_obc.a(State_Handler_Entrypoint.o)
 .MSP430.attributes
                0x0000000000000344       0x26 libmsp430_obc.a(drivers_config.o)
 .MSP430.attributes
                0x000000000000036a       0x26 libmsp430_obc.a(list.o)
 .MSP430.attributes
                0x0000000000000390       0x26 libmsp430_obc.a(loc_provider.o)
 .MSP430.attributes
                0x00000000000003b6       0x26 libmsp430_obc.a(msp430_obc_interface.o)
 .MSP430.attributes
                0x00000000000003dc       0x26 libmsp430_obc.a(state_handler_entrypoint_invoke_ri.o)
 .MSP430.attributes
                0x0000000000000402       0x26 libmsp430_obc.a(tc_provider.o)
 .MSP430.attributes
                0x0000000000000428       0x26 libmsp430_obc.a(tc_validation.o)
 .MSP430.attributes
                0x000000000000044e       0x26 libmsp430_obc.a(tm_collection.o)
 .MSP430.attributes
                0x0000000000000474       0x26 libmsp430_obc.a(tm_provider.o)
 .MSP430.attributes
                0x000000000000049a       0x26 /opt/msp430-gcc/bin/../lib/gcc/msp430-elf/8.3.1/large/full-memory-range/libgcc.a(lib2divSI.o)
 .MSP430.attributes
                0x00000000000004c0       0x26 /opt/msp430-gcc/bin/../lib/gcc/msp430-elf/8.3.1/large/full-memory-range/libgcc.a(slli.o)
 .MSP430.attributes
                0x00000000000004e6       0x26 /opt/msp430-gcc/bin/../lib/gcc/msp430-elf/8.3.1/large/full-memory-range/libgcc.a(_udivdi3.o)
 .MSP430.attributes
                0x000000000000050c       0x26 /opt/msp430-gcc/bin/../lib/gcc/msp430-elf/8.3.1/large/full-memory-range/libgcc.a(srli.o)
 .MSP430.attributes
                0x0000000000000532       0x26 /opt/msp430-gcc/bin/../lib/gcc/msp430-elf/8.3.1/large/full-memory-range/libgcc.a(_clzdi2.o)
 .MSP430.attributes
                0x0000000000000558       0x26 /opt/msp430-gcc/bin/../lib/gcc/msp430-elf/8.3.1/large/full-memory-range/libgcc.a(_clz.o)
 .MSP430.attributes
                0x000000000000057e       0x26 /opt/msp430-gcc/bin/../lib/gcc/msp430-elf/8.3.1/large/full-memory-range/libmul_f5.a(lib2hw_mul_f5.o)
 .MSP430.attributes
                0x00000000000005a4       0x26 /opt/msp430-gcc/bin/../lib/gcc/msp430-elf/8.3.1/../../../../msp430-elf/lib/large/full-memory-range/libc.a(lib_a-memcpy.o)
 .MSP430.attributes
                0x00000000000005ca       0x26 /opt/msp430-gcc/bin/../lib/gcc/msp430-elf/8.3.1/../../../../msp430-elf/lib/large/full-memory-range/libc.a(lib_a-memset.o)
 .MSP430.attributes
                0x00000000000005f0       0x26 /opt/msp430-gcc/bin/../lib/gcc/msp430-elf/8.3.1/../../../../msp430-elf/lib/large/full-memory-range/libc.a(lib_a-printf.o)
 .MSP430.attributes
                0x0000000000000616       0x26 /opt/msp430-gcc/bin/../lib/gcc/msp430-elf/8.3.1/../../../../msp430-elf/lib/large/full-memory-range/libc.a(lib_a-putchar.o)
 .MSP430.attributes
                0x000000000000063c       0x26 /opt/msp430-gcc/bin/../lib/gcc/msp430-elf/8.3.1/../../../../msp430-elf/lib/large/full-memory-range/libc.a(lib_a-putc.o)
 .MSP430.attributes
                0x0000000000000662       0x26 /opt/msp430-gcc/bin/../lib/gcc/msp430-elf/8.3.1/../../../../msp430-elf/lib/large/full-memory-range/libc.a(lib_a-puts.o)
 .MSP430.attributes
                0x0000000000000688       0x26 /opt/msp430-gcc/bin/../lib/gcc/msp430-elf/8.3.1/../../../../msp430-elf/lib/large/full-memory-range/libc.a(lib_a-strlen.o)
 .MSP430.attributes
                0x00000000000006ae       0x26 /opt/msp430-gcc/bin/../lib/gcc/msp430-elf/8.3.1/../../../../msp430-elf/lib/large/full-memory-range/libc.a(lib_a-wbuf.o)
 .MSP430.attributes
                0x00000000000006d4       0x26 /opt/msp430-gcc/bin/../lib/gcc/msp430-elf/8.3.1/../../../../msp430-elf/lib/large/full-memory-range/libc.a(lib_a-wsetup.o)
 .MSP430.attributes
                0x00000000000006fa       0x26 /opt/msp430-gcc/bin/../lib/gcc/msp430-elf/8.3.1/../../../../msp430-elf/lib/large/full-memory-range/libc.a(lib_a-fflush.o)
 .MSP430.attributes
                0x0000000000000720       0x26 /opt/msp430-gcc/bin/../lib/gcc/msp430-elf/8.3.1/../../../../msp430-elf/lib/large/full-memory-range/libc.a(lib_a-findfp.o)
 .MSP430.attributes
                0x0000000000000746       0x26 /opt/msp430-gcc/bin/../lib/gcc/msp430-elf/8.3.1/../../../../msp430-elf/lib/large/full-memory-range/libc.a(lib_a-fvwrite.o)
 .MSP430.attributes
                0x000000000000076c       0x26 /opt/msp430-gcc/bin/../lib/gcc/msp430-elf/8.3.1/../../../../msp430-elf/lib/large/full-memory-range/libc.a(lib_a-fwalk.o)
 .MSP430.attributes
                0x0000000000000792       0x26 /opt/msp430-gcc/bin/../lib/gcc/msp430-elf/8.3.1/../../../../msp430-elf/lib/large/full-memory-range/libc.a(lib_a-impure.o)
 .MSP430.attributes
                0x00000000000007b8       0x26 /opt/msp430-gcc/bin/../lib/gcc/msp430-elf/8.3.1/../../../../msp430-elf/lib/large/full-memory-range/libc.a(lib_a-makebuf.o)
 .MSP430.attributes
                0x00000000000007de       0x26 /opt/msp430-gcc/bin/../lib/gcc/msp430-elf/8.3.1/../../../../msp430-elf/lib/large/full-memory-range/libc.a(lib_a-memchr.o)
 .MSP430.attributes
                0x0000000000000804       0x26 /opt/msp430-gcc/bin/../lib/gcc/msp430-elf/8.3.1/../../../../msp430-elf/lib/large/full-memory-range/libc.a(lib_a-memmove.o)
 .MSP430.attributes
                0x000000000000082a       0x26 /opt/msp430-gcc/bin/../lib/gcc/msp430-elf/8.3.1/../../../../msp430-elf/lib/large/full-memory-range/libc.a(lib_a-nano-freer.o)
 .MSP430.attributes
                0x0000000000000850       0x26 /opt/msp430-gcc/bin/../lib/gcc/msp430-elf/8.3.1/../../../../msp430-elf/lib/large/full-memory-range/libc.a(lib_a-nano-mallocr.o)
 .MSP430.attributes
                0x0000000000000876       0x26 /opt/msp430-gcc/bin/../lib/gcc/msp430-elf/8.3.1/../../../../msp430-elf/lib/large/full-memory-range/libc.a(lib_a-nano-reallocr.o)
 .MSP430.attributes
                0x000000000000089c       0x26 /opt/msp430-gcc/bin/../lib/gcc/msp430-elf/8.3.1/../../../../msp430-elf/lib/large/full-memory-range/libc.a(lib_a-nano-vfprintf.o)
 .MSP430.attributes
                0x00000000000008c2       0x26 /opt/msp430-gcc/bin/../lib/gcc/msp430-elf/8.3.1/../../../../msp430-elf/lib/large/full-memory-range/libc.a(lib_a-sbrkr.o)
 .MSP430.attributes
                0x00000000000008e8       0x26 /opt/msp430-gcc/bin/../lib/gcc/msp430-elf/8.3.1/../../../../msp430-elf/lib/large/full-memory-range/libc.a(lib_a-stdio.o)
 .MSP430.attributes
                0x000000000000090e       0x26 /opt/msp430-gcc/bin/../lib/gcc/msp430-elf/8.3.1/../../../../msp430-elf/lib/large/full-memory-range/libc.a(lib_a-writer.o)
 .MSP430.attributes
                0x0000000000000934       0x26 /opt/msp430-gcc/bin/../lib/gcc/msp430-elf/8.3.1/../../../../msp430-elf/lib/large/full-memory-range/libc.a(lib_a-closer.o)
 .MSP430.attributes
                0x000000000000095a       0x26 /opt/msp430-gcc/bin/../lib/gcc/msp430-elf/8.3.1/../../../../msp430-elf/lib/large/full-memory-range/libc.a(lib_a-fclose.o)
 .MSP430.attributes
                0x0000000000000980       0x26 /opt/msp430-gcc/bin/../lib/gcc/msp430-elf/8.3.1/../../../../msp430-elf/lib/large/full-memory-range/libc.a(lib_a-fputwc.o)
 .MSP430.attributes
                0x00000000000009a6       0x26 /opt/msp430-gcc/bin/../lib/gcc/msp430-elf/8.3.1/../../../../msp430-elf/lib/large/full-memory-range/libc.a(lib_a-fstatr.o)
 .MSP430.attributes
                0x00000000000009cc       0x26 /opt/msp430-gcc/bin/../lib/gcc/msp430-elf/8.3.1/../../../../msp430-elf/lib/large/full-memory-range/libc.a(lib_a-isattyr.o)
 .MSP430.attributes
                0x00000000000009f2       0x26 /opt/msp430-gcc/bin/../lib/gcc/msp430-elf/8.3.1/../../../../msp430-elf/lib/large/full-memory-range/libc.a(lib_a-locale.o)
 .MSP430.attributes
                0x0000000000000a18       0x26 /opt/msp430-gcc/bin/../lib/gcc/msp430-elf/8.3.1/../../../../msp430-elf/lib/large/full-memory-range/libc.a(lib_a-lseekr.o)
 .MSP430.attributes
                0x0000000000000a3e       0x26 /opt/msp430-gcc/bin/../lib/gcc/msp430-elf/8.3.1/../../../../msp430-elf/lib/large/full-memory-range/libc.a(lib_a-nano-msizer.o)
 .MSP430.attributes
                0x0000000000000a64       0x26 /opt/msp430-gcc/bin/../lib/gcc/msp430-elf/8.3.1/../../../../msp430-elf/lib/large/full-memory-range/libc.a(lib_a-nano-vfprintf_i.o)
 .MSP430.attributes
                0x0000000000000a8a       0x26 /opt/msp430-gcc/bin/../lib/gcc/msp430-elf/8.3.1/../../../../msp430-elf/lib/large/full-memory-range/libc.a(lib_a-readr.o)
 .MSP430.attributes
                0x0000000000000ab0       0x26 /opt/msp430-gcc/bin/../lib/gcc/msp430-elf/8.3.1/../../../../msp430-elf/lib/large/full-memory-range/libc.a(lib_a-reent.o)
 .MSP430.attributes
                0x0000000000000ad6       0x26 /opt/msp430-gcc/bin/../lib/gcc/msp430-elf/8.3.1/../../../../msp430-elf/lib/large/full-memory-range/libc.a(lib_a-strcmp.o)
 .MSP430.attributes
                0x0000000000000afc       0x26 /opt/msp430-gcc/bin/../lib/gcc/msp430-elf/8.3.1/../../../../msp430-elf/lib/large/full-memory-range/libc.a(lib_a-wcrtomb.o)
 .MSP430.attributes
                0x0000000000000b22       0x26 /opt/msp430-gcc/bin/../lib/gcc/msp430-elf/8.3.1/../../../../msp430-elf/lib/large/full-memory-range/libc.a(lib_a-wctomb_r.o)
 .MSP430.attributes
                0x0000000000000b48       0x26 /opt/msp430-gcc/bin/../lib/gcc/msp430-elf/8.3.1/large/full-memory-range/libgcc.a(_muldi3.o)
 .MSP430.attributes
                0x0000000000000b6e       0x26 /opt/msp430-gcc/bin/../lib/gcc/msp430-elf/8.3.1/large/full-memory-range/libgcc.a(lib2divHI.o)
 .MSP430.attributes
                0x0000000000000b94       0x26 /opt/msp430-gcc/bin/../lib/gcc/msp430-elf/8.3.1/../../../../msp430-elf/lib/large/full-memory-range/libcrt.a(crt_bss.o)
 .MSP430.attributes
                0x0000000000000bba       0x26 /opt/msp430-gcc/bin/../lib/gcc/msp430-elf/8.3.1/../../../../msp430-elf/lib/large/full-memory-range/libcrt.a(crt_high_bss.o)
 .MSP430.attributes
                0x0000000000000be0       0x26 /opt/msp430-gcc/bin/../lib/gcc/msp430-elf/8.3.1/../../../../msp430-elf/lib/large/full-memory-range/libcrt.a(crt_movedata.o)
 .MSP430.attributes
                0x0000000000000c06       0x26 /opt/msp430-gcc/bin/../lib/gcc/msp430-elf/8.3.1/../../../../msp430-elf/lib/large/full-memory-range/libcrt.a(crt_move_highdata.o)
 .MSP430.attributes
                0x0000000000000c2c       0x26 /opt/msp430-gcc/bin/../lib/gcc/msp430-elf/8.3.1/../../../../msp430-elf/lib/large/full-memory-range/libcrt.a(crt_main.o)
 .MSP430.attributes
                0x0000000000000c52       0x26 /opt/msp430-gcc/bin/../lib/gcc/msp430-elf/8.3.1/../../../../msp430-elf/lib/large/full-memory-range/libnosys.a(ciosyscalls.o)
 .MSP430.attributes
                0x0000000000000c78       0x26 /opt/msp430-gcc/bin/../lib/gcc/msp430-elf/8.3.1/../../../../msp430-elf/lib/large/full-memory-range/libnosys.a(write.o)
 .MSP430.attributes
                0x0000000000000c9e       0x26 /opt/msp430-gcc/bin/../lib/gcc/msp430-elf/8.3.1/../../../../msp430-elf/lib/large/full-memory-range/libnosys.a(sbrk.o)
 .MSP430.attributes
                0x0000000000000cc4       0x26 /opt/msp430-gcc/bin/../lib/gcc/msp430-elf/8.3.1/../../../../msp430-elf/lib/large/full-memory-range/libnosys.a(cio.o)
 .MSP430.attributes
                0x0000000000000cea       0x26 /opt/msp430-gcc/bin/../lib/gcc/msp430-elf/8.3.1/../../../../msp430-elf/lib/large/full-memory-range/libc.a(lib_a-abort.o)
 .MSP430.attributes
                0x0000000000000d10       0x26 /opt/msp430-gcc/bin/../lib/gcc/msp430-elf/8.3.1/../../../../msp430-elf/lib/large/full-memory-range/libc.a(lib_a-errno.o)
 .MSP430.attributes
                0x0000000000000d36       0x26 /opt/msp430-gcc/bin/../lib/gcc/msp430-elf/8.3.1/../../../../msp430-elf/lib/large/full-memory-range/libc.a(lib_a-signal.o)
 .MSP430.attributes
                0x0000000000000d5c       0x26 /opt/msp430-gcc/bin/../lib/gcc/msp430-elf/8.3.1/../../../../msp430-elf/lib/large/full-memory-range/libc.a(lib_a-signalr.o)
 .MSP430.attributes
                0x0000000000000d82       0x26 /opt/msp430-gcc/bin/../lib/gcc/msp430-elf/8.3.1/../../../../msp430-elf/lib/large/full-memory-range/libnosys.a(exit.o)
 .MSP430.attributes
                0x0000000000000da8       0x26 /opt/msp430-gcc/bin/../lib/gcc/msp430-elf/8.3.1/large/full-memory-range/crtend_no_eh.o
 *(.gnu.attributes)
 *(__TI_build_attributes)

.stab
 *(.stab)

.stabstr
 *(.stabstr)

.stab.excl
 *(.stab.excl)

.stab.exclstr
 *(.stab.exclstr)

.stab.index
 *(.stab.index)

.stab.indexstr
 *(.stab.indexstr)

.comment        0x0000000000000000       0x39
 *(.comment)
 .comment       0x0000000000000000       0x39 /opt/msp430-gcc/bin/../lib/gcc/msp430-elf/8.3.1/large/full-memory-range/crtbegin_no_eh.o
                                         0x3a (size before relaxing)
 .comment       0x0000000000000039       0x3a main.o
 .comment       0x0000000000000039       0x3a libmsp430_obc.a(loc_provider_vm_if.o)
 .comment       0x0000000000000039       0x3a libmsp430_obc.a(msp430_eusci_a_serial_minimal.o)
 .comment       0x0000000000000039       0x3a libmsp430_obc.a(port.o)
 .comment       0x0000000000000039       0x3a libmsp430_obc.a(queue.o)
 .comment       0x0000000000000039       0x3a libmsp430_obc.a(state_handler_entrypoint_vm_if.o)
 .comment       0x0000000000000039       0x3a libmsp430_obc.a(tasks.o)
 .comment       0x0000000000000039       0x3a libmsp430_obc.a(tc_provider_vm_if.o)
 .comment       0x0000000000000039       0x3a libmsp430_obc.a(tc_validation_vm_if.o)
 .comment       0x0000000000000039       0x3a libmsp430_obc.a(thread_state_handler_entrypoint_poll_aoi.o)
 .comment       0x0000000000000039       0x3a libmsp430_obc.a(thread_state_handler_entrypoint_poll_mcp.o)
 .comment       0x0000000000000039       0x3a libmsp430_obc.a(thread_state_handler_entrypoint_toggle_pwr.o)
 .comment       0x0000000000000039       0x3a libmsp430_obc.a(thread_state_handler_entrypoint_trig_aoi.o)
 .comment       0x0000000000000039       0x3a libmsp430_obc.a(thread_state_handler_entrypoint_trig_mcp.o)
 .comment       0x0000000000000039       0x3a libmsp430_obc.a(thread_state_handler_entrypoint_trig_pwr.o)
 .comment       0x0000000000000039       0x3a libmsp430_obc.a(timers.o)
 .comment       0x0000000000000039       0x3a libmsp430_obc.a(tm_collection_vm_if.o)
 .comment       0x0000000000000039       0x3a libmsp430_obc.a(tm_provider_vm_if.o)
 .comment       0x0000000000000039       0x3a libmsp430_obc.a(transport.o)
 .comment       0x0000000000000039       0x3a libmsp430_obc.a(State_Handler_Entrypoint.o)
 .comment       0x0000000000000039       0x3a libmsp430_obc.a(drivers_config.o)
 .comment       0x0000000000000039       0x3a libmsp430_obc.a(list.o)
 .comment       0x0000000000000039       0x3a libmsp430_obc.a(loc_provider.o)
 .comment       0x0000000000000039       0x3a libmsp430_obc.a(msp430_obc_interface.o)
 .comment       0x0000000000000039       0x3a libmsp430_obc.a(state_handler_entrypoint_invoke_ri.o)
 .comment       0x0000000000000039       0x3a libmsp430_obc.a(tc_provider.o)
 .comment       0x0000000000000039       0x3a libmsp430_obc.a(tc_validation.o)
 .comment       0x0000000000000039       0x3a libmsp430_obc.a(tm_collection.o)
 .comment       0x0000000000000039       0x3a libmsp430_obc.a(tm_provider.o)
 .comment       0x0000000000000039       0x3a /opt/msp430-gcc/bin/../lib/gcc/msp430-elf/8.3.1/large/full-memory-range/libgcc.a(lib2divSI.o)
 .comment       0x0000000000000039       0x3a /opt/msp430-gcc/bin/../lib/gcc/msp430-elf/8.3.1/large/full-memory-range/libgcc.a(_udivdi3.o)
 .comment       0x0000000000000039       0x3a /opt/msp430-gcc/bin/../lib/gcc/msp430-elf/8.3.1/large/full-memory-range/libgcc.a(_clzdi2.o)
 .comment       0x0000000000000039       0x3a /opt/msp430-gcc/bin/../lib/gcc/msp430-elf/8.3.1/large/full-memory-range/libgcc.a(_clz.o)
 .comment       0x0000000000000039       0x3a /opt/msp430-gcc/bin/../lib/gcc/msp430-elf/8.3.1/../../../../msp430-elf/lib/large/full-memory-range/libc.a(lib_a-memcpy.o)
 .comment       0x0000000000000039       0x3a /opt/msp430-gcc/bin/../lib/gcc/msp430-elf/8.3.1/../../../../msp430-elf/lib/large/full-memory-range/libc.a(lib_a-memset.o)
 .comment       0x0000000000000039       0x3a /opt/msp430-gcc/bin/../lib/gcc/msp430-elf/8.3.1/../../../../msp430-elf/lib/large/full-memory-range/libc.a(lib_a-printf.o)
 .comment       0x0000000000000039       0x3a /opt/msp430-gcc/bin/../lib/gcc/msp430-elf/8.3.1/../../../../msp430-elf/lib/large/full-memory-range/libc.a(lib_a-putchar.o)
 .comment       0x0000000000000039       0x3a /opt/msp430-gcc/bin/../lib/gcc/msp430-elf/8.3.1/../../../../msp430-elf/lib/large/full-memory-range/libc.a(lib_a-putc.o)
 .comment       0x0000000000000039       0x3a /opt/msp430-gcc/bin/../lib/gcc/msp430-elf/8.3.1/../../../../msp430-elf/lib/large/full-memory-range/libc.a(lib_a-puts.o)
 .comment       0x0000000000000039       0x3a /opt/msp430-gcc/bin/../lib/gcc/msp430-elf/8.3.1/../../../../msp430-elf/lib/large/full-memory-range/libc.a(lib_a-strlen.o)
 .comment       0x0000000000000039       0x3a /opt/msp430-gcc/bin/../lib/gcc/msp430-elf/8.3.1/../../../../msp430-elf/lib/large/full-memory-range/libc.a(lib_a-wbuf.o)
 .comment       0x0000000000000039       0x3a /opt/msp430-gcc/bin/../lib/gcc/msp430-elf/8.3.1/../../../../msp430-elf/lib/large/full-memory-range/libc.a(lib_a-wsetup.o)
 .comment       0x0000000000000039       0x3a /opt/msp430-gcc/bin/../lib/gcc/msp430-elf/8.3.1/../../../../msp430-elf/lib/large/full-memory-range/libc.a(lib_a-fflush.o)
 .comment       0x0000000000000039       0x3a /opt/msp430-gcc/bin/../lib/gcc/msp430-elf/8.3.1/../../../../msp430-elf/lib/large/full-memory-range/libc.a(lib_a-findfp.o)
 .comment       0x0000000000000039       0x3a /opt/msp430-gcc/bin/../lib/gcc/msp430-elf/8.3.1/../../../../msp430-elf/lib/large/full-memory-range/libc.a(lib_a-fvwrite.o)
 .comment       0x0000000000000039       0x3a /opt/msp430-gcc/bin/../lib/gcc/msp430-elf/8.3.1/../../../../msp430-elf/lib/large/full-memory-range/libc.a(lib_a-fwalk.o)
 .comment       0x0000000000000039       0x3a /opt/msp430-gcc/bin/../lib/gcc/msp430-elf/8.3.1/../../../../msp430-elf/lib/large/full-memory-range/libc.a(lib_a-impure.o)
 .comment       0x0000000000000039       0x3a /opt/msp430-gcc/bin/../lib/gcc/msp430-elf/8.3.1/../../../../msp430-elf/lib/large/full-memory-range/libc.a(lib_a-makebuf.o)
 .comment       0x0000000000000039       0x3a /opt/msp430-gcc/bin/../lib/gcc/msp430-elf/8.3.1/../../../../msp430-elf/lib/large/full-memory-range/libc.a(lib_a-memchr.o)
 .comment       0x0000000000000039       0x3a /opt/msp430-gcc/bin/../lib/gcc/msp430-elf/8.3.1/../../../../msp430-elf/lib/large/full-memory-range/libc.a(lib_a-memmove.o)
 .comment       0x0000000000000039       0x3a /opt/msp430-gcc/bin/../lib/gcc/msp430-elf/8.3.1/../../../../msp430-elf/lib/large/full-memory-range/libc.a(lib_a-nano-freer.o)
 .comment       0x0000000000000039       0x3a /opt/msp430-gcc/bin/../lib/gcc/msp430-elf/8.3.1/../../../../msp430-elf/lib/large/full-memory-range/libc.a(lib_a-nano-mallocr.o)
 .comment       0x0000000000000039       0x3a /opt/msp430-gcc/bin/../lib/gcc/msp430-elf/8.3.1/../../../../msp430-elf/lib/large/full-memory-range/libc.a(lib_a-nano-reallocr.o)
 .comment       0x0000000000000039       0x3a /opt/msp430-gcc/bin/../lib/gcc/msp430-elf/8.3.1/../../../../msp430-elf/lib/large/full-memory-range/libc.a(lib_a-nano-vfprintf.o)
 .comment       0x0000000000000039       0x3a /opt/msp430-gcc/bin/../lib/gcc/msp430-elf/8.3.1/../../../../msp430-elf/lib/large/full-memory-range/libc.a(lib_a-sbrkr.o)
 .comment       0x0000000000000039       0x3a /opt/msp430-gcc/bin/../lib/gcc/msp430-elf/8.3.1/../../../../msp430-elf/lib/large/full-memory-range/libc.a(lib_a-stdio.o)
 .comment       0x0000000000000039       0x3a /opt/msp430-gcc/bin/../lib/gcc/msp430-elf/8.3.1/../../../../msp430-elf/lib/large/full-memory-range/libc.a(lib_a-writer.o)
 .comment       0x0000000000000039       0x3a /opt/msp430-gcc/bin/../lib/gcc/msp430-elf/8.3.1/../../../../msp430-elf/lib/large/full-memory-range/libc.a(lib_a-closer.o)
 .comment       0x0000000000000039       0x3a /opt/msp430-gcc/bin/../lib/gcc/msp430-elf/8.3.1/../../../../msp430-elf/lib/large/full-memory-range/libc.a(lib_a-fclose.o)
 .comment       0x0000000000000039       0x3a /opt/msp430-gcc/bin/../lib/gcc/msp430-elf/8.3.1/../../../../msp430-elf/lib/large/full-memory-range/libc.a(lib_a-fputwc.o)
 .comment       0x0000000000000039       0x3a /opt/msp430-gcc/bin/../lib/gcc/msp430-elf/8.3.1/../../../../msp430-elf/lib/large/full-memory-range/libc.a(lib_a-fstatr.o)
 .comment       0x0000000000000039       0x3a /opt/msp430-gcc/bin/../lib/gcc/msp430-elf/8.3.1/../../../../msp430-elf/lib/large/full-memory-range/libc.a(lib_a-isattyr.o)
 .comment       0x0000000000000039       0x3a /opt/msp430-gcc/bin/../lib/gcc/msp430-elf/8.3.1/../../../../msp430-elf/lib/large/full-memory-range/libc.a(lib_a-locale.o)
 .comment       0x0000000000000039       0x3a /opt/msp430-gcc/bin/../lib/gcc/msp430-elf/8.3.1/../../../../msp430-elf/lib/large/full-memory-range/libc.a(lib_a-lseekr.o)
 .comment       0x0000000000000039       0x3a /opt/msp430-gcc/bin/../lib/gcc/msp430-elf/8.3.1/../../../../msp430-elf/lib/large/full-memory-range/libc.a(lib_a-nano-msizer.o)